<html>
<body>
<pre>
<h1>礦ision Build Log</h1>
<h2>Project:</h2>
C:\Users\asus\Desktop\电波钟\Radio-Controlled-Clock_BPC-China-main\TEST_CODE\TEMPLE\USER\GPIO.uvprojx
Project File Date:  12/11/2023

<h2>Output:</h2>
Rebuild target 'Target 1'
compiling main.c...
compiling stm32f10x_it.c...
compiling core_cm3.c...
compiling system_stm32f10x.c...
compiling stm32f10x_gpio.c...
compiling stm32f10x_rcc.c...
compiling misc.c...
compiling stm32f10x_adc.c...
compiling stm32f10x_bkp.c...
compiling stm32f10x_can.c...
compiling stm32f10x_cec.c...
compiling stm32f10x_crc.c...
compiling stm32f10x_dac.c...
compiling stm32f10x_dbgmcu.c...
compiling stm32f10x_dma.c...
compiling stm32f10x_exti.c...
compiling stm32f10x_flash.c...
compiling stm32f10x_fsmc.c...
compiling stm32f10x_i2c.c...
compiling stm32f10x_iwdg.c...
compiling stm32f10x_pwr.c...
compiling stm32f10x_rtc.c...
compiling stm32f10x_sdio.c...
compiling stm32f10x_spi.c...
compiling stm32f10x_tim.c...
compiling stm32f10x_usart.c...
compiling stm32f10x_wwdg.c...
assembling startup_stm32f10x_hd.s...
compiling USART.c...
compiling GPIO.c...
compiling Sys_Tick.c...
compiling BPC_DECODE.c...
linking...
Program Size: Code=3308 RO-data=404 RW-data=56 ZI-data=1048  
FromELF: creating hex file...
".\Objects\a.axf" - 0 Error(s), 0 Warning(s).
E\BPC_DECODE.c(78): warning:  #9-D: nested comment is not allowed
        /********************校验第二阶段数据********************/
BPC_DECODE\BPC_DECODE.c(13): warning:  #177-D: variable "x" was declared but never referenced
        uint8_t x=0;
BPC_DECODE\BPC_DECODE.c: 3 warnings, 0 errors
linking...
Program Size: Code=3128 RO-data=404 RW-data=56 ZI-data=1048  
FromELF: creating hex file...
".\Objects\a.axf" - 0 Error(s), 3 Warning(s).
