Product: MDK-ARM Lite 5.10
Component: ARM Compiler 5.04 update 1 (build 49)
Tool: armlink [5040049]

==============================================================================

Section Cross References

    startup_stm32f103xb.o(STACK) refers (Special) to heapauxi.o(.text) for __use_two_region_memory
    startup_stm32f103xb.o(HEAP) refers (Special) to heapauxi.o(.text) for __use_two_region_memory
    startup_stm32f103xb.o(RESET) refers (Special) to heapauxi.o(.text) for __use_two_region_memory
    startup_stm32f103xb.o(RESET) refers to startup_stm32f103xb.o(STACK) for __initial_sp
    startup_stm32f103xb.o(RESET) refers to startup_stm32f103xb.o(.text) for Reset_Handler
    startup_stm32f103xb.o(RESET) refers to stm32f1xx_it.o(i.NMI_Handler) for NMI_Handler
    startup_stm32f103xb.o(RESET) refers to context_rvds.o(.text) for HardFault_Handler
    startup_stm32f103xb.o(RESET) refers to stm32f1xx_it.o(i.MemManage_Handler) for MemManage_Handler
    startup_stm32f103xb.o(RESET) refers to stm32f1xx_it.o(i.BusFault_Handler) for BusFault_Handler
    startup_stm32f103xb.o(RESET) refers to stm32f1xx_it.o(i.UsageFault_Handler) for UsageFault_Handler
    startup_stm32f103xb.o(RESET) refers to stm32f1xx_it.o(i.DebugMon_Handler) for DebugMon_Handler
    startup_stm32f103xb.o(RESET) refers to board.o(i.SysTick_Handler) for SysTick_Handler
    startup_stm32f103xb.o(RESET) refers to stm32f1xx_it.o(i.USART1_IRQHandler) for USART1_IRQHandler
    startup_stm32f103xb.o(.text) refers (Special) to heapauxi.o(.text) for __use_two_region_memory
    startup_stm32f103xb.o(.text) refers to system_stm32f1xx.o(i.SystemInit) for SystemInit
    startup_stm32f103xb.o(.text) refers to __main.o(!!!main) for __main
    startup_stm32f103xb.o(.text) refers to startup_stm32f103xb.o(HEAP) for Heap_Mem
    startup_stm32f103xb.o(.text) refers to startup_stm32f103xb.o(STACK) for Stack_Mem
    bpc_decode.o(i.BPC_timer_callback) refers to bpc_decode.o(i.GPIO_ReadInputDataBit) for GPIO_ReadInputDataBit
    bpc_decode.o(i.BPC_timer_callback) refers to bpc_decode.o(.data) for .data
    bpc_decode.o(i.BPC_timer_callback) refers to bpc_decode.o(.bss) for .bss
    bpc_decode.o(i.GPIO_ReadInputDataBit) refers to stm32f1xx_hal_gpio.o(i.HAL_GPIO_ReadPin) for HAL_GPIO_ReadPin
    bpc_decode.o(i.startGetTime) refers to timer.o(i.rt_timer_create) for rt_timer_create
    bpc_decode.o(i.startGetTime) refers to kservice.o(i.rt_kprintf) for rt_kprintf
    bpc_decode.o(i.startGetTime) refers to timer.o(i.rt_timer_start) for rt_timer_start
    bpc_decode.o(i.startGetTime) refers to bpc_decode.o(i.BPC_DECODE) for BPC_DECODE
    bpc_decode.o(i.startGetTime) refers to bpc_decode.o(i.BPC_timer_callback) for BPC_timer_callback
    bpc_decode.o(i.startGetTime) refers to bpc_decode.o(.data) for .data
    bpc_decode.o(i.startGetTime) refers to bpc_decode.o(.bss) for .bss
    main.o(i.SystemClock_Config) refers to rt_memclr_w.o(.text) for __aeabi_memclr4
    main.o(i.SystemClock_Config) refers to stm32f1xx_hal_rcc.o(i.HAL_RCC_OscConfig) for HAL_RCC_OscConfig
    main.o(i.SystemClock_Config) refers to stm32f1xx_hal_rcc.o(i.HAL_RCC_ClockConfig) for HAL_RCC_ClockConfig
    main.o(i.main) refers to stm32f1xx_hal.o(i.HAL_Init) for HAL_Init
    main.o(i.main) refers to main.o(i.SystemClock_Config) for SystemClock_Config
    main.o(i.main) refers to gpio.o(i.MX_GPIO_Init) for MX_GPIO_Init
    main.o(i.main) refers to i2c.o(i.MX_I2C1_Init) for MX_I2C1_Init
    main.o(i.main) refers to usart.o(i.MX_USART1_UART_Init) for MX_USART1_UART_Init
    main.o(i.main) refers to thread.o(i.rt_thread_mdelay) for rt_thread_mdelay
    main.o(i.main) refers to kservice.o(i.rt_kprintf) for rt_kprintf
    main.o(i.main) refers to bpc_decode.o(i.startGetTime) for startGetTime
    gpio.o(i.MX_GPIO_Init) refers to stm32f1xx_hal_gpio.o(i.HAL_GPIO_Init) for HAL_GPIO_Init
    i2c.o(i.HAL_I2C_MspDeInit) refers to stm32f1xx_hal_gpio.o(i.HAL_GPIO_DeInit) for HAL_GPIO_DeInit
    i2c.o(i.HAL_I2C_MspInit) refers to stm32f1xx_hal_gpio.o(i.HAL_GPIO_Init) for HAL_GPIO_Init
    i2c.o(i.MX_I2C1_Init) refers to stm32f1xx_hal_i2c.o(i.HAL_I2C_Init) for HAL_I2C_Init
    i2c.o(i.MX_I2C1_Init) refers to main.o(i.Error_Handler) for Error_Handler
    i2c.o(i.MX_I2C1_Init) refers to i2c.o(.bss) for .bss
    usart.o(i.HAL_UART_MspDeInit) refers to stm32f1xx_hal_gpio.o(i.HAL_GPIO_DeInit) for HAL_GPIO_DeInit
    usart.o(i.HAL_UART_MspDeInit) refers to stm32f1xx_hal_cortex.o(i.HAL_NVIC_DisableIRQ) for HAL_NVIC_DisableIRQ
    usart.o(i.HAL_UART_MspInit) refers to stm32f1xx_hal_gpio.o(i.HAL_GPIO_Init) for HAL_GPIO_Init
    usart.o(i.HAL_UART_MspInit) refers to stm32f1xx_hal_cortex.o(i.HAL_NVIC_SetPriority) for HAL_NVIC_SetPriority
    usart.o(i.HAL_UART_MspInit) refers to stm32f1xx_hal_cortex.o(i.HAL_NVIC_EnableIRQ) for HAL_NVIC_EnableIRQ
    usart.o(i.MX_USART1_UART_Init) refers to stm32f1xx_hal_uart.o(i.HAL_UART_Init) for HAL_UART_Init
    usart.o(i.MX_USART1_UART_Init) refers to main.o(i.Error_Handler) for Error_Handler
[...]
    i.rt_hw_hard_fault_exception             0x08002eac   Section        0  cpuport.o(i.rt_hw_hard_fault_exception)
    i.rt_hw_stack_init                       0x080030a8   Section        0  cpuport.o(i.rt_hw_stack_init)
    i.rt_interrupt_enter                     0x080030e0   Section        0  irq.o(i.rt_interrupt_enter)
    i.rt_interrupt_leave                     0x080030fc   Section        0  irq.o(i.rt_interrupt_leave)
    i.rt_kprintf                             0x08003118   Section        0  kservice.o(i.rt_kprintf)
    i.rt_list_insert_after                   0x08003138   Section        0  object.o(i.rt_list_insert_after)
    rt_list_insert_after                     0x08003139   Thumb Code    14  object.o(i.rt_list_insert_after)
    i.rt_list_insert_after                   0x08003146   Section        0  thread.o(i.rt_list_insert_after)
    rt_list_insert_after                     0x08003147   Thumb Code    14  thread.o(i.rt_list_insert_after)
    i.rt_list_insert_after                   0x08003154   Section        0  timer.o(i.rt_list_insert_after)
    rt_list_insert_after                     0x08003155   Thumb Code    14  timer.o(i.rt_list_insert_after)
    i.rt_list_insert_before                  0x08003162   Section        0  ipc.o(i.rt_list_insert_before)
    rt_list_insert_before                    0x08003163   Thumb Code    14  ipc.o(i.rt_list_insert_before)
    i.rt_list_len                            0x08003170   Section        0  cmd.o(i.rt_list_len)
    rt_list_len                              0x08003171   Thumb Code    18  cmd.o(i.rt_list_len)
    i.rt_list_remove                         0x08003182   Section        0  object.o(i.rt_list_remove)
    rt_list_remove                           0x08003183   Thumb Code    18  object.o(i.rt_list_remove)
    i.rt_list_remove                         0x08003194   Section        0  thread.o(i.rt_list_remove)
    rt_list_remove                           0x08003195   Thumb Code    18  thread.o(i.rt_list_remove)
    i.rt_list_remove                         0x080031a6   Section        0  timer.o(i.rt_list_remove)
    rt_list_remove                           0x080031a7   Thumb Code    18  timer.o(i.rt_list_remove)
    i.rt_malloc                              0x080031b8   Section        0  mem.o(i.rt_malloc)
    i.rt_memmove                             0x080032a8   Section        0  kservice.o(i.rt_memmove)
    i.rt_memset                              0x080032dc   Section        0  kservice.o(i.rt_memset)
    i.rt_object_allocate                     0x08003322   Section        0  object.o(i.rt_object_allocate)
    i.rt_object_delete                       0x08003372   Section        0  object.o(i.rt_object_delete)
    i.rt_object_detach                       0x08003398   Section        0  object.o(i.rt_object_detach)
    i.rt_object_get_information              0x080033b8   Section        0  object.o(i.rt_object_get_information)
    i.rt_object_init                         0x080033dc   Section        0  object.o(i.rt_object_init)
    i.rt_object_is_systemobject              0x0800342c   Section        0  object.o(i.rt_object_is_systemobject)
    i.rt_schedule                            0x0800343c   Section        0  scheduler.o(i.rt_schedule)
    i.rt_schedule_insert_thread              0x08003494   Section        0  scheduler.o(i.rt_schedule_insert_thread)
    i.rt_schedule_remove_thread              0x080034e4   Section        0  scheduler.o(i.rt_schedule_remove_thread)
    i.rt_sem_init                            0x0800352c   Section        0  ipc.o(i.rt_sem_init)
    i.rt_sem_release                         0x08003550   Section        0  ipc.o(i.rt_sem_release)
    i.rt_sem_take                            0x0800359a   Section        0  ipc.o(i.rt_sem_take)
    i.rt_show_version                        0x08003648   Section        0  kservice.o(i.rt_show_version)
    i.rt_strlen                              0x080036f8   Section        0  kservice.o(i.rt_strlen)
    i.rt_strncpy                             0x08003708   Section        0  kservice.o(i.rt_strncpy)
    i.rt_system_heap_init                    0x08003730   Section        0  mem.o(i.rt_system_heap_init)
    i.rt_system_scheduler_init               0x080037dc   Section        0  scheduler.o(i.rt_system_scheduler_init)
    i.rt_system_scheduler_start              0x08003810   Section        0  scheduler.o(i.rt_system_scheduler_start)
    i.rt_system_timer_init                   0x08003838   Section        0  timer.o(i.rt_system_timer_init)
    i.rt_system_timer_thread_init            0x08003844   Section        0  timer.o(i.rt_system_timer_thread_init)
    i.rt_thread_create                       0x08003846   Section        0  thread.o(i.rt_thread_create)
    i.rt_thread_exit                         0x08003890   Section        0  thread.o(i.rt_thread_exit)
    i.rt_thread_idle_entry                   0x080038ec   Section        0  idle.o(i.rt_thread_idle_entry)
    rt_thread_idle_entry                     0x080038ed   Thumb Code     6  idle.o(i.rt_thread_idle_entry)
    i.rt_thread_idle_excute                  0x080038f4   Section        0  idle.o(i.rt_thread_idle_excute)
    i.rt_thread_idle_init                    0x08003940   Section        0  idle.o(i.rt_thread_idle_init)
    i.rt_thread_init                         0x08003978   Section        0  thread.o(i.rt_thread_init)
    i.rt_thread_mdelay                       0x080039a8   Section        0  thread.o(i.rt_thread_mdelay)
    i.rt_thread_resume                       0x080039b6   Section        0  thread.o(i.rt_thread_resume)
    i.rt_thread_self                         0x080039f4   Section        0  thread.o(i.rt_thread_self)
    i.rt_thread_sleep                        0x08003a00   Section        0  thread.o(i.rt_thread_sleep)
    i.rt_thread_startup                      0x08003a40   Section        0  thread.o(i.rt_thread_startup)
    i.rt_thread_suspend                      0x08003a6c   Section        0  thread.o(i.rt_thread_suspend)
    i.rt_thread_timeout                      0x08003aae   Section        0  thread.o(i.rt_thread_timeout)
    i.rt_thread_yield                        0x08003ad0   Section        0  thread.o(i.rt_thread_yield)
    i.rt_tick_from_millisecond               0x08003b30   Section        0  clock.o(i.rt_tick_from_millisecond)
    i.rt_tick_get                            0x08003b64   Section        0  clock.o(i.rt_tick_get)
    i.rt_tick_increase                       0x08003b70   Section        0  clock.o(i.rt_tick_increase)
    i.rt_timer_check                         0x08003b9c   Section        0  timer.o(i.rt_timer_check)
    i.rt_timer_control                       0x08003c28   Section        0  timer.o(i.rt_timer_control)
    i.rt_timer_create                        0x08003c70   Section        0  timer.o(i.rt_timer_create)
    i.rt_timer_detach                        0x08003c9e   Section        0  timer.o(i.rt_timer_detach)
    i.rt_timer_init                          0x08003cc6   Section        0  timer.o(i.rt_timer_init)
    i.rt_timer_start                         0x08003cf0   Section        0  timer.o(i.rt_timer_start)
    i.rt_timer_stop                          0x08003d74   Section        0  timer.o(i.rt_timer_stop)
    i.rt_vsnprintf                           0x08003da4   Section        0  kservice.o(i.rt_vsnprintf)
    i.rti_board_end                          0x08004028   Section        0  components.o(i.rti_board_end)
    rti_board_end                            0x08004029   Thumb Code     4  components.o(i.rti_board_end)
    i.rti_board_start                        0x0800402c   Section        0  components.o(i.rti_board_start)
    rti_board_start                          0x0800402d   Thumb Code     4  components.o(i.rti_board_start)
    i.rti_end                                0x08004030   Section        0  components.o(i.rti_end)
    rti_end                                  0x08004031   Thumb Code     4  components.o(i.rti_end)
    i.rti_start                              0x08004034   Section        0  components.o(i.rti_start)
    rti_start                                0x08004035   Thumb Code     4  components.o(i.rti_start)
    i.rtthread_startup                       0x08004038   Section        0  components.o(i.rtthread_startup)
    i.skip_atoi                              0x08004062   Section        0  kservice.o(i.skip_atoi)
    skip_atoi                                0x08004063   Thumb Code    40  kservice.o(i.skip_atoi)
    i.startGetTime                           0x0800408c   Section        0  bpc_decode.o(i.startGetTime)
    i.uart_init                              0x080042c4   Section        0  board.o(i.uart_init)
    uart_init                                0x080042c5   Thumb Code    42  board.o(i.uart_init)
    i.usage_fault_track                      0x080042f8   Section        0  cpuport.o(i.usage_fault_track)
    usage_fault_track                        0x080042f9   Thumb Code   100  cpuport.o(i.usage_fault_track)
    i.version                                0x080043c8   Section        0  cmd.o(i.version)
    .constdata                               0x080043d2   Section       18  stm32f1xx_hal_rcc.o(.constdata)
    aPredivFactorTable                       0x080043d2   Data           2  stm32f1xx_hal_rcc.o(.constdata)
    aPLLMULFactorTable                       0x080043d4   Data          16  stm32f1xx_hal_rcc.o(.constdata)
    .constdata                               0x080043e4   Section       16  system_stm32f1xx.o(.constdata)
    .constdata                               0x080043f4   Section        8  system_stm32f1xx.o(.constdata)
    .constdata                               0x080043fc   Section      290  kservice.o(.constdata)
    small_digits                             0x080044fc   Data          17  kservice.o(.constdata)
    large_digits                             0x0800450d   Data          17  kservice.o(.constdata)
    .conststring                             0x08004520   Section       68  cmd.o(.conststring)
    .rodata.name                             0x08004564   Section        9  mem.o(.rodata.name)
    .rodata.name                             0x0800456d   Section       30  mem.o(.rodata.name)
    .rodata.name                             0x0800458b   Section        6  cmd.o(.rodata.name)
    .rodata.name                             0x08004591   Section       16  cmd.o(.rodata.name)
    .rodata.name                             0x080045a1   Section        8  cmd.o(.rodata.name)
    .rodata.name                             0x080045a9   Section       35  cmd.o(.rodata.name)
    .rodata.name                             0x080045cc   Section       14  cmd.o(.rodata.name)
    .rodata.name                             0x080045da   Section       35  cmd.o(.rodata.name)
    .rodata.name                             0x080045fd   Section       12  cmd.o(.rodata.name)
    .rodata.name                             0x08004609   Section       12  cmd.o(.rodata.name)
    .rodata.name                             0x08004615   Section       18  cmd.o(.rodata.name)
    .rodata.name                             0x08004627   Section       12  cmd.o(.rodata.name)
    .rodata.name                             0x08004633   Section        9  cmd.o(.rodata.name)
    .rodata.name                             0x0800463c   Section       25  cmd.o(.rodata.name)
    .rodata.name                             0x08004655   Section       15  cmd.o(.rodata.name)
    .rodata.name                             0x08004664   Section       25  cmd.o(.rodata.name)
    .rodata.name                             0x0800467d   Section       11  cmd.o(.rodata.name)
    .rodata.name                             0x08004688   Section       21  cmd.o(.rodata.name)
    .rodata.name                             0x0800469d   Section       17  cmd.o(.rodata.name)
    .rodata.name                             0x080046ae   Section       21  cmd.o(.rodata.name)
    .rodata.name                             0x080046c3   Section        5  cmd.o(.rodata.name)
    .rodata.name                             0x080046c8   Section       26  cmd.o(.rodata.name)
    .rodata.name                             0x080046e2   Section       11  msh.o(.rodata.name)
    .rodata.name                             0x080046ed   Section       22  msh.o(.rodata.name)
    .rodata.name                             0x08004703   Section        9  msh.o(.rodata.name)
    .rodata.name                             0x0800470c   Section       28  msh.o(.rodata.name)
    .rodata.name                             0x08004728   Section       11  msh.o(.rodata.name)
    .rodata.name                             0x08004733   Section       37  msh.o(.rodata.name)
    .rti_fn.0                                0x08004758   Section        4  components.o(.rti_fn.0)
    __tagsym$$used                           0x08004758   Number         0  components.o(.rti_fn.0)
    .rti_fn.0.end                            0x0800475c   Section        4  components.o(.rti_fn.0.end)
    __tagsym$$used                           0x0800475c   Number         0  components.o(.rti_fn.0.end)
    .rti_fn.1                                0x08004760   Section        4  board.o(.rti_fn.1)
    __tagsym$$used                           0x08004760   Number         0  board.o(.rti_fn.1)
    .rti_fn.1.end                            0x08004764   Section        4  components.o(.rti_fn.1.end)
    __tagsym$$used                           0x08004764   Number         0  components.o(.rti_fn.1.end)
    .rti_fn.6                                0x08004768   Section        4  shell.o(.rti_fn.6)
    __tagsym$$used                           0x08004768   Number         0  shell.o(.rti_fn.6)
    .rti_fn.6.end                            0x0800476c   Section        4  components.o(.rti_fn.6.end)
    __tagsym$$used                           0x0800476c   Number         0  components.o(.rti_fn.6.end)
    FSymTab                                  0x08004770   Section       12  mem.o(FSymTab)
    __tagsym$$used                           0x08004770   Number         0  mem.o(FSymTab)
    FSymTab                                  0x0800477c   Section      120  cmd.o(FSymTab)
    __tagsym$$used                           0x0800477c   Number         0  cmd.o(FSymTab)
    __tagsym$$used                           0x08004788   Number         0  cmd.o(FSymTab)
    __tagsym$$used                           0x08004794   Number         0  cmd.o(FSymTab)
    __tagsym$$used                           0x080047a0   Number         0  cmd.o(FSymTab)
    __tagsym$$used                           0x080047ac   Number         0  cmd.o(FSymTab)
    __tagsym$$used                           0x080047b8   Number         0  cmd.o(FSymTab)
    __tagsym$$used                           0x080047c4   Number         0  cmd.o(FSymTab)
    __tagsym$$used                           0x080047d0   Number         0  cmd.o(FSymTab)
    __tagsym$$used                           0x080047dc   Number         0  cmd.o(FSymTab)
    __tagsym$$used                           0x080047e8   Number         0  cmd.o(FSymTab)
    FSymTab                                  0x080047f4   Section       36  msh.o(FSymTab)
    __tagsym$$used                           0x080047f4   Number         0  msh.o(FSymTab)
    __tagsym$$used                           0x08004800   Number         0  msh.o(FSymTab)
    __tagsym$$used                           0x0800480c   Number         0  msh.o(FSymTab)
    .data                                    0x20000000   Section       32  bpc_decode.o(.data)
    .data                                    0x20000020   Section       12  stm32f1xx_hal.o(.data)
    .data                                    0x2000002c   Section        4  system_stm32f1xx.o(.data)
    .data                                    0x20000030   Section        4  clock.o(.data)
    rt_tick                                  0x20000030   Data           4  clock.o(.data)
    .data                                    0x20000034   Section        1  irq.o(.data)
    .data                                    0x20000038   Section       24  mem.o(.data)
    heap_ptr                                 0x20000038   Data           4  mem.o(.data)
    heap_end                                 0x2000003c   Data           4  mem.o(.data)
    lfree                                    0x20000040   Data           4  mem.o(.data)
    mem_size_aligned                         0x20000044   Data           4  mem.o(.data)
    used_mem                                 0x20000048   Data           4  mem.o(.data)
    max_mem                                  0x2000004c   Data           4  mem.o(.data)
    .data                                    0x20000050   Section       48  object.o(.data)
    rt_object_container                      0x20000050   Data          48  object.o(.data)
    .data                                    0x20000080   Section       20  scheduler.o(.data)
    rt_scheduler_lock_nest                   0x20000082   Data           2  scheduler.o(.data)
    .data                                    0x20000094   Section       12  timer.o(.data)
    random_nr                                0x20000094   Data           4  timer.o(.data)
    rt_timer_list                            0x20000098   Data           8  timer.o(.data)
    .data                                    0x200000a0   Section        4  cpuport.o(.data)
    rt_exception_hook                        0x200000a0   Data           4  cpuport.o(.data)
    .data                                    0x200000a4   Section        4  cpuport.o(.data)
    .data                                    0x200000a8   Section        4  cpuport.o(.data)
    .data                                    0x200000ac   Section        4  cpuport.o(.data)
    .data                                    0x200000b0   Section       24  shell.o(.data)
    finsh_prompt_custom                      0x200000c0   Data           4  shell.o(.data)
    .bss                                     0x200000c8   Section       19  bpc_decode.o(.bss)
    .bss                                     0x200000dc   Section       84  i2c.o(.bss)
    .bss                                     0x20000130   Section       72  usart.o(.bss)
    .bss                                     0x20000178   Section      376  idle.o(.bss)
    idle                                     0x20000178   Data         120  idle.o(.bss)
    rt_thread_stack                          0x200001f0   Data         256  idle.o(.bss)
    .bss                                     0x200002f0   Section      128  kservice.o(.bss)
    rt_log_buf                               0x200002f0   Data         128  kservice.o(.bss)
    .bss                                     0x20000370   Section       32  mem.o(.bss)
    heap_sem                                 0x20000370   Data          32  mem.o(.bss)
    .bss                                     0x20000390   Section      256  scheduler.o(.bss)
    .bss                                     0x20000490   Section    15432  board.o(.bss)
    rt_heap                                  0x20000490   Data       15360  board.o(.bss)
    UartHandle                               0x20004090   Data          72  board.o(.bss)
    .bss                                     0x200040d8   Section      129  shell.o(.bss)
    finsh_prompt                             0x200040d8   Data         129  shell.o(.bss)
    .bss                                     0x2000415c   Section       96  libspace.o(.bss)
    HEAP                                     0x200041c0   Section      512  startup_stm32f103xb.o(HEAP)
    Heap_Mem                                 0x200041c0   Data         512  startup_stm32f103xb.o(HEAP)
    STACK                                    0x200043c0   Section     1024  startup_stm32f103xb.o(STACK)
    Stack_Mem                                0x200043c0   Data        1024  startup_stm32f103xb.o(STACK)
    __initial_sp                             0x200047c0   Data           0  startup_stm32f103xb.o(STACK)

    Global Symbols

    Symbol Name                              Value     Ov Type        Size  Object(Section)

    BuildAttributes$$THM_ISAv4$P$D$K$B$S$PE$A:L22UL41UL21$X:L11$S22US41US21$IEEE1$IW$USESV6$~STKCKD$USESV7$~SHL$OSPACE$ROPI$EBA8$UX$STANDARDLIB$REQ8$PRES8$EABIv2 0x00000000   Number         0  anon$$obj.o ABSOLUTE
    __ARM_use_no_argv                        0x00000000   Number         0  main.o ABSOLUTE
    __ARM_exceptions_init                     - Undefined Weak Reference
    __alloca_initialize                       - Undefined Weak Reference
    __cpp_initialize__aeabi_                  - Undefined Weak Reference
    __cxa_finalize                            - Undefined Weak Reference
    __rt_locale                               - Undefined Weak Reference
    __sigvec_lookup                           - Undefined Weak Reference
    _atexit_init                              - Undefined Weak Reference
    _call_atexit_fns                          - Undefined Weak Reference
    _clock_init                               - Undefined Weak Reference
    _fp_trap_init                             - Undefined Weak Reference
    _fp_trap_shutdown                         - Undefined Weak Reference
    _get_lc_collate                           - Undefined Weak Reference
    _get_lc_ctype                             - Undefined Weak Reference
    _get_lc_monetary                          - Undefined Weak Reference
    _get_lc_numeric                           - Undefined Weak Reference
    _get_lc_time                              - Undefined Weak Reference
    _getenv_init                              - Undefined Weak Reference
    _handle_redirection                       - Undefined Weak Reference
    _init_alloc                               - Undefined Weak Reference
    _init_user_alloc                          - Undefined Weak Reference
    _initio                                   - Undefined Weak Reference
    _rand_init                                - Undefined Weak Reference
    _signal_finish                            - Undefined Weak Reference
    _signal_init                              - Undefined Weak Reference
    _terminate_alloc                          - Undefined Weak Reference
    _terminate_user_alloc                     - Undefined Weak Reference
    _terminateio                              - Undefined Weak Reference
    __Vectors_Size                           0x000000ec   Number         0  startup_stm32f103xb.o ABSOLUTE
    __Vectors                                0x08000000   Data           4  startup_stm32f103xb.o(RESET)
    __Vectors_End                            0x080000ec   Data           0  startup_stm32f103xb.o(RESET)
    __main                                   0x080000ed   Thumb Code     8  __main.o(!!!main)
    __scatterload                            0x080000f5   Thumb Code     0  __scatter.o(!!!scatter)
    __scatterload_rt2                        0x080000f5   Thumb Code    44  __scatter.o(!!!scatter)
    __scatterload_rt2_thumb_only             0x080000f5   Thumb Code     0  __scatter.o(!!!scatter)
    __scatterload_null                       0x08000103   Thumb Code     0  __scatter.o(!!!scatter)
    __scatterload_copy                       0x08000129   Thumb Code    26  __scatter_copy.o(!!handler_copy)
    __scatterload_zeroinit                   0x08000145   Thumb Code    28  __scatter_zi.o(!!handler_zi)
    __rt_lib_init                            0x08000161   Thumb Code     0  libinit.o(.ARM.Collect$$libinit$$00000000)
    __rt_lib_init_alloca_1                   0x08000163   Thumb Code     0  libinit2.o(.ARM.Collect$$libinit$$0000002C)
    __rt_lib_init_argv_1                     0x08000163   Thumb Code     0  libinit2.o(.ARM.Collect$$libinit$$0000002A)
    __rt_lib_init_atexit_1                   0x08000163   Thumb Code     0  libinit2.o(.ARM.Collect$$libinit$$00000019)
    __rt_lib_init_clock_1                    0x08000163   Thumb Code     0  libinit2.o(.ARM.Collect$$libinit$$0000001F)
    __rt_lib_init_cpp_1                      0x08000163   Thumb Code     0  libinit2.o(.ARM.Collect$$libinit$$00000030)
    __rt_lib_init_exceptions_1               0x08000163   Thumb Code     0  libinit2.o(.ARM.Collect$$libinit$$0000002E)
    __rt_lib_init_fp_1                       0x08000163   Thumb Code     0  libinit2.o(.ARM.Collect$$libinit$$00000002)
    __rt_lib_init_fp_trap_1                  0x08000163   Thumb Code     0  libinit2.o(.ARM.Collect$$libinit$$0000001D)
    __rt_lib_init_getenv_1                   0x08000163   Thumb Code     0  libinit2.o(.ARM.Collect$$libinit$$00000021)
    __rt_lib_init_heap_1                     0x08000163   Thumb Code     0  libinit2.o(.ARM.Collect$$libinit$$00000008)
    __rt_lib_init_lc_collate_1               0x08000163   Thumb Code     0  libinit2.o(.ARM.Collect$$libinit$$0000000F)
    __rt_lib_init_lc_ctype_1                 0x08000163   Thumb Code     0  libinit2.o(.ARM.Collect$$libinit$$00000011)
    __rt_lib_init_lc_monetary_1              0x08000163   Thumb Code     0  libinit2.o(.ARM.Collect$$libinit$$00000013)
    __rt_lib_init_lc_numeric_1               0x08000163   Thumb Code     0  libinit2.o(.ARM.Collect$$libinit$$00000015)
    __rt_lib_init_lc_time_1                  0x08000163   Thumb Code     0  libinit2.o(.ARM.Collect$$libinit$$00000017)
    __rt_lib_init_rand_1                     0x08000163   Thumb Code     0  libinit2.o(.ARM.Collect$$libinit$$0000000C)
    __rt_lib_init_return                     0x08000163   Thumb Code     0  libinit2.o(.ARM.Collect$$libinit$$00000031)
    __rt_lib_init_signal_1                   0x08000163   Thumb Code     0  libinit2.o(.ARM.Collect$$libinit$$0000001B)
    __rt_lib_init_stdio_1                    0x08000163   Thumb Code     0  libinit2.o(.ARM.Collect$$libinit$$00000023)
    __rt_lib_init_user_alloc_1               0x08000163   Thumb Code     0  libinit2.o(.ARM.Collect$$libinit$$0000000A)
    __rt_lib_shutdown                        0x08000165   Thumb Code     0  libshutdown.o(.ARM.Collect$$libshutdown$$00000000)
    __rt_lib_shutdown_fp_trap_1              0x08000167   Thumb Code     0  libshutdown2.o(.ARM.Collect$$libshutdown$$00000006)
    __rt_lib_shutdown_heap_1                 0x08000167   Thumb Code     0  libshutdown2.o(.ARM.Collect$$libshutdown$$0000000E)
    __rt_lib_shutdown_return                 0x08000167   Thumb Code     0  libshutdown2.o(.ARM.Collect$$libshutdown$$0000000F)
    __rt_lib_shutdown_signal_1               0x08000167   Thumb Code     0  libshutdown2.o(.ARM.Collect$$libshutdown$$00000009)
    __rt_lib_shutdown_stdio_1                0x08000167   Thumb Code     0  libshutdown2.o(.ARM.Collect$$libshutdown$$00000003)
    __rt_lib_shutdown_user_alloc_1           0x08000167   Thumb Code     0  libshutdown2.o(.ARM.Collect$$libshutdown$$0000000B)
    __rt_entry                               0x08000169   Thumb Code     0  rtentry.o(.ARM.Collect$$rtentry$$00000000)
    __rt_entry_presh_1                       0x08000169   Thumb Code     0  rtentry2.o(.ARM.Collect$$rtentry$$00000002)
    __rt_entry_sh                            0x08000169   Thumb Code     0  rtentry4.o(.ARM.Collect$$rtentry$$00000004)
    __rt_entry_li                            0x0800016f   Thumb Code     0  rtentry2.o(.ARM.Collect$$rtentry$$0000000A)
    __rt_entry_postsh_1                      0x0800016f   Thumb Code     0  rtentry2.o(.ARM.Collect$$rtentry$$00000009)
    __rt_entry_main                          0x08000173   Thumb Code     0  rtentry2.o(.ARM.Collect$$rtentry$$0000000D)
    __rt_entry_postli_1                      0x08000173   Thumb Code     0  rtentry2.o(.ARM.Collect$$rtentry$$0000000C)
    __rt_exit                                0x0800017b   Thumb Code     0  rtexit.o(.ARM.Collect$$rtexit$$00000000)
    __rt_exit_ls                             0x0800017d   Thumb Code     0  rtexit2.o(.ARM.Collect$$rtexit$$00000003)
    __rt_exit_prels_1                        0x0800017d   Thumb Code     0  rtexit2.o(.ARM.Collect$$rtexit$$00000002)
    __rt_exit_exit                           0x08000181   Thumb Code     0  rtexit2.o(.ARM.Collect$$rtexit$$00000004)
    Reset_Handler                            0x08000189   Thumb Code     8  startup_stm32f103xb.o(.text)
    SVC_Handler                              0x0800019b   Thumb Code     2  startup_stm32f103xb.o(.text)
    ADC1_2_IRQHandler                        0x080001a3   Thumb Code     0  startup_stm32f103xb.o(.text)
    CAN1_RX1_IRQHandler                      0x080001a3   Thumb Code     0  startup_stm32f103xb.o(.text)
    CAN1_SCE_IRQHandler                      0x080001a3   Thumb Code     0  startup_stm32f103xb.o(.text)
    DMA1_Channel1_IRQHandler                 0x080001a3   Thumb Code     0  startup_stm32f103xb.o(.text)
    DMA1_Channel2_IRQHandler                 0x080001a3   Thumb Code     0  startup_stm32f103xb.o(.text)
    DMA1_Channel3_IRQHandler                 0x080001a3   Thumb Code     0  startup_stm32f103xb.o(.text)
    DMA1_Channel4_IRQHandler                 0x080001a3   Thumb Code     0  startup_stm32f103xb.o(.text)
    DMA1_Channel5_IRQHandler                 0x080001a3   Thumb Code     0  startup_stm32f103xb.o(.text)
    DMA1_Channel6_IRQHandler                 0x080001a3   Thumb Code     0  startup_stm32f103xb.o(.text)
    DMA1_Channel7_IRQHandler                 0x080001a3   Thumb Code     0  startup_stm32f103xb.o(.text)
    EXTI0_IRQHandler                         0x080001a3   Thumb Code     0  startup_stm32f103xb.o(.text)
    EXTI15_10_IRQHandler                     0x080001a3   Thumb Code     0  startup_stm32f103xb.o(.text)
    EXTI1_IRQHandler                         0x080001a3   Thumb Code     0  startup_stm32f103xb.o(.text)
    EXTI2_IRQHandler                         0x080001a3   Thumb Code     0  startup_stm32f103xb.o(.text)
    EXTI3_IRQHandler                         0x080001a3   Thumb Code     0  startup_stm32f103xb.o(.text)
    EXTI4_IRQHandler                         0x080001a3   Thumb Code     0  startup_stm32f103xb.o(.text)
    EXTI9_5_IRQHandler                       0x080001a3   Thumb Code     0  startup_stm32f103xb.o(.text)
    FLASH_IRQHandler                         0x080001a3   Thumb Code     0  startup_stm32f103xb.o(.text)
    I2C1_ER_IRQHandler                       0x080001a3   Thumb Code     0  startup_stm32f103xb.o(.text)
    I2C1_EV_IRQHandler                       0x080001a3   Thumb Code     0  startup_stm32f103xb.o(.text)
    I2C2_ER_IRQHandler                       0x080001a3   Thumb Code     0  startup_stm32f103xb.o(.text)
    I2C2_EV_IRQHandler                       0x080001a3   Thumb Code     0  startup_stm32f103xb.o(.text)
    PVD_IRQHandler                           0x080001a3   Thumb Code     0  startup_stm32f103xb.o(.text)
    RCC_IRQHandler                           0x080001a3   Thumb Code     0  startup_stm32f103xb.o(.text)
    RTC_Alarm_IRQHandler                     0x080001a3   Thumb Code     0  startup_stm32f103xb.o(.text)
    RTC_IRQHandler                           0x080001a3   Thumb Code     0  startup_stm32f103xb.o(.text)
    SPI1_IRQHandler                          0x080001a3   Thumb Code     0  startup_stm32f103xb.o(.text)
    SPI2_IRQHandler                          0x080001a3   Thumb Code     0  startup_stm32f103xb.o(.text)
    TAMPER_IRQHandler                        0x080001a3   Thumb Code     0  startup_stm32f103xb.o(.text)
    TIM1_BRK_IRQHandler                      0x080001a3   Thumb Code     0  startup_stm32f103xb.o(.text)
    TIM1_CC_IRQHandler                       0x080001a3   Thumb Code     0  startup_stm32f103xb.o(.text)
    TIM1_TRG_COM_IRQHandler                  0x080001a3   Thumb Code     0  startup_stm32f103xb.o(.text)
    TIM1_UP_IRQHandler                       0x080001a3   Thumb Code     0  startup_stm32f103xb.o(.text)
    TIM2_IRQHandler                          0x080001a3   Thumb Code     0  startup_stm32f103xb.o(.text)
    TIM3_IRQHandler                          0x080001a3   Thumb Code     0  startup_stm32f103xb.o(.text)
    TIM4_IRQHandler                          0x080001a3   Thumb Code     0  startup_stm32f103xb.o(.text)
    USART2_IRQHandler                        0x080001a3   Thumb Code     0  startup_stm32f103xb.o(.text)
    USART3_IRQHandler                        0x080001a3   Thumb Code     0  startup_stm32f103xb.o(.text)
    USBWakeUp_IRQHandler                     0x080001a3   Thumb Code     0  startup_stm32f103xb.o(.text)
    USB_HP_CAN1_TX_IRQHandler                0x080001a3   Thumb Code     0  startup_stm32f103xb.o(.text)
    USB_LP_CAN1_RX0_IRQHandler               0x080001a3   Thumb Code     0  startup_stm32f103xb.o(.text)
    WWDG_IRQHandler                          0x080001a3   Thumb Code     0  startup_stm32f103xb.o(.text)
    __user_initial_stackheap                 0x080001a5   Thumb Code     0  startup_stm32f103xb.o(.text)
    rt_hw_interrupt_disable                  0x080001c9   Thumb Code     8  context_rvds.o(.text)
    rt_hw_interrupt_enable                   0x080001d1   Thumb Code     6  context_rvds.o(.text)
    rt_hw_context_switch                     0x080001d7   Thumb Code    32  context_rvds.o(.text)
    rt_hw_context_switch_interrupt           0x080001d7   Thumb Code     0  context_rvds.o(.text)
    PendSV_Handler                           0x080001f7   Thumb Code    60  context_rvds.o(.text)
    rt_hw_context_switch_to                  0x08000233   Thumb Code    56  context_rvds.o(.text)
    rt_hw_interrupt_thread_switch            0x0800026b   Thumb Code     2  context_rvds.o(.text)
    HardFault_Handler                        0x0800026d   Thumb Code    52  context_rvds.o(.text)
    strcpy                                   0x080002bd   Thumb Code    72  strcpy.o(.text)
    strlen                                   0x08000305   Thumb Code    62  strlen.o(.text)
    strncmp                                  0x08000343   Thumb Code   150  strncmp.o(.text)
    strcat                                   0x080003d9   Thumb Code    24  strcat.o(.text)
    __aeabi_memcpy4                          0x080003f1   Thumb Code     0  rt_memcpy_w.o(.text)
    __aeabi_memcpy8                          0x080003f1   Thumb Code     0  rt_memcpy_w.o(.text)
    __rt_memcpy_w                            0x080003f1   Thumb Code   100  rt_memcpy_w.o(.text)
    _memcpy_lastbytes_aligned                0x08000439   Thumb Code     0  rt_memcpy_w.o(.text)
    __aeabi_memclr                           0x08000455   Thumb Code     0  rt_memclr.o(.text)
    __rt_memclr                              0x08000455   Thumb Code    68  rt_memclr.o(.text)
    _memset                                  0x08000459   Thumb Code     0  rt_memclr.o(.text)
    __aeabi_memclr4                          0x08000499   Thumb Code     0  rt_memclr_w.o(.text)
    __aeabi_memclr8                          0x08000499   Thumb Code     0  rt_memclr_w.o(.text)
    __rt_memclr_w                            0x08000499   Thumb Code    78  rt_memclr_w.o(.text)
    _memset_w                                0x0800049d   Thumb Code     0  rt_memclr_w.o(.text)
    strncpy                                  0x080004e7   Thumb Code    86  strncpy.o(.text)
    __use_two_region_memory                  0x0800053d   Thumb Code     2  heapauxi.o(.text)
    __rt_heap_escrow$2region                 0x0800053f   Thumb Code     2  heapauxi.o(.text)
    __rt_heap_expand$2region                 0x08000541   Thumb Code     2  heapauxi.o(.text)
    __user_setup_stackheap                   0x08000543   Thumb Code    74  sys_stackheap_outer.o(.text)
    exit                                     0x0800058d   Thumb Code    12  exit.o(.text)
    __user_libspace                          0x08000599   Thumb Code     8  libspace.o(.text)
    __user_perproc_libspace                  0x08000599   Thumb Code     0  libspace.o(.text)
    __user_perthread_libspace                0x08000599   Thumb Code     0  libspace.o(.text)
    _sys_exit                                0x080005a1   Thumb Code     8  sys_exit.o(.text)
    __I$use$semihosting                      0x080005ad   Thumb Code     0  use_no_semi.o(.text)
    __use_no_semihosting_swi                 0x080005ad   Thumb Code     2  use_no_semi.o(.text)
    __semihosting_library_function           0x080005af   Thumb Code     0  indicate_semi.o(.text)
    main                                     0x080005af   Thumb Code    10  components.o(i.$Sub$$main)
    BPC_DECODE                               0x080005b9   Thumb Code   392  bpc_decode.o(i.BPC_DECODE)
    BPC_timer_callback                       0x08000741   Thumb Code   168  bpc_decode.o(i.BPC_timer_callback)
    BusFault_Handler                         0x080007f5   Thumb Code     2  stm32f1xx_it.o(i.BusFault_Handler)
    DebugMon_Handler                         0x080007f7   Thumb Code     2  stm32f1xx_it.o(i.DebugMon_Handler)
    Error_Handler                            0x080007f9   Thumb Code     4  main.o(i.Error_Handler)
    GPIO_ReadInputDataBit                    0x080007fd   Thumb Code    16  bpc_decode.o(i.GPIO_ReadInputDataBit)
    HAL_DMA_Abort                            0x0800080d   Thumb Code    70  stm32f1xx_hal_dma.o(i.HAL_DMA_Abort)
    HAL_DMA_Abort_IT                         0x08000855   Thumb Code   148  stm32f1xx_hal_dma.o(i.HAL_DMA_Abort_IT)
    HAL_GPIO_Init                            0x080008ed   Thumb Code   446  stm32f1xx_hal_gpio.o(i.HAL_GPIO_Init)
    HAL_GPIO_ReadPin                         0x08000acd   Thumb Code    10  stm32f1xx_hal_gpio.o(i.HAL_GPIO_ReadPin)
    HAL_GetTick                              0x08000ad9   Thumb Code     6  stm32f1xx_hal.o(i.HAL_GetTick)
    HAL_I2C_Init                             0x08000ae5   Thumb Code   364  stm32f1xx_hal_i2c.o(i.HAL_I2C_Init)
    HAL_I2C_MspInit                          0x08000c61   Thumb Code    80  i2c.o(i.HAL_I2C_MspInit)
    HAL_Init                                 0x08000cbd   Thumb Code    32  stm32f1xx_hal.o(i.HAL_Init)
    HAL_InitTick                             0x08000ce1   Thumb Code    54  stm32f1xx_hal.o(i.HAL_InitTick)
    HAL_MspInit                              0x08000d21   Thumb Code    52  stm32f1xx_hal_msp.o(i.HAL_MspInit)
    HAL_NVIC_EnableIRQ                       0x08000d5d   Thumb Code    26  stm32f1xx_hal_cortex.o(i.HAL_NVIC_EnableIRQ)
    HAL_NVIC_SetPriority                     0x08000d79   Thumb Code    60  stm32f1xx_hal_cortex.o(i.HAL_NVIC_SetPriority)
    HAL_NVIC_SetPriorityGrouping             0x08000db9   Thumb Code    26  stm32f1xx_hal_cortex.o(i.HAL_NVIC_SetPriorityGrouping)
    HAL_RCC_ClockConfig                      0x08000ddd   Thumb Code   280  stm32f1xx_hal_rcc.o(i.HAL_RCC_ClockConfig)
    HAL_RCC_GetHCLKFreq                      0x08000f09   Thumb Code     6  stm32f1xx_hal_rcc.o(i.HAL_RCC_GetHCLKFreq)
    HAL_RCC_GetPCLK1Freq                     0x08000f15   Thumb Code    20  stm32f1xx_hal_rcc.o(i.HAL_RCC_GetPCLK1Freq)
    HAL_RCC_GetPCLK2Freq                     0x08000f35   Thumb Code    20  stm32f1xx_hal_rcc.o(i.HAL_RCC_GetPCLK2Freq)
    HAL_RCC_GetSysClockFreq                  0x08000f55   Thumb Code    58  stm32f1xx_hal_rcc.o(i.HAL_RCC_GetSysClockFreq)
    HAL_RCC_OscConfig                        0x08000fa1   Thumb Code   778  stm32f1xx_hal_rcc.o(i.HAL_RCC_OscConfig)
    HAL_SYSTICK_Config                       0x080012c1   Thumb Code    40  stm32f1xx_hal_cortex.o(i.HAL_SYSTICK_Config)
    HAL_UARTEx_RxEventCallback               0x080012e9   Thumb Code     2  stm32f1xx_hal_uart.o(i.HAL_UARTEx_RxEventCallback)
    HAL_UART_ErrorCallback                   0x080012eb   Thumb Code     2  stm32f1xx_hal_uart.o(i.HAL_UART_ErrorCallback)
    HAL_UART_IRQHandler                      0x080012ed   Thumb Code   616  stm32f1xx_hal_uart.o(i.HAL_UART_IRQHandler)
    HAL_UART_Init                            0x08001559   Thumb Code   100  stm32f1xx_hal_uart.o(i.HAL_UART_Init)
    HAL_UART_MspInit                         0x080015bd   Thumb Code   116  usart.o(i.HAL_UART_MspInit)
    HAL_UART_RxCpltCallback                  0x0800163d   Thumb Code     2  stm32f1xx_hal_uart.o(i.HAL_UART_RxCpltCallback)
    HAL_UART_Transmit                        0x0800163f   Thumb Code   154  stm32f1xx_hal_uart.o(i.HAL_UART_Transmit)
    HAL_UART_TxCpltCallback                  0x080016d9   Thumb Code     2  stm32f1xx_hal_uart.o(i.HAL_UART_TxCpltCallback)
    MX_GPIO_Init                             0x080016dd   Thumb Code    64  gpio.o(i.MX_GPIO_Init)
    MX_I2C1_Init                             0x08001725   Thumb Code    50  i2c.o(i.MX_I2C1_Init)
    MX_USART1_UART_Init                      0x08001765   Thumb Code    48  usart.o(i.MX_USART1_UART_Init)
    MemManage_Handler                        0x0800179d   Thumb Code     2  stm32f1xx_it.o(i.MemManage_Handler)
    NMI_Handler                              0x0800179f   Thumb Code     2  stm32f1xx_it.o(i.NMI_Handler)
    SysTick_Handler                          0x080017a1   Thumb Code    18  board.o(i.SysTick_Handler)
    SystemClock_Config                       0x080017b3   Thumb Code    80  main.o(i.SystemClock_Config)
    SystemCoreClockUpdate                    0x08001805   Thumb Code    82  system_stm32f1xx.o(i.SystemCoreClockUpdate)
    SystemInit                               0x0800186d   Thumb Code     2  system_stm32f1xx.o(i.SystemInit)
    USART1_IRQHandler                        0x08001a95   Thumb Code     6  stm32f1xx_it.o(i.USART1_IRQHandler)
    UsageFault_Handler                       0x08001aa1   Thumb Code     2  stm32f1xx_it.o(i.UsageFault_Handler)
    __rt_ffs                                 0x08001ac5   Thumb Code    62  kservice.o(i.__rt_ffs)
    cmd_free                                 0x08001d4d   Thumb Code    10  msh.o(i.cmd_free)
    cmd_ps                                   0x08001d57   Thumb Code    10  msh.o(i.cmd_ps)
    finsh_get_prompt                         0x08001d61   Thumb Code    66  shell.o(i.finsh_get_prompt)
    finsh_set_prompt_mode                    0x08001dc1   Thumb Code    16  shell.o(i.finsh_set_prompt_mode)
    finsh_system_function_init               0x08001dd5   Thumb Code     8  shell.o(i.finsh_system_function_init)
    finsh_system_init                        0x08001de1   Thumb Code    90  shell.o(i.finsh_system_init)
    finsh_thread_entry                       0x08001e75   Thumb Code   612  shell.o(i.finsh_thread_entry)
    hello                                    0x08002179   Thumb Code    12  cmd.o(i.hello)
    list                                     0x08002199   Thumb Code    50  cmd.o(i.list)
    list_mem                                 0x08002289   Thumb Code    32  mem.o(i.list_mem)
    list_sem                                 0x080022f5   Thumb Code   214  cmd.o(i.list_sem)
    list_thread                              0x08002435   Thumb Code   250  cmd.o(i.list_thread)
    list_timer                               0x080025ed   Thumb Code   160  cmd.o(i.list_timer)
    $Super$$main                             0x0800272d   Thumb Code    52  main.o(i.main)
    main_thread_entry                        0x0800277d   Thumb Code    14  components.o(i.main_thread_entry)
    msh_auto_complete                        0x08002865   Thumb Code   150  msh.o(i.msh_auto_complete)
    msh_exec                                 0x08002911   Thumb Code    74  msh.o(i.msh_exec)
    msh_help                                 0x08002975   Thumb Code    58  msh.o(i.msh_help)
    msh_is_used                              0x080029ed   Thumb Code     4  msh.o(i.msh_is_used)
    rt_application_init                      0x08002c5d   Thumb Code    32  components.o(i.rt_application_init)
    rt_calloc                                0x08002c89   Thumb Code    26  mem.o(i.rt_calloc)
    rt_components_board_init                 0x08002ca5   Thumb Code    20  components.o(i.rt_components_board_init)
    rt_components_init                       0x08002cc1   Thumb Code    20  components.o(i.rt_components_init)
    rt_enter_critical                        0x08002cdd   Thumb Code    22  scheduler.o(i.rt_enter_critical)
    rt_exit_critical                         0x08002cf9   Thumb Code    52  scheduler.o(i.rt_exit_critical)
    rt_free                                  0x08002d31   Thumb Code   112  mem.o(i.rt_free)
    rt_heap_begin_get                        0x08002df5   Thumb Code     4  board.o(i.rt_heap_begin_get)
    rt_heap_end_get                          0x08002dfd   Thumb Code     4  board.o(i.rt_heap_end_get)
    rt_hw_board_init                         0x08002e05   Thumb Code    54  board.o(i.rt_hw_board_init)
    rt_hw_console_getchar                    0x08002e3d   Thumb Code    34  board.o(i.rt_hw_console_getchar)
    rt_hw_console_output                     0x08002e65   Thumb Code    66  board.o(i.rt_hw_console_output)
    rt_hw_hard_fault_exception               0x08002ead   Thumb Code   186  cpuport.o(i.rt_hw_hard_fault_exception)
    rt_hw_stack_init                         0x080030a9   Thumb Code    52  cpuport.o(i.rt_hw_stack_init)
    rt_interrupt_enter                       0x080030e1   Thumb Code    22  irq.o(i.rt_interrupt_enter)
    rt_interrupt_leave                       0x080030fd   Thumb Code    22  irq.o(i.rt_interrupt_leave)
    rt_kprintf                               0x08003119   Thumb Code    28  kservice.o(i.rt_kprintf)
    rt_malloc                                0x080031b9   Thumb Code   232  mem.o(i.rt_malloc)
    rt_memmove                               0x080032a9   Thumb Code    50  kservice.o(i.rt_memmove)
    rt_memset                                0x080032dd   Thumb Code    70  kservice.o(i.rt_memset)
    rt_object_allocate                       0x08003323   Thumb Code    80  object.o(i.rt_object_allocate)
    rt_object_delete                         0x08003373   Thumb Code    38  object.o(i.rt_object_delete)
    rt_object_detach                         0x08003399   Thumb Code    32  object.o(i.rt_object_detach)
    rt_object_get_information                0x080033b9   Thumb Code    30  object.o(i.rt_object_get_information)
    rt_object_init                           0x080033dd   Thumb Code    80  object.o(i.rt_object_init)
    rt_object_is_systemobject                0x0800342d   Thumb Code    14  object.o(i.rt_object_is_systemobject)
    rt_schedule                              0x0800343d   Thumb Code    76  scheduler.o(i.rt_schedule)
    rt_schedule_insert_thread                0x08003495   Thumb Code    70  scheduler.o(i.rt_schedule_insert_thread)
    rt_schedule_remove_thread                0x080034e5   Thumb Code    64  scheduler.o(i.rt_schedule_remove_thread)
    rt_sem_init                              0x0800352d   Thumb Code    36  ipc.o(i.rt_sem_init)
    rt_sem_release                           0x08003551   Thumb Code    74  ipc.o(i.rt_sem_release)
    rt_sem_take                              0x0800359b   Thumb Code   174  ipc.o(i.rt_sem_take)
    rt_show_version                          0x08003649   Thumb Code    40  kservice.o(i.rt_show_version)
    rt_strlen                                0x080036f9   Thumb Code    16  kservice.o(i.rt_strlen)
    rt_strncpy                               0x08003709   Thumb Code    38  kservice.o(i.rt_strncpy)
    rt_system_heap_init                      0x08003731   Thumb Code    96  mem.o(i.rt_system_heap_init)
    rt_system_scheduler_init                 0x080037dd   Thumb Code    44  scheduler.o(i.rt_system_scheduler_init)
    rt_system_scheduler_start                0x08003811   Thumb Code    32  scheduler.o(i.rt_system_scheduler_start)
    rt_system_timer_init                     0x08003839   Thumb Code     8  timer.o(i.rt_system_timer_init)
    rt_system_timer_thread_init              0x08003845   Thumb Code     2  timer.o(i.rt_system_timer_thread_init)
    rt_thread_create                         0x08003847   Thumb Code    72  thread.o(i.rt_thread_create)
    rt_thread_exit                           0x08003891   Thumb Code    82  thread.o(i.rt_thread_exit)
    rt_thread_idle_excute                    0x080038f5   Thumb Code    70  idle.o(i.rt_thread_idle_excute)
    rt_thread_idle_init                      0x08003941   Thumb Code    40  idle.o(i.rt_thread_idle_init)
    rt_thread_init                           0x08003979   Thumb Code    48  thread.o(i.rt_thread_init)
    rt_thread_mdelay                         0x080039a9   Thumb Code    14  thread.o(i.rt_thread_mdelay)
    rt_thread_resume                         0x080039b7   Thumb Code    60  thread.o(i.rt_thread_resume)
    rt_thread_self                           0x080039f5   Thumb Code     6  thread.o(i.rt_thread_self)
    rt_thread_sleep                          0x08003a01   Thumb Code    60  thread.o(i.rt_thread_sleep)
    rt_thread_startup                        0x08003a41   Thumb Code    40  thread.o(i.rt_thread_startup)
    rt_thread_suspend                        0x08003a6d   Thumb Code    66  thread.o(i.rt_thread_suspend)
    rt_thread_timeout                        0x08003aaf   Thumb Code    32  thread.o(i.rt_thread_timeout)
    rt_thread_yield                          0x08003ad1   Thumb Code    86  thread.o(i.rt_thread_yield)
    rt_tick_from_millisecond                 0x08003b31   Thumb Code    50  clock.o(i.rt_tick_from_millisecond)
    rt_tick_get                              0x08003b65   Thumb Code     6  clock.o(i.rt_tick_get)
    rt_tick_increase                         0x08003b71   Thumb Code    38  clock.o(i.rt_tick_increase)
    rt_timer_check                           0x08003b9d   Thumb Code   136  timer.o(i.rt_timer_check)
    rt_timer_control                         0x08003c29   Thumb Code    72  timer.o(i.rt_timer_control)
    rt_timer_create                          0x08003c71   Thumb Code    46  timer.o(i.rt_timer_create)
    rt_timer_detach                          0x08003c9f   Thumb Code    40  timer.o(i.rt_timer_detach)
    rt_timer_init                            0x08003cc7   Thumb Code    40  timer.o(i.rt_timer_init)
    rt_timer_start                           0x08003cf1   Thumb Code   126  timer.o(i.rt_timer_start)
    rt_timer_stop                            0x08003d75   Thumb Code    46  timer.o(i.rt_timer_stop)
    rt_vsnprintf                             0x08003da5   Thumb Code   634  kservice.o(i.rt_vsnprintf)
    rtthread_startup                         0x08004039   Thumb Code    42  components.o(i.rtthread_startup)
    startGetTime                             0x0800408d   Thumb Code   242  bpc_decode.o(i.startGetTime)
    version                                  0x080043c9   Thumb Code    10  cmd.o(i.version)
    AHBPrescTable                            0x080043e4   Data          16  system_stm32f1xx.o(.constdata)
    APBPrescTable                            0x080043f4   Data           8  system_stm32f1xx.o(.constdata)
    __lowest_bit_bitmap                      0x080043fc   Data         256  kservice.o(.constdata)
    __fsym_list_mem_name                     0x08004564   Data           9  mem.o(.rodata.name)
    __fsym_list_mem_desc                     0x0800456d   Data          30  mem.o(.rodata.name)
    __fsym_hello_name                        0x0800458b   Data           6  cmd.o(.rodata.name)
    __fsym_hello_desc                        0x08004591   Data          16  cmd.o(.rodata.name)
    __fsym_version_name                      0x080045a1   Data           8  cmd.o(.rodata.name)
    __fsym_version_desc                      0x080045a9   Data          35  cmd.o(.rodata.name)
    __fsym___cmd_version_name                0x080045cc   Data          14  cmd.o(.rodata.name)
    __fsym___cmd_version_desc                0x080045da   Data          35  cmd.o(.rodata.name)
    __fsym_list_thread_name                  0x080045fd   Data          12  cmd.o(.rodata.name)
    __fsym_list_thread_desc                  0x08004609   Data          12  cmd.o(.rodata.name)
    __fsym___cmd_list_thread_name            0x08004615   Data          18  cmd.o(.rodata.name)
    __fsym___cmd_list_thread_desc            0x08004627   Data          12  cmd.o(.rodata.name)
    __fsym_list_sem_name                     0x08004633   Data           9  cmd.o(.rodata.name)
    __fsym_list_sem_desc                     0x0800463c   Data          25  cmd.o(.rodata.name)
    __fsym___cmd_list_sem_name               0x08004655   Data          15  cmd.o(.rodata.name)
    __fsym___cmd_list_sem_desc               0x08004664   Data          25  cmd.o(.rodata.name)
    __fsym_list_timer_name                   0x0800467d   Data          11  cmd.o(.rodata.name)
    __fsym_list_timer_desc                   0x08004688   Data          21  cmd.o(.rodata.name)
    __fsym___cmd_list_timer_name             0x0800469d   Data          17  cmd.o(.rodata.name)
    __fsym___cmd_list_timer_desc             0x080046ae   Data          21  cmd.o(.rodata.name)
    __fsym_list_name                         0x080046c3   Data           5  cmd.o(.rodata.name)
    __fsym_list_desc                         0x080046c8   Data          26  cmd.o(.rodata.name)
    __fsym___cmd_help_name                   0x080046e2   Data          11  msh.o(.rodata.name)
    __fsym___cmd_help_desc                   0x080046ed   Data          22  msh.o(.rodata.name)
    __fsym___cmd_ps_name                     0x08004703   Data           9  msh.o(.rodata.name)
    __fsym___cmd_ps_desc                     0x0800470c   Data          28  msh.o(.rodata.name)
    __fsym___cmd_free_name                   0x08004728   Data          11  msh.o(.rodata.name)
    __fsym___cmd_free_desc                   0x08004733   Data          37  msh.o(.rodata.name)
    __rt_init_rti_start                      0x08004758   Data           4  components.o(.rti_fn.0)
    __rt_init_rti_board_start                0x0800475c   Data           4  components.o(.rti_fn.0.end)
    __rt_init_uart_init                      0x08004760   Data           4  board.o(.rti_fn.1)
    __rt_init_rti_board_end                  0x08004764   Data           4  components.o(.rti_fn.1.end)
    __rt_init_finsh_system_init              0x08004768   Data           4  shell.o(.rti_fn.6)
    __rt_init_rti_end                        0x0800476c   Data           4  components.o(.rti_fn.6.end)
    FSymTab$$Base                            0x08004770   Number         0  mem.o(FSymTab)
    __fsym_list_mem                          0x08004770   Data          12  mem.o(FSymTab)
    __fsym_hello                             0x0800477c   Data          12  cmd.o(FSymTab)
    __fsym_version                           0x08004788   Data          12  cmd.o(FSymTab)
    __fsym___cmd_version                     0x08004794   Data          12  cmd.o(FSymTab)
    __fsym_list_thread                       0x080047a0   Data          12  cmd.o(FSymTab)
    __fsym___cmd_list_thread                 0x080047ac   Data          12  cmd.o(FSymTab)
    __fsym_list_sem                          0x080047b8   Data          12  cmd.o(FSymTab)
    __fsym___cmd_list_sem                    0x080047c4   Data          12  cmd.o(FSymTab)
    __fsym_list_timer                        0x080047d0   Data          12  cmd.o(FSymTab)
    __fsym___cmd_list_timer                  0x080047dc   Data          12  cmd.o(FSymTab)
    __fsym_list                              0x080047e8   Data          12  cmd.o(FSymTab)
    __fsym___cmd_help                        0x080047f4   Data          12  msh.o(FSymTab)
    __fsym___cmd_ps                          0x08004800   Data          12  msh.o(FSymTab)
    __fsym___cmd_free                        0x0800480c   Data          12  msh.o(FSymTab)
    FSymTab$$Limit                           0x08004818   Number         0  msh.o(FSymTab)
    Region$$Table$$Base                      0x08004818   Number         0  anon$$obj.o(Region$$Table)
    Region$$Table$$Limit                     0x08004838   Number         0  anon$$obj.o(Region$$Table)
    p                                        0x20000000   Data           1  bpc_decode.o(.data)
    temp                                     0x20000001   Data           1  bpc_decode.o(.data)
    flag                                     0x20000002   Data           1  bpc_decode.o(.data)
    flag1                                    0x20000003   Data           1  bpc_decode.o(.data)
    flag2                                    0x20000004   Data           1  bpc_decode.o(.data)
    j                                        0x20000005   Data           1  bpc_decode.o(.data)
    x                                        0x20000008   Data           4  bpc_decode.o(.data)
    y                                        0x2000000c   Data           4  bpc_decode.o(.data)
    z                                        0x20000010   Data           4  bpc_decode.o(.data)
    i                                        0x20000014   Data           4  bpc_decode.o(.data)
    DATA                                     0x20000018   Data           8  bpc_decode.o(.data)
    uwTickFreq                               0x20000020   Data           1  stm32f1xx_hal.o(.data)
    uwTickPrio                               0x20000024   Data           4  stm32f1xx_hal.o(.data)
    uwTick                                   0x20000028   Data           4  stm32f1xx_hal.o(.data)
    SystemCoreClock                          0x2000002c   Data           4  system_stm32f1xx.o(.data)
    rt_interrupt_nest                        0x20000034   Data           1  irq.o(.data)
    rt_current_priority                      0x20000080   Data           1  scheduler.o(.data)
    rt_current_thread                        0x20000084   Data           4  scheduler.o(.data)
    rt_thread_ready_priority_group           0x20000088   Data           4  scheduler.o(.data)
    rt_thread_defunct                        0x2000008c   Data           8  scheduler.o(.data)
    rt_interrupt_from_thread                 0x200000a4   Data           4  cpuport.o(.data)
    rt_interrupt_to_thread                   0x200000a8   Data           4  cpuport.o(.data)
    rt_thread_switch_interrupt_flag          0x200000ac   Data           4  cpuport.o(.data)
    _syscall_table_begin                     0x200000b0   Data           4  shell.o(.data)
    _syscall_table_end                       0x200000b4   Data           4  shell.o(.data)
    _sysvar_table_begin                      0x200000b8   Data           4  shell.o(.data)
    _sysvar_table_end                        0x200000bc   Data           4  shell.o(.data)
    shell                                    0x200000c4   Data           4  shell.o(.data)
    Buff                                     0x200000c8   Data          19  bpc_decode.o(.bss)
    hi2c1                                    0x200000dc   Data          84  i2c.o(.bss)
    huart1                                   0x20000130   Data          72  usart.o(.bss)
    rt_thread_priority_table                 0x20000390   Data         256  scheduler.o(.bss)
    __libspace_start                         0x2000415c   Data          96  libspace.o(.bss)
    __temporary_stack_top$libspace           0x200041bc   Data           0  libspace.o(.bss)



==============================================================================

Memory Map of the image

  Image Entry point : 0x080000ed

  Load Region LR_IROM1 (Base: 0x08000000, Size: 0x00004900, Max: 0x00010000, ABSOLUTE)

    Execution Region ER_IROM1 (Base: 0x08000000, Size: 0x00004838, Max: 0x00010000, ABSOLUTE)

    Base Addr    Size         Type   Attr      Idx    E Section Name        Object

    0x08000000   0x000000ec   Data   RO            3    RESET               startup_stm32f103xb.o
    0x080000ec   0x00000008   Code   RO         3587  * !!!main             c_w.l(__main.o)
    0x080000f4   0x00000034   Code   RO         3741    !!!scatter          c_w.l(__scatter.o)
    0x08000128   0x0000001a   Code   RO         3743    !!handler_copy      c_w.l(__scatter_copy.o)
    0x08000142   0x00000002   PAD
    0x08000144   0x0000001c   Code   RO         3745    !!handler_zi        c_w.l(__scatter_zi.o)
    0x08000160   0x00000002   Code   RO         3614    .ARM.Collect$$libinit$$00000000  c_w.l(libinit.o)
    0x08000162   0x00000000   Code   RO         3621    .ARM.Collect$$libinit$$00000002  c_w.l(libinit2.o)
    0x08000162   0x00000000   Code   RO         3624    .ARM.Collect$$libinit$$00000008  c_w.l(libinit2.o)
    0x08000162   0x00000000   Code   RO         3626    .ARM.Collect$$libinit$$0000000A  c_w.l(libinit2.o)
    0x08000162   0x00000000   Code   RO         3628    .ARM.Collect$$libinit$$0000000C  c_w.l(libinit2.o)
    0x08000162   0x00000000   Code   RO         3631    .ARM.Collect$$libinit$$0000000F  c_w.l(libinit2.o)
    0x08000162   0x00000000   Code   RO         3633    .ARM.Collect$$libinit$$00000011  c_w.l(libinit2.o)
    0x08000162   0x00000000   Code   RO         3635    .ARM.Collect$$libinit$$00000013  c_w.l(libinit2.o)
    0x08000162   0x00000000   Code   RO         3637    .ARM.Collect$$libinit$$00000015  c_w.l(libinit2.o)
    0x08000162   0x00000000   Code   RO         3639    .ARM.Collect$$libinit$$00000017  c_w.l(libinit2.o)
    0x08000162   0x00000000   Code   RO         3641    .ARM.Collect$$libinit$$00000019  c_w.l(libinit2.o)
    0x08000162   0x00000000   Code   RO         3643    .ARM.Collect$$libinit$$0000001B  c_w.l(libinit2.o)
    0x08000162   0x00000000   Code   RO         3645    .ARM.Collect$$libinit$$0000001D  c_w.l(libinit2.o)
    0x08000162   0x00000000   Code   RO         3647    .ARM.Collect$$libinit$$0000001F  c_w.l(libinit2.o)
    0x08000162   0x00000000   Code   RO         3649    .ARM.Collect$$libinit$$00000021  c_w.l(libinit2.o)
    0x08000162   0x00000000   Code   RO         3651    .ARM.Collect$$libinit$$00000023  c_w.l(libinit2.o)
    0x08000162   0x00000000   Code   RO         3655    .ARM.Collect$$libinit$$0000002A  c_w.l(libinit2.o)
    0x08000162   0x00000000   Code   RO         3657    .ARM.Collect$$libinit$$0000002C  c_w.l(libinit2.o)
    0x08000162   0x00000000   Code   RO         3659    .ARM.Collect$$libinit$$0000002E  c_w.l(libinit2.o)
    0x08000162   0x00000000   Code   RO         3661    .ARM.Collect$$libinit$$00000030  c_w.l(libinit2.o)
    0x08000162   0x00000002   Code   RO         3662    .ARM.Collect$$libinit$$00000031  c_w.l(libinit2.o)
    0x08000164   0x00000002   Code   RO         3682    .ARM.Collect$$libshutdown$$00000000  c_w.l(libshutdown.o)
    0x08000166   0x00000000   Code   RO         3696    .ARM.Collect$$libshutdown$$00000003  c_w.l(libshutdown2.o)
    0x08000166   0x00000000   Code   RO         3699    .ARM.Collect$$libshutdown$$00000006  c_w.l(libshutdown2.o)
    0x08000166   0x00000000   Code   RO         3702    .ARM.Collect$$libshutdown$$00000009  c_w.l(libshutdown2.o)
    0x08000166   0x00000000   Code   RO         3704    .ARM.Collect$$libshutdown$$0000000B  c_w.l(libshutdown2.o)
    0x08000166   0x00000000   Code   RO         3707    .ARM.Collect$$libshutdown$$0000000E  c_w.l(libshutdown2.o)
    0x08000166   0x00000002   Code   RO         3708    .ARM.Collect$$libshutdown$$0000000F  c_w.l(libshutdown2.o)
    0x08000168   0x00000000   Code   RO         3589    .ARM.Collect$$rtentry$$00000000  c_w.l(rtentry.o)
    0x08000168   0x00000000   Code   RO         3591    .ARM.Collect$$rtentry$$00000002  c_w.l(rtentry2.o)
    0x08000168   0x00000006   Code   RO         3603    .ARM.Collect$$rtentry$$00000004  c_w.l(rtentry4.o)
    0x0800016e   0x00000000   Code   RO         3593    .ARM.Collect$$rtentry$$00000009  c_w.l(rtentry2.o)
    0x0800016e   0x00000004   Code   RO         3594    .ARM.Collect$$rtentry$$0000000A  c_w.l(rtentry2.o)
    0x08000172   0x00000000   Code   RO         3596    .ARM.Collect$$rtentry$$0000000C  c_w.l(rtentry2.o)
    0x08000172   0x00000008   Code   RO         3597    .ARM.Collect$$rtentry$$0000000D  c_w.l(rtentry2.o)
    0x0800017a   0x00000002   Code   RO         3618    .ARM.Collect$$rtexit$$00000000  c_w.l(rtexit.o)
    0x0800017c   0x00000000   Code   RO         3664    .ARM.Collect$$rtexit$$00000002  c_w.l(rtexit2.o)
    0x0800017c   0x00000004   Code   RO         3665    .ARM.Collect$$rtexit$$00000003  c_w.l(rtexit2.o)
    0x08000180   0x00000006   Code   RO         3666    .ARM.Collect$$rtexit$$00000004  c_w.l(rtexit2.o)
    0x08000186   0x00000002   PAD
    0x08000188   0x00000040   Code   RO            4    .text               startup_stm32f103xb.o
    0x080001c8   0x000000f4   Code   RO         2302    .text               context_rvds.o
    0x080002bc   0x00000048   Code   RO         3569    .text               c_w.l(strcpy.o)
    0x08000304   0x0000003e   Code   RO         3571    .text               c_w.l(strlen.o)
    0x08000342   0x00000096   Code   RO         3573    .text               c_w.l(strncmp.o)
    0x080003d8   0x00000018   Code   RO         3575    .text               c_w.l(strcat.o)
    0x080003f0   0x00000064   Code   RO         3577    .text               c_w.l(rt_memcpy_w.o)
    0x08000454   0x00000044   Code   RO         3579    .text               c_w.l(rt_memclr.o)
    0x08000498   0x0000004e   Code   RO         3581    .text               c_w.l(rt_memclr_w.o)
    0x080004e6   0x00000056   Code   RO         3583    .text               c_w.l(strncpy.o)
    0x0800053c   0x00000006   Code   RO         3585    .text               c_w.l(heapauxi.o)
    0x08000542   0x0000004a   Code   RO         3605    .text               c_w.l(sys_stackheap_outer.o)
    0x0800058c   0x0000000c   Code   RO         3607    .text               c_w.l(exit.o)
    0x08000598   0x00000008   Code   RO         3615    .text               c_w.l(libspace.o)
    0x080005a0   0x0000000c   Code   RO         3674    .text               c_w.l(sys_exit.o)
    0x080005ac   0x00000002   Code   RO         3685    .text               c_w.l(use_no_semi.o)
    0x080005ae   0x00000000   Code   RO         3687    .text               c_w.l(indicate_semi.o)
    0x080005ae   0x0000000a   Code   RO         2347    i.$Sub$$main        components.o
    0x080005b8   0x00000188   Code   RO           13    i.BPC_DECODE        bpc_decode.o
    0x08000740   0x000000b4   Code   RO           14    i.BPC_timer_callback  bpc_decode.o
    0x080007f4   0x00000002   Code   RO          336    i.BusFault_Handler  stm32f1xx_it.o
    0x080007f6   0x00000002   Code   RO          337    i.DebugMon_Handler  stm32f1xx_it.o
    0x080007f8   0x00000004   Code   RO          175    i.Error_Handler     main.o
    0x080007fc   0x00000010   Code   RO           15    i.GPIO_ReadInputDataBit  bpc_decode.o
    0x0800080c   0x00000046   Code   RO         1272    i.HAL_DMA_Abort     stm32f1xx_hal_dma.o
    0x08000852   0x00000002   PAD
    0x08000854   0x00000098   Code   RO         1273    i.HAL_DMA_Abort_IT  stm32f1xx_hal_dma.o
    0x080008ec   0x000001e0   Code   RO         1208    i.HAL_GPIO_Init     stm32f1xx_hal_gpio.o
    0x08000acc   0x0000000a   Code   RO         1210    i.HAL_GPIO_ReadPin  stm32f1xx_hal_gpio.o
    0x08000ad6   0x00000002   PAD
    0x08000ad8   0x0000000c   Code   RO          902    i.HAL_GetTick       stm32f1xx_hal.o
    0x08000ae4   0x0000017c   Code   RO          465    i.HAL_I2C_Init      stm32f1xx_hal_i2c.o
    0x08000c60   0x0000005c   Code   RO          253    i.HAL_I2C_MspInit   i2c.o
    0x08000cbc   0x00000024   Code   RO          909    i.HAL_Init          stm32f1xx_hal.o
    0x08000ce0   0x00000040   Code   RO          910    i.HAL_InitTick      stm32f1xx_hal.o
    0x08000d20   0x0000003c   Code   RO          394    i.HAL_MspInit       stm32f1xx_hal_msp.o
    0x08000d5c   0x0000001a   Code   RO         1368    i.HAL_NVIC_EnableIRQ  stm32f1xx_hal_cortex.o
    0x08000d76   0x00000002   PAD
    0x08000d78   0x00000040   Code   RO         1374    i.HAL_NVIC_SetPriority  stm32f1xx_hal_cortex.o
    0x08000db8   0x00000024   Code   RO         1375    i.HAL_NVIC_SetPriorityGrouping  stm32f1xx_hal_cortex.o
    0x08000ddc   0x0000012c   Code   RO         1066    i.HAL_RCC_ClockConfig  stm32f1xx_hal_rcc.o
    0x08000f08   0x0000000c   Code   RO         1071    i.HAL_RCC_GetHCLKFreq  stm32f1xx_hal_rcc.o
    0x08000f14   0x00000020   Code   RO         1073    i.HAL_RCC_GetPCLK1Freq  stm32f1xx_hal_rcc.o
    0x08000f34   0x00000020   Code   RO         1074    i.HAL_RCC_GetPCLK2Freq  stm32f1xx_hal_rcc.o
    0x08000f54   0x0000004c   Code   RO         1075    i.HAL_RCC_GetSysClockFreq  stm32f1xx_hal_rcc.o
    0x08000fa0   0x00000320   Code   RO         1078    i.HAL_RCC_OscConfig  stm32f1xx_hal_rcc.o
    0x080012c0   0x00000028   Code   RO         1379    i.HAL_SYSTICK_Config  stm32f1xx_hal_cortex.o
    0x080012e8   0x00000002   Code   RO         1916    i.HAL_UARTEx_RxEventCallback  stm32f1xx_hal_uart.o
    0x080012ea   0x00000002   Code   RO         1930    i.HAL_UART_ErrorCallback  stm32f1xx_hal_uart.o
    0x080012ec   0x0000026c   Code   RO         1933    i.HAL_UART_IRQHandler  stm32f1xx_hal_uart.o
    0x08001558   0x00000064   Code   RO         1934    i.HAL_UART_Init     stm32f1xx_hal_uart.o
    0x080015bc   0x00000080   Code   RO          295    i.HAL_UART_MspInit  usart.o
    0x0800163c   0x00000002   Code   RO         1940    i.HAL_UART_RxCpltCallback  stm32f1xx_hal_uart.o
    0x0800163e   0x0000009a   Code   RO         1942    i.HAL_UART_Transmit  stm32f1xx_hal_uart.o
    0x080016d8   0x00000002   Code   RO         1945    i.HAL_UART_TxCpltCallback  stm32f1xx_hal_uart.o
    0x080016da   0x00000002   PAD
    0x080016dc   0x00000048   Code   RO          228    i.MX_GPIO_Init      gpio.o
    0x08001724   0x00000040   Code   RO          254    i.MX_I2C1_Init      i2c.o
    0x08001764   0x00000038   Code   RO          296    i.MX_USART1_UART_Init  usart.o
    0x0800179c   0x00000002   Code   RO          338    i.MemManage_Handler  stm32f1xx_it.o
    0x0800179e   0x00000002   Code   RO          339    i.NMI_Handler       stm32f1xx_it.o
    0x080017a0   0x00000012   Code   RO         3259    i.SysTick_Handler   board.o
    0x080017b2   0x00000050   Code   RO          176    i.SystemClock_Config  main.o
    0x08001802   0x00000002   PAD
    0x08001804   0x00000068   Code   RO         2267    i.SystemCoreClockUpdate  system_stm32f1xx.o
    0x0800186c   0x00000002   Code   RO         2268    i.SystemInit        system_stm32f1xx.o
    0x0800186e   0x00000010   Code   RO         1947    i.UART_DMAAbortOnError  stm32f1xx_hal_uart.o
    0x0800187e   0x0000004e   Code   RO         1957    i.UART_EndRxTransfer  stm32f1xx_hal_uart.o
    0x080018cc   0x000000c2   Code   RO         1959    i.UART_Receive_IT   stm32f1xx_hal_uart.o
    0x0800198e   0x00000002   PAD
    0x08001990   0x0000008c   Code   RO         1960    i.UART_SetConfig    stm32f1xx_hal_uart.o
    0x08001a1c   0x00000078   Code   RO         1963    i.UART_WaitOnFlagUntilTimeout  stm32f1xx_hal_uart.o
    0x08001a94   0x0000000c   Code   RO          340    i.USART1_IRQHandler  stm32f1xx_it.o
    0x08001aa0   0x00000002   Code   RO          341    i.UsageFault_Handler  stm32f1xx_it.o
    0x08001aa2   0x00000020   Code   RO         1381    i.__NVIC_SetPriority  stm32f1xx_hal_cortex.o
    0x08001ac2   0x00000002   PAD
    0x08001ac4   0x00000044   Code   RO         2549    i.__rt_ffs          kservice.o
    0x08001b08   0x0000009c   Code   RO         3418    i._msh_exec_cmd     msh.o
    0x08001ba4   0x00000080   Code   RO         2967    i._rt_thread_init   thread.o
    0x08001c24   0x0000001c   Code   RO         3097    i._rt_timer_init    timer.o
    0x08001c40   0x00000006   Code   RO         3098    i._rt_timer_remove  timer.o
    0x08001c46   0x0000001c   Code   RO         2968    i._thread_cleanup_execute  thread.o
    0x08001c62   0x00000002   PAD
    0x08001c64   0x000000e8   Code   RO         3194    i.bus_fault_track   cpuport.o
    0x08001d4c   0x0000000a   Code   RO         3419    i.cmd_free          msh.o
    0x08001d56   0x0000000a   Code   RO         3420    i.cmd_ps            msh.o
    0x08001d60   0x00000060   Code   RO         3486    i.finsh_get_prompt  shell.o
    0x08001dc0   0x00000014   Code   RO         3490    i.finsh_set_prompt_mode  shell.o
    0x08001dd4   0x0000000c   Code   RO         3491    i.finsh_system_function_init  shell.o
    0x08001de0   0x00000094   Code   RO         3492    i.finsh_system_init  shell.o
    0x08001e74   0x0000028c   Code   RO         3494    i.finsh_thread_entry  shell.o
    0x08002100   0x00000078   Code   RO         3195    i.hard_fault_track  cpuport.o
    0x08002178   0x00000020   Code   RO         3319    i.hello             cmd.o
    0x08002198   0x00000064   Code   RO         3320    i.list              cmd.o
    0x080021fc   0x00000024   Code   RO         3321    i.list_find_init    cmd.o
    0x08002220   0x00000066   Code   RO         3322    i.list_get_next     cmd.o
    0x08002286   0x00000002   PAD
    0x08002288   0x0000006c   Code   RO         2723    i.list_mem          mem.o
    0x080022f4   0x00000140   Code   RO         3323    i.list_sem          cmd.o
    0x08002434   0x000001b8   Code   RO         3324    i.list_thread       cmd.o
    0x080025ec   0x00000140   Code   RO         3325    i.list_timer        cmd.o
    0x0800272c   0x00000050   Code   RO          177    i.main              main.o
    0x0800277c   0x0000000e   Code   RO         2348    i.main_thread_entry  components.o
    0x0800278a   0x00000002   PAD
    0x0800278c   0x000000d8   Code   RO         3196    i.mem_manage_fault_track  cpuport.o
    0x08002864   0x000000ac   Code   RO         3421    i.msh_auto_complete  msh.o
    0x08002910   0x00000064   Code   RO         3422    i.msh_exec          msh.o
    0x08002974   0x00000078   Code   RO         3423    i.msh_help          msh.o
    0x080029ec   0x00000004   Code   RO         3424    i.msh_is_used       msh.o
    0x080029f0   0x000000d0   Code   RO         3425    i.msh_split         msh.o
    0x08002ac0   0x00000018   Code   RO         3326    i.object_split      cmd.o
    0x08002ad8   0x00000054   Code   RO         2724    i.plug_holes        mem.o
    0x08002b2c   0x00000130   Code   RO         2551    i.print_number      kservice.o
    0x08002c5c   0x0000002c   Code   RO         2349    i.rt_application_init  components.o
    0x08002c88   0x0000001a   Code   RO         2725    i.rt_calloc         mem.o
    0x08002ca2   0x00000002   PAD
    0x08002ca4   0x0000001c   Code   RO         2350    i.rt_components_board_init  components.o
    0x08002cc0   0x0000001c   Code   RO         2351    i.rt_components_init  components.o
    0x08002cdc   0x0000001c   Code   RO         2900    i.rt_enter_critical  scheduler.o
    0x08002cf8   0x00000038   Code   RO         2901    i.rt_exit_critical  scheduler.o
    0x08002d30   0x000000c4   Code   RO         2726    i.rt_free           mem.o
    0x08002df4   0x00000008   Code   RO         3260    i.rt_heap_begin_get  board.o
    0x08002dfc   0x00000008   Code   RO         3261    i.rt_heap_end_get   board.o
    0x08002e04   0x00000036   Code   RO         3262    i.rt_hw_board_init  board.o
    0x08002e3a   0x00000002   PAD
    0x08002e3c   0x00000028   Code   RO         3263    i.rt_hw_console_getchar  board.o
    0x08002e64   0x00000048   Code   RO         3264    i.rt_hw_console_output  board.o
    0x08002eac   0x000001fc   Code   RO         3200    i.rt_hw_hard_fault_exception  cpuport.o
    0x080030a8   0x00000038   Code   RO         3201    i.rt_hw_stack_init  cpuport.o
    0x080030e0   0x0000001c   Code   RO         2522    i.rt_interrupt_enter  irq.o
    0x080030fc   0x0000001c   Code   RO         2524    i.rt_interrupt_leave  irq.o
    0x08003118   0x00000020   Code   RO         2555    i.rt_kprintf        kservice.o
    0x08003138   0x0000000e   Code   RO         2812    i.rt_list_insert_after  object.o
    0x08003146   0x0000000e   Code   RO         2969    i.rt_list_insert_after  thread.o
    0x08003154   0x0000000e   Code   RO         3099    i.rt_list_insert_after  timer.o
    0x08003162   0x0000000e   Code   RO         2456    i.rt_list_insert_before  ipc.o
    0x08003170   0x00000012   Code   RO         3327    i.rt_list_len       cmd.o
    0x08003182   0x00000012   Code   RO         2813    i.rt_list_remove    object.o
    0x08003194   0x00000012   Code   RO         2970    i.rt_list_remove    thread.o
    0x080031a6   0x00000012   Code   RO         3100    i.rt_list_remove    timer.o
    0x080031b8   0x000000f0   Code   RO         2727    i.rt_malloc         mem.o
    0x080032a8   0x00000032   Code   RO         2560    i.rt_memmove        kservice.o
    0x080032da   0x00000002   PAD
    0x080032dc   0x00000046   Code   RO         2561    i.rt_memset         kservice.o
    0x08003322   0x00000050   Code   RO         2814    i.rt_object_allocate  object.o
    0x08003372   0x00000026   Code   RO         2815    i.rt_object_delete  object.o
    0x08003398   0x00000020   Code   RO         2816    i.rt_object_detach  object.o
    0x080033b8   0x00000024   Code   RO         2818    i.rt_object_get_information  object.o
    0x080033dc   0x00000050   Code   RO         2822    i.rt_object_init    object.o
    0x0800342c   0x0000000e   Code   RO         2823    i.rt_object_is_systemobject  object.o
    0x0800343a   0x00000002   PAD
    0x0800343c   0x00000058   Code   RO         2902    i.rt_schedule       scheduler.o
    0x08003494   0x00000050   Code   RO         2903    i.rt_schedule_insert_thread  scheduler.o
    0x080034e4   0x00000048   Code   RO         2904    i.rt_schedule_remove_thread  scheduler.o
    0x0800352c   0x00000024   Code   RO         2461    i.rt_sem_init       ipc.o
    0x08003550   0x0000004a   Code   RO         2462    i.rt_sem_release    ipc.o
    0x0800359a   0x000000ae   Code   RO         2463    i.rt_sem_take       ipc.o
    0x08003648   0x000000b0   Code   RO         2563    i.rt_show_version   kservice.o
    0x080036f8   0x00000010   Code   RO         2569    i.rt_strlen         kservice.o
    0x08003708   0x00000026   Code   RO         2571    i.rt_strncpy        kservice.o
    0x0800372e   0x00000002   PAD
    0x08003730   0x000000ac   Code   RO         2730    i.rt_system_heap_init  mem.o
    0x080037dc   0x00000034   Code   RO         2905    i.rt_system_scheduler_init  scheduler.o
    0x08003810   0x00000028   Code   RO         2906    i.rt_system_scheduler_start  scheduler.o
    0x08003838   0x0000000c   Code   RO         3101    i.rt_system_timer_init  timer.o
    0x08003844   0x00000002   Code   RO         3102    i.rt_system_timer_thread_init  timer.o
    0x08003846   0x00000048   Code   RO         2972    i.rt_thread_create  thread.o
    0x0800388e   0x00000002   PAD
    0x08003890   0x0000005c   Code   RO         2977    i.rt_thread_exit    thread.o
    0x080038ec   0x00000006   Code   RO         2420    i.rt_thread_idle_entry  idle.o
    0x080038f2   0x00000002   PAD
    0x080038f4   0x0000004c   Code   RO         2421    i.rt_thread_idle_excute  idle.o
    0x08003940   0x00000038   Code   RO         2423    i.rt_thread_idle_init  idle.o
    0x08003978   0x00000030   Code   RO         2979    i.rt_thread_init    thread.o
    0x080039a8   0x0000000e   Code   RO         2980    i.rt_thread_mdelay  thread.o
    0x080039b6   0x0000003c   Code   RO         2981    i.rt_thread_resume  thread.o
    0x080039f2   0x00000002   PAD
    0x080039f4   0x0000000c   Code   RO         2982    i.rt_thread_self    thread.o
    0x08003a00   0x00000040   Code   RO         2983    i.rt_thread_sleep   thread.o
    0x08003a40   0x0000002c   Code   RO         2984    i.rt_thread_startup  thread.o
    0x08003a6c   0x00000042   Code   RO         2985    i.rt_thread_suspend  thread.o
    0x08003aae   0x00000020   Code   RO         2986    i.rt_thread_timeout  thread.o
    0x08003ace   0x00000002   PAD
    0x08003ad0   0x00000060   Code   RO         2987    i.rt_thread_yield   thread.o
    0x08003b30   0x00000032   Code   RO         2307    i.rt_tick_from_millisecond  clock.o
    0x08003b62   0x00000002   PAD
    0x08003b64   0x0000000c   Code   RO         2308    i.rt_tick_get       clock.o
    0x08003b70   0x0000002c   Code   RO         2309    i.rt_tick_increase  clock.o
    0x08003b9c   0x0000008c   Code   RO         3103    i.rt_timer_check    timer.o
    0x08003c28   0x00000048   Code   RO         3104    i.rt_timer_control  timer.o
    0x08003c70   0x0000002e   Code   RO         3105    i.rt_timer_create   timer.o
    0x08003c9e   0x00000028   Code   RO         3107    i.rt_timer_detach   timer.o
    0x08003cc6   0x00000028   Code   RO         3108    i.rt_timer_init     timer.o
    0x08003cee   0x00000002   PAD
    0x08003cf0   0x00000084   Code   RO         3110    i.rt_timer_start    timer.o
    0x08003d74   0x0000002e   Code   RO         3111    i.rt_timer_stop     timer.o
    0x08003da2   0x00000002   PAD
    0x08003da4   0x00000284   Code   RO         2574    i.rt_vsnprintf      kservice.o
    0x08004028   0x00000004   Code   RO         2352    i.rti_board_end     components.o
    0x0800402c   0x00000004   Code   RO         2353    i.rti_board_start   components.o
    0x08004030   0x00000004   Code   RO         2354    i.rti_end           components.o
    0x08004034   0x00000004   Code   RO         2355    i.rti_start         components.o
    0x08004038   0x0000002a   Code   RO         2356    i.rtthread_startup  components.o
    0x08004062   0x00000028   Code   RO         2576    i.skip_atoi         kservice.o
    0x0800408a   0x00000002   PAD
    0x0800408c   0x00000238   Code   RO           16    i.startGetTime      bpc_decode.o
    0x080042c4   0x00000034   Code   RO         3265    i.uart_init         board.o
    0x080042f8   0x000000d0   Code   RO         3202    i.usage_fault_track  cpuport.o
    0x080043c8   0x0000000a   Code   RO         3328    i.version           cmd.o
    0x080043d2   0x00000012   Data   RO         1079    .constdata          stm32f1xx_hal_rcc.o
    0x080043e4   0x00000010   Data   RO         2269    .constdata          system_stm32f1xx.o
    0x080043f4   0x00000008   Data   RO         2270    .constdata          system_stm32f1xx.o
    0x080043fc   0x00000122   Data   RO         2578    .constdata          kservice.o
    0x0800451e   0x00000002   PAD
    0x08004520   0x00000044   Data   RO         3329    .conststring        cmd.o
    0x08004564   0x00000009   Data   RO         2733    .rodata.name        mem.o
    0x0800456d   0x0000001e   Data   RO         2734    .rodata.name        mem.o
    0x0800458b   0x00000006   Data   RO         3330    .rodata.name        cmd.o
    0x08004591   0x00000010   Data   RO         3331    .rodata.name        cmd.o
    0x080045a1   0x00000008   Data   RO         3332    .rodata.name        cmd.o
    0x080045a9   0x00000023   Data   RO         3333    .rodata.name        cmd.o
    0x080045cc   0x0000000e   Data   RO         3334    .rodata.name        cmd.o
    0x080045da   0x00000023   Data   RO         3335    .rodata.name        cmd.o
    0x080045fd   0x0000000c   Data   RO         3336    .rodata.name        cmd.o
    0x08004609   0x0000000c   Data   RO         3337    .rodata.name        cmd.o
    0x08004615   0x00000012   Data   RO         3338    .rodata.name        cmd.o
    0x08004627   0x0000000c   Data   RO         3339    .rodata.name        cmd.o
    0x08004633   0x00000009   Data   RO         3340    .rodata.name        cmd.o
    0x0800463c   0x00000019   Data   RO         3341    .rodata.name        cmd.o
    0x08004655   0x0000000f   Data   RO         3342    .rodata.name        cmd.o
    0x08004664   0x00000019   Data   RO         3343    .rodata.name        cmd.o
    0x0800467d   0x0000000b   Data   RO         3344    .rodata.name        cmd.o
    0x08004688   0x00000015   Data   RO         3345    .rodata.name        cmd.o
    0x0800469d   0x00000011   Data   RO         3346    .rodata.name        cmd.o
    0x080046ae   0x00000015   Data   RO         3347    .rodata.name        cmd.o
    0x080046c3   0x00000005   Data   RO         3348    .rodata.name        cmd.o
    0x080046c8   0x0000001a   Data   RO         3349    .rodata.name        cmd.o
    0x080046e2   0x0000000b   Data   RO         3426    .rodata.name        msh.o
    0x080046ed   0x00000016   Data   RO         3427    .rodata.name        msh.o
    0x08004703   0x00000009   Data   RO         3428    .rodata.name        msh.o
    0x0800470c   0x0000001c   Data   RO         3429    .rodata.name        msh.o
    0x08004728   0x0000000b   Data   RO         3430    .rodata.name        msh.o
    0x08004733   0x00000025   Data   RO         3431    .rodata.name        msh.o
    0x08004758   0x00000004   Data   RO         2357    .rti_fn.0           components.o
    0x0800475c   0x00000004   Data   RO         2358    .rti_fn.0.end       components.o
    0x08004760   0x00000004   Data   RO         3267    .rti_fn.1           board.o
    0x08004764   0x00000004   Data   RO         2359    .rti_fn.1.end       components.o
    0x08004768   0x00000004   Data   RO         3497    .rti_fn.6           shell.o
    0x0800476c   0x00000004   Data   RO         2360    .rti_fn.6.end       components.o
    0x08004770   0x0000000c   Data   RO         2735    FSymTab             mem.o
    0x0800477c   0x00000078   Data   RO         3350    FSymTab             cmd.o
    0x080047f4   0x00000024   Data   RO         3432    FSymTab             msh.o
    0x08004818   0x00000020   Data   RO         3739    Region$$Table       anon$$obj.o


    Execution Region RW_IRAM1 (Base: 0x20000000, Size: 0x000047c0, Max: 0x00005000, ABSOLUTE)

    Base Addr    Size         Type   Attr      Idx    E Section Name        Object

    0x20000000   0x00000020   Data   RW           18    .data               bpc_decode.o
    0x20000020   0x0000000c   Data   RW          916    .data               stm32f1xx_hal.o
    0x2000002c   0x00000004   Data   RW         2271    .data               system_stm32f1xx.o
    0x20000030   0x00000004   Data   RW         2311    .data               clock.o
    0x20000034   0x00000001   Data   RW         2525    .data               irq.o
    0x20000035   0x00000003   PAD
    0x20000038   0x00000018   Data   RW         2732    .data               mem.o
    0x20000050   0x00000030   Data   RW         2825    .data               object.o
    0x20000080   0x00000014   Data   RW         2908    .data               scheduler.o
    0x20000094   0x0000000c   Data   RW         3112    .data               timer.o
    0x200000a0   0x00000004   Data   RW         3203    .data               cpuport.o
    0x200000a4   0x00000004   Data   RW         3204    .data               cpuport.o
    0x200000a8   0x00000004   Data   RW         3205    .data               cpuport.o
    0x200000ac   0x00000004   Data   RW         3206    .data               cpuport.o
    0x200000b0   0x00000018   Data   RW         3496    .data               shell.o
    0x200000c8   0x00000013   Zero   RW           17    .bss                bpc_decode.o
    0x200000db   0x00000001   PAD
    0x200000dc   0x00000054   Zero   RW          255    .bss                i2c.o
    0x20000130   0x00000048   Zero   RW          297    .bss                usart.o
    0x20000178   0x00000178   Zero   RW         2424    .bss                idle.o
    0x200002f0   0x00000080   Zero   RW         2577    .bss                kservice.o
    0x20000370   0x00000020   Zero   RW         2731    .bss                mem.o
    0x20000390   0x00000100   Zero   RW         2907    .bss                scheduler.o
    0x20000490   0x00003c48   Zero   RW         3266    .bss                board.o
    0x200040d8   0x00000081   Zero   RW         3495    .bss                shell.o
    0x20004159   0x00000003   PAD
    0x2000415c   0x00000060   Zero   RW         3616    .bss                c_w.l(libspace.o)
    0x200041bc   0x00000004   PAD
    0x200041c0   0x00000200   Zero   RW            2    HEAP                startup_stm32f103xb.o
    0x200043c0   0x00000400   Zero   RW            1    STACK               startup_stm32f103xb.o


==============================================================================

Image component sizes


      Code (inc. data)   RO Data    RW Data    ZI Data      Debug   Object Name

       252         30          4          0      15432       5040   board.o
      1156        346          0         32         19     411745   bpc_decode.o
       106         12          0          4          0       1916   clock.o
      1402        532        531          0          0      12600   cmd.o
       182         28         16          0          0       6246   components.o
       244         28          0          0          0        832   context_rvds.o
      1340        718          0         16          0       5726   cpuport.o
        72          8          0          0          0        843   gpio.o
       156         26          0          0         84       1577   i2c.o
       138         22          0          0        376       5210   idle.o
       298          0          0          0          0       6121   ipc.o
        56         12          0          1          0       1742   irq.o
      1438        162        290          0        128       9409   kservice.o
       164         28          0          0          0       1928   main.o
       826        248         51         24         32       5163   mem.o
       780        162        154          0          0       7424   msh.o
       312          6          0         48          0       8220   object.o
       416         56          0         20        256       8334   scheduler.o
       928        136          4         24        129      10324   shell.o
        64         26        236          0       1536        804   startup_stm32f103xb.o
       112         20          0         12          0       4743   stm32f1xx_hal.o
       198         14          0          0          0      28531   stm32f1xx_hal_cortex.o
       222          4          0          0          0       1663   stm32f1xx_hal_dma.o
       490         34          0          0          0       2559   stm32f1xx_hal_gpio.o
       380         16          0          0          0       3031   stm32f1xx_hal_i2c.o
        60          8          0          0          0        858   stm32f1xx_hal_msp.o
      1252         90         18          0          0       5252   stm32f1xx_hal_rcc.o
      1430          8          0          0          0       8988   stm32f1xx_hal_uart.o
        22          6          0          0          0       2549   stm32f1xx_it.o
       106         22         24          4          0       1695   system_stm32f1xx.o
       788         44          0          0          0      12551   thread.o
       596         20          0         12          0      11466   timer.o
       184         20          0          0         72       1630   usart.o

    ----------------------------------------------------------------------
     16216       2892       1362        200      18068     596720   Object Totals
         0          0         32          0          0          0   (incl. Generated)
        46          0          2          3          4          0   (incl. Padding)

    ----------------------------------------------------------------------

      Code (inc. data)   RO Data    RW Data    ZI Data      Debug   Library Member Name

         8          0          0          0          0         68   __main.o
        52          8          0          0          0          0   __scatter.o
        26          0          0          0          0          0   __scatter_copy.o
        28          0          0          0          0          0   __scatter_zi.o
        12          0          0          0          0         72   exit.o
         6          0          0          0          0        152   heapauxi.o
         0          0          0          0          0          0   indicate_semi.o
         2          0          0          0          0          0   libinit.o
         2          0          0          0          0          0   libinit2.o
         2          0          0          0          0          0   libshutdown.o
         2          0          0          0          0          0   libshutdown2.o
         8          4          0          0         96         68   libspace.o
        68          0          0          0          0         68   rt_memclr.o
        78          0          0          0          0         80   rt_memclr_w.o
       100          0          0          0          0         80   rt_memcpy_w.o
         0          0          0          0          0          0   rtentry.o
        12          0          0          0          0          0   rtentry2.o
         6          0          0          0          0          0   rtentry4.o
         2          0          0          0          0          0   rtexit.o
        10          0          0          0          0          0   rtexit2.o
        24          0          0          0          0         68   strcat.o
        72          0          0          0          0         80   strcpy.o
        62          0          0          0          0         76   strlen.o
       150          0          0          0          0         80   strncmp.o
        86          0          0          0          0         76   strncpy.o
        12          4          0          0          0         68   sys_exit.o
        74          0          0          0          0         80   sys_stackheap_outer.o
         2          0          0          0          0         68   use_no_semi.o

    ----------------------------------------------------------------------
       910         16          0          0        100       1184   Library Totals
         4          0          0          0          4          0   (incl. Padding)

    ----------------------------------------------------------------------

      Code (inc. data)   RO Data    RW Data    ZI Data      Debug   Library Name

       906         16          0          0         96       1184   c_w.l

    ----------------------------------------------------------------------
       910         16          0          0        100       1184   Library Totals

    ----------------------------------------------------------------------

==============================================================================


      Code (inc. data)   RO Data    RW Data    ZI Data      Debug   

     17126       2908       1362        200      18168     588800   Grand Totals
     17126       2908       1362        200      18168     588800   ELF Image Totals
     17126       2908       1362        200          0          0   ROM Totals

==============================================================================

    Total RO  Size (Code + RO Data)                18488 (  18.05kB)
    Total RW  Size (RW Data + ZI Data)             18368 (  17.94kB)
    Total ROM Size (Code + RO Data + RW Data)      18688 (  18.25kB)

==============================================================================

