<html>
<body>
<pre>
<h1>µVision Build Log</h1>
<h2>Project:</h2>
D:\workes\Feed\Automatic_feeding_system\liwe\MDK-ARM\liwe.uvprojx
Project File Date:  12/26/2023

<h2>Output:</h2>
Rebuild target 'liwe'
assembling startup_stm32f103xb.s...
compiling BPC_DECODE.c...
..\Core\Src\BPC_DECODE.h(8): warning:  #1295-D: Deprecated declaration startGetTime - give arg types
  void startGetTime();
..\Core\Src\BPC_DECODE.c(297): warning:  #870-D: invalid multibyte character sequence
                                rt_kprintf("%d Âπ?",DATA[7]+2000);//Âπ?                                                 ^
..\Core\Src\BPC_DECODE.c(298): warning:  #870-D: invalid multibyte character sequence
                                rt_kprintf("%d Êú?, DATA[6]);     //Êú?                                                 ^
..\Core\Src\BPC_DECODE.c(299): warning:  #870-D: invalid multibyte character sequence
                                rt_kprintf("%d Êó?, DATA[5]);     //Êó?                                                 ^
..\Core\Src\BPC_DECODE.c(300): warning:  #870-D: invalid multibyte character sequence
                                rt_kprintf("%d Êó?, DATA[4] ? (DATA[1] + 12) : DATA[1]); //Êó?24Â∞èÊó∂Âà?                                               ^
..\Core\Src\BPC_DECODE.c(301): warning:  #870-D: invalid multibyte character sequence
                                rt_kprintf("%d Âà?, DATA[2]);     //Âà?                                                 ^
..\Core\Src\BPC_DECODE.c(302): warning:  #870-D: invalid multibyte character sequence
                                rt_kprintf("%d Áß?, DATA[0]);     //Áß?                                                 ^
..\Core\Src\BPC_DECODE.c: 7 warnings, 0 errors
compiling main.c...
../Core/Src/BPC_DECODE.h(8): warning:  #1295-D: Deprecated declaration startGetTime - give arg types
  void startGetTime();
../Core/Src/main.c: 1 warning, 0 errors
compiling gpio.c...
compiling i2c.c...
compiling usart.c...
compiling stm32f1xx_it.c...
compiling stm32f1xx_hal_msp.c...
compiling stm32f1xx_hal_gpio_ex.c...
compiling stm32f1xx_hal_i2c.c...
compiling stm32f1xx_hal.c...
compiling stm32f1xx_hal_rcc.c...
compiling stm32f1xx_hal_rcc_ex.c...
compiling stm32f1xx_hal_gpio.c...
compiling stm32f1xx_hal_dma.c...
compiling stm32f1xx_hal_cortex.c...
compiling stm32f1xx_hal_pwr.c...
compiling stm32f1xx_hal_flash.c...
compiling stm32f1xx_hal_flash_ex.c...
compiling stm32f1xx_hal_exti.c...
compiling stm32f1xx_hal_tim.c...
compiling stm32f1xx_hal_tim_ex.c...
compiling stm32f1xx_hal_uart.c...
compiling system_stm32f1xx.c...
assembling context_rvds.S...
compiling clock.c...
compiling components.c...
compiling cpu.c...
compiling idle.c...
compiling ipc.c...
compiling irq.c...
compiling kservice.c...
compiling mem.c...
compiling memheap.c...
compiling mempool.c...
compiling object.c...
compiling scheduler.c...
compiling slab.c...
compiling thread.c...
compiling timer.c...
compiling cpuport.c...
compiling board.c...
compiling cmd.c...
compiling finsh_port.c...
compiling msh.c...
compiling shell.c...
linking...
Program Size: Code=17126 RO-data=1362 RW-data=200 ZI-data=18168  
FromELF: creating hex file...
"liwe\liwe.axf" - 0 Error(s), 8 Warning(s).

<h2>Software Packages used:</h2>

Package Vendor: ARM
                http://www.keil.com/pack/ARM.CMSIS.3.20.4.pack
                ARM::CMSIS:CORE:3.20.0
                Cortex Microcontroller Software Interface Standard (CMSIS) CORE, DSP, RTOS, Driver
   * Component: CORE Version: 3.20.0

<h2>Collection of Component include folders:</h2>
  D:\workes\Feed\Automatic_feeding_system\liwe\MDK-ARM\RTE
  E:\keil\ARM\PACK\ARM\CMSIS\3.20.4\CMSIS\Include
  E:\keil\ARM\PACK\Keil\STM32F1xx_DFP\1.0.4\Device\Include

<h2>Collection of Component Files used:</h2>

   * Component: ARM::CMSIS:CORE:3.20.0
</pre>
</body>
</html>
