<html>
<body>
<pre>
<h1>µVision Build Log</h1>
<h2>Tool Versions:</h2>
IDE-Version: ¦ÌVision V5.38.0.0
Copyright (C) 2022 ARM Ltd and ARM Germany GmbH. All rights reserved.
License Information: lv Ç¬, lv, LIC=585FJ-U1KVG-LQD0Q-NIDY9-T25WQ-ESL0Y
 
Tool Versions:
Toolchain:       MDK-ARM Plus  Version: 5.38.0.0
Toolchain Path:  D:\software\Keil\Core\ARM\ARMCLANG\Bin
C Compiler:      ArmClang.exe V6.19
Assembler:       Armasm.exe V6.19
Linker/Locator:  ArmLink.exe V6.19
Library Manager: ArmAr.exe V6.19
Hex Converter:   FromElf.exe V6.19
CPU DLL:         SARMCM3.DLL V5.38.0.0
Dialog DLL:      DCM.DLL V1.17.5.0
Target DLL:      STLink\ST-LINKIII-KEIL_SWO.dll V3.1.0.0
Dialog DLL:      TCM.DLL V1.56.4.0
 
<h2>Project:</h2>
d:\study\github\Automatic_feeding_system\feeding_system\MDK-ARM\feeding_system.uvprojx
Project File Date:  01/09/2024

<h2>Output:</h2>
*** Using Compiler 'V6.19', folder: 'D:\software\Keil\Core\ARM\ARMCLANG\Bin'
Rebuild target 'feeding_system'
Note: source file '../Middlewares/Third_Party/RealThread_RTOS/src/timer.c' - object file renamed from 'feeding_system\timer.o' to 'feeding_system\timer_1.o'.
compiling stm32f1xx_hal_gpio_ex.c...
compiling globals.c...
compiling usart.c...
compiling feeding.c...
compiling stm32f1xx_hal_msp.c...
assembling startup_stm32f103xb.s...
compiling i2c.c...
compiling gpio.c...
compiling stm32f1xx_it.c...
compiling esp01s.c...
compiling timer.c...
compiling data_structure.c...
compiling BPC_DECODE.c...
compiling main.c...
../Core/Src/oled.c(224): warning: passing 'uint8_t[14]' (aka 'unsigned char[14]') to parameter of type 'char *' converts between pointers to integer types where one is of the unique plain 'char' type and the other is not [-Wpointer-sign]
                    sprintf(DATA, "%04d", timerData->date->year);
                            ^~~~
D:\software\Keil\Core\ARM\ARMCLANG\Bin\..\include\stdio.h(417): note: passing argument to parameter here
extern _ARMABI int sprintf(char * __restrict /*s*/, const char * __restrict /*format*/, ...) __attribute__((__nonnull__(1,2)));
                                                  ^
../Core/Src/oled.c(233): warning: passing 'uint8_t[14]' (aka 'unsigned char[14]') to parameter of type 'char *' converts between pointers to integer types where one is of the unique plain 'char' type and the other is not [-Wpointer-sign]
                    sprintf(DATA, "%02d", timerData->date->month);
                            ^~~~
D:\software\Keil\Core\ARM\ARMCLANG\Bin\..\include\stdio.h(417): note: passing argument to parameter here
extern _ARMABI int sprintf(char * __restrict /*s*/, const char * __restrict /*format*/, ...) __attribute__((__nonnull__(1,2)));
                                                  ^
../Core/Src/oled.c(242): warning: passing 'uint8_t[14]' (aka 'unsigned char[14]') to parameter of type 'char *' converts between pointers to integer types where one is of the unique plain 'char' type and the other is not [-Wpointer-sign]
                    sprintf(DATA, "%02d", timerData->date->day);
                            ^~~~
D:\software\Keil\Core\ARM\ARMCLANG\Bin\..\include\stdio.h(417): note: passing argument to parameter here
extern _ARMABI int sprintf(char * __restrict /*s*/, const char * __restrict /*format*/, ...) __attribute__((__nonnull__(1,2)));
                                                  ^
../Core/Src/oled.c(250): warning: passing 'uint8_t[14]' (aka 'unsigned char[14]') to parameter of type 'char *' converts between pointers to integer types where one is of the unique plain 'char' type and the other is not [-Wpointer-sign]
                    sprintf(DATA, "%02d", timerData->time->h);
                            ^~~~
D:\software\Keil\Core\ARM\ARMCLANG\Bin\..\include\stdio.h(417): note: passing argument to parameter here
extern _ARMABI int sprintf(char * __restrict /*s*/, const char * __restrict /*format*/, ...) __attribute__((__nonnull__(1,2)));
                                                  ^
../Core/Src/oled.c(259): warning: passing 'uint8_t[14]' (aka 'unsigned char[14]') to parameter of type 'char *' converts between pointers to integer types where one is of the unique plain 'char' type and the other is not [-Wpointer-sign]
                    sprintf(DATA, "%02d", timerData->time->m);
                            ^~~~
D:\software\Keil\Core\ARM\ARMCLANG\Bin\..\include\stdio.h(417): note: passing argument to parameter here
extern _ARMABI int sprintf(char * __restrict /*s*/, const char * __restrict /*format*/, ...) __attribute__((__nonnull__(1,2)));
                                                  ^
../Core/Src/oled.c(268): warning: passing 'uint8_t[14]' (aka 'unsigned char[14]') to parameter of type 'char *' converts between pointers to integer types where one is of the unique plain 'char' type and the other is not [-Wpointer-sign]
                    sprintf(DATA, "%02d", timerData->time->s);
                            ^~~~
D:\software\Keil\Core\ARM\ARMCLANG\Bin\..\include\stdio.h(417): note: passing argument to parameter here
extern _ARMABI int sprintf(char * __restrict /*s*/, const char * __restrict /*format*/, ...) __attribute__((__nonnull__(1,2)));
                                                  ^
6 warnings generated.
compiling oled.c...
compiling stm32f1xx_hal.c...
compiling stm32f1xx_hal_rcc_ex.c...
compiling stm32f1xx_hal_rcc.c...
compiling stm32f1xx_hal_gpio.c...
compiling stm32f1xx_hal_pwr.c...
compiling stm32f1xx_hal_cortex.c...
compiling stm32f1xx_hal_tim.c...
compiling stm32f1xx_hal_tim_ex.c...
compiling stm32f1xx_hal_flash.c...
compiling stm32f1xx_hal_dma.c...
compiling stm32f1xx_hal_exti.c...
compiling stm32f1xx_hal_flash_ex.c...
compiling system_stm32f1xx.c...
compiling clock.c...
assembling context_rvds.S...
compiling cpu.c...
compiling components.c...
compiling idle.c...
compiling irq.c...
compiling mempool.c...
compiling memheap.c...
compiling slab.c...
compiling ipc.c...
compiling object.c...
compiling mem.c...
compiling scheduler.c...
compiling stm32f1xx_hal_uart.c...
compiling finsh_port.c...
compiling cpuport.c...
compiling board.c...
compiling thread.c...
compiling timer.c...
compiling shell.c...
compiling cmd.c...
compiling kservice.c...
compiling msh.c...
compiling stm32f1xx_hal_i2c.c...
linking...
Program Size: Code=42120 RO-data=5096 RW-data=1256 ZI-data=18744  
FromELF: creating hex file...
"feeding_system\feeding_system.axf" - 0 Error(s), 6 Warning(s).

<h2>Software Packages used:</h2>

Package Vendor: ARM
                http://www.keil.com/pack/ARM.CMSIS.5.9.0.pack
                ARM.CMSIS.5.9.0
                CMSIS (Common Microcontroller Software Interface Standard)
   * Component: CORE Version: 5.6.0

Package Vendor: Keil
                http://www.keil.com/pack/Keil.STM32F1xx_DFP.2.3.0.pack
                Keil.STM32F1xx_DFP.2.3.0
                STMicroelectronics STM32F1 Series Device Support, Drivers and Examples

<h2>Collection of Component include folders:</h2>
  ./RTE/_feeding_system
  D:/software/Keil/Packs/ARM/CMSIS/5.9.0/CMSIS/Core/Include
  D:/software/Keil/Packs/Keil/STM32F1xx_DFP/2.3.0/Device/Include

<h2>Collection of Component Files used:</h2>

   * Component: ARM::CMSIS:CORE:5.6.0
      Include file:  CMSIS/Core/Include/tz_context.h
Build Time Elapsed:  00:00:04
</pre>
</body>
</html>
