Component: Arm Compiler for Embedded 6.19 Tool: armlink [5e73cb00]

==============================================================================

Section Cross References

    startup_stm32f103xb.o(STACK) refers (Special) to heapauxi.o(.text) for __use_two_region_memory
    startup_stm32f103xb.o(HEAP) refers (Special) to heapauxi.o(.text) for __use_two_region_memory
    startup_stm32f103xb.o(RESET) refers (Special) to heapauxi.o(.text) for __use_two_region_memory
    startup_stm32f103xb.o(RESET) refers to startup_stm32f103xb.o(STACK) for __initial_sp
    startup_stm32f103xb.o(RESET) refers to startup_stm32f103xb.o(.text) for Reset_Handler
    startup_stm32f103xb.o(RESET) refers to stm32f1xx_it.o(.text.NMI_Handler) for NMI_Handler
    startup_stm32f103xb.o(RESET) refers to context_rvds.o(.text) for HardFault_Handler
    startup_stm32f103xb.o(RESET) refers to stm32f1xx_it.o(.text.MemManage_Handler) for MemManage_Handler
    startup_stm32f103xb.o(RESET) refers to stm32f1xx_it.o(.text.BusFault_Handler) for BusFault_Handler
    startup_stm32f103xb.o(RESET) refers to stm32f1xx_it.o(.text.UsageFault_Handler) for UsageFault_Handler
    startup_stm32f103xb.o(RESET) refers to stm32f1xx_it.o(.text.DebugMon_Handler) for DebugMon_Handler
    startup_stm32f103xb.o(RESET) refers to board.o(.text.SysTick_Handler) for SysTick_Handler
    startup_stm32f103xb.o(RESET) refers to stm32f1xx_it.o(.text.USART1_IRQHandler) for USART1_IRQHandler
    startup_stm32f103xb.o(.text) refers (Special) to heapauxi.o(.text) for __use_two_region_memory
    startup_stm32f103xb.o(.text) refers to system_stm32f1xx.o(.text.SystemInit) for SystemInit
    startup_stm32f103xb.o(.text) refers to __main.o(!!!main) for __main
    startup_stm32f103xb.o(.text) refers to startup_stm32f103xb.o(HEAP) for Heap_Mem
    startup_stm32f103xb.o(.text) refers to startup_stm32f103xb.o(STACK) for Stack_Mem
    data_structure.o(.ARM.exidx.text.setDate) refers to data_structure.o(.text.setDate) for [Anonymous Symbol]
    data_structure.o(.ARM.exidx.text.setTime) refers to data_structure.o(.text.setTime) for [Anonymous Symbol]
    data_structure.o(.text.newDate) refers to h1_alloc.o(.text) for malloc
    data_structure.o(.ARM.exidx.text.newDate) refers to data_structure.o(.text.newDate) for [Anonymous Symbol]
    data_structure.o(.text.newTime) refers to h1_alloc.o(.text) for malloc
    data_structure.o(.ARM.exidx.text.newTime) refers to data_structure.o(.text.newTime) for [Anonymous Symbol]
    data_structure.o(.text.insertPlan) refers to timer.o(.bss..L_MergedGlobals) for planCount
    data_structure.o(.text.insertPlan) refers to h1_realloc.o(.text) for realloc
    data_structure.o(.ARM.exidx.text.insertPlan) refers to data_structure.o(.text.insertPlan) for [Anonymous Symbol]
    timer.o(.text.timerInit) refers to h1_alloc.o(.text) for malloc
    timer.o(.text.timerInit) refers to timer.o(.bss..L_MergedGlobals) for .L_MergedGlobals
    timer.o(.ARM.exidx.text.timerInit) refers to timer.o(.text.timerInit) for [Anonymous Symbol]
    timer.o(.text.setTimerAll) refers to timer.o(.bss..L_MergedGlobals) for .L_MergedGlobals
    timer.o(.ARM.exidx.text.setTimerAll) refers to timer.o(.text.setTimerAll) for [Anonymous Symbol]
    timer.o(.text.setTimerDate) refers to timer.o(.bss..L_MergedGlobals) for .L_MergedGlobals
    timer.o(.ARM.exidx.text.setTimerDate) refers to timer.o(.text.setTimerDate) for [Anonymous Symbol]
    timer.o(.text.setTimerTime) refers to timer.o(.bss..L_MergedGlobals) for .L_MergedGlobals
    timer.o(.ARM.exidx.text.setTimerTime) refers to timer.o(.text.setTimerTime) for [Anonymous Symbol]
    timer.o(.text.setTimerPlan) refers to timer.o(.bss..L_MergedGlobals) for .L_MergedGlobals
    timer.o(.ARM.exidx.text.setTimerPlan) refers to timer.o(.text.setTimerPlan) for [Anonymous Symbol]
    timer.o(.text.getTimerDate) refers to timer.o(.bss..L_MergedGlobals) for .L_MergedGlobals
    timer.o(.ARM.exidx.text.getTimerDate) refers to timer.o(.text.getTimerDate) for [Anonymous Symbol]
    timer.o(.text.getTimerTime) refers to timer.o(.bss..L_MergedGlobals) for .L_MergedGlobals
    timer.o(.ARM.exidx.text.getTimerTime) refers to timer.o(.text.getTimerTime) for [Anonymous Symbol]
    timer.o(.text.timerRun) refers to rt_memclr_w.o(.text) for __aeabi_memclr4
    timer.o(.text.timerRun) refers to timer.o(.bss..L_MergedGlobals) for .L_MergedGlobals
    timer.o(.text.timerRun) refers to kservice.o(.text.rt_kprintf) for rt_kprintf
    timer.o(.text.timerRun) refers to timer.o(.rodata.str1.1) for .L.str.1
    timer.o(.ARM.exidx.text.timerRun) refers to timer.o(.text.timerRun) for [Anonymous Symbol]
    timer.o(.text.isTimeReached) refers to timer.o(.rodata.str1.1) for .L.str.1
    timer.o(.text.isTimeReached) refers to kservice.o(.text.rt_kprintf) for rt_kprintf
    timer.o(.text.isTimeReached) refers to timer.o(.bss..L_MergedGlobals) for .L_MergedGlobals
    timer.o(.ARM.exidx.text.isTimeReached) refers to timer.o(.text.isTimeReached) for [Anonymous Symbol]
[...]
    __lcctype_c_name                         0x080070c8   Data           2  lc_ctype_c.o(locale$$data)
    __lcctype_c_start                        0x080070d0   Data           0  lc_ctype_c.o(locale$$data)
    __lcctype_c_end                          0x080071d4   Data           0  lc_ctype_c.o(locale$$data)
    .L_MergedGlobals                         0x20000000   Data           8  stm32f1xx_hal.o(.data..L_MergedGlobals)
    [Anonymous Symbol]                       0x20000000   Section        0  stm32f1xx_hal.o(.data..L_MergedGlobals)
    rt_object_container                      0x2000000c   Data          48  object.o(.data.rt_object_container)
    [Anonymous Symbol]                       0x2000000c   Section        0  object.o(.data.rt_object_container)
    .bss                                     0x20000040   Section       96  libspace.o(.bss)
    .L_MergedGlobals                         0x200000a0   Data          56  mem.o(.bss..L_MergedGlobals)
    mem_size_aligned                         0x200000a0   Data           4  mem.o(.bss..L_MergedGlobals)
    [Anonymous Symbol]                       0x200000a0   Section        0  mem.o(.bss..L_MergedGlobals)
    heap_ptr                                 0x200000a4   Data           4  mem.o(.bss..L_MergedGlobals)
    heap_end                                 0x200000a8   Data           4  mem.o(.bss..L_MergedGlobals)
    lfree                                    0x200000ac   Data           4  mem.o(.bss..L_MergedGlobals)
    used_mem                                 0x200000b0   Data           4  mem.o(.bss..L_MergedGlobals)
    max_mem                                  0x200000b4   Data           4  mem.o(.bss..L_MergedGlobals)
    heap_sem                                 0x200000b8   Data          32  mem.o(.bss..L_MergedGlobals)
    .L_MergedGlobals                         0x200000d8   Data          20  scheduler.o(.bss..L_MergedGlobals)
    [Anonymous Symbol]                       0x200000d8   Section        0  scheduler.o(.bss..L_MergedGlobals)
    rt_scheduler_lock_nest                   0x200000da   Data           2  scheduler.o(.bss..L_MergedGlobals)
    .L_MergedGlobals                         0x200000ec   Data          12  timer_1.o(.bss..L_MergedGlobals)
    rt_timer_start.random_nr                 0x200000ec   Data           4  timer_1.o(.bss..L_MergedGlobals)
    [Anonymous Symbol]                       0x200000ec   Section        0  timer_1.o(.bss..L_MergedGlobals)
    rt_timer_list                            0x200000f0   Data           8  timer_1.o(.bss..L_MergedGlobals)
    .L_MergedGlobals                         0x200000f8   Data          24  shell.o(.bss..L_MergedGlobals)
    [Anonymous Symbol]                       0x200000f8   Section        0  shell.o(.bss..L_MergedGlobals)
    finsh_prompt_custom                      0x20000108   Data           4  shell.o(.bss..L_MergedGlobals)
    UartHandle                               0x20000110   Data          72  board.o(.bss.UartHandle)
    [Anonymous Symbol]                       0x20000110   Section        0  board.o(.bss.UartHandle)
    finsh_get_prompt.finsh_prompt            0x2000015c   Data         129  shell.o(.bss.finsh_get_prompt.finsh_prompt)
    [Anonymous Symbol]                       0x2000015c   Section        0  shell.o(.bss.finsh_get_prompt.finsh_prompt)
    idle                                     0x200002c4   Data         120  idle.o(.bss.idle)
    [Anonymous Symbol]                       0x200002c4   Section        0  idle.o(.bss.idle)
    rt_exception_hook                        0x2000033c   Data           4  cpuport.o(.bss.rt_exception_hook)
    [Anonymous Symbol]                       0x2000033c   Section        0  cpuport.o(.bss.rt_exception_hook)
    rt_heap                                  0x20000340   Data       15360  board.o(.bss.rt_heap)
    [Anonymous Symbol]                       0x20000340   Section        0  board.o(.bss.rt_heap)
    rt_kprintf.rt_log_buf                    0x20003f4c   Data         128  kservice.o(.bss.rt_kprintf.rt_log_buf)
    [Anonymous Symbol]                       0x20003f4c   Section        0  kservice.o(.bss.rt_kprintf.rt_log_buf)
    rt_thread_stack                          0x200040cc   Data         256  idle.o(.bss.rt_thread_stack)
    [Anonymous Symbol]                       0x200040cc   Section        0  idle.o(.bss.rt_thread_stack)
    rt_tick                                  0x200041d0   Data           4  clock.o(.bss.rt_tick)
    [Anonymous Symbol]                       0x200041d0   Section        0  clock.o(.bss.rt_tick)
    Heap_Mem                                 0x200042b0   Data         512  startup_stm32f103xb.o(HEAP)
    HEAP                                     0x200042b0   Section      512  startup_stm32f103xb.o(HEAP)
    Stack_Mem                                0x200044b0   Data        1024  startup_stm32f103xb.o(STACK)
    STACK                                    0x200044b0   Section     1024  startup_stm32f103xb.o(STACK)
    __initial_sp                             0x200048b0   Data           0  startup_stm32f103xb.o(STACK)

    Global Symbols

    Symbol Name                              Value     Ov Type        Size  Object(Section)

    BuildAttributes$$THM_ISAv4$P$D$K$B$S$PE$A:L22UL41UL21$X:L11$S22US41US21$IEEE1$IW$~IW$USESV6$~STKCKD$USESV7$~SHL$OTIME$ROPI$EBA8$UX$STANDARDLIB$REQ8$PRES8$EABIv2 0x00000000   Number         0  anon$$obj.o ABSOLUTE
    __fp_init_empty                          0x00000000   Number         0  fpinit_empty.o ABSOLUTE
    __ARM_exceptions_init                     - Undefined Weak Reference
    __alloca_initialize                       - Undefined Weak Reference
    __arm_preinit_                            - Undefined Weak Reference
    __arm_relocate_pie_                       - Undefined Weak Reference
    __cpp_initialize__aeabi_                  - Undefined Weak Reference
    __cxa_finalize                            - Undefined Weak Reference
    __sigvec_lookup                           - Undefined Weak Reference
    __user_heap_extent                        - Undefined Weak Reference
    _atexit_init                              - Undefined Weak Reference
    _call_atexit_fns                          - Undefined Weak Reference
    _clock_init                               - Undefined Weak Reference
    _fp_trap_init                             - Undefined Weak Reference
    _fp_trap_shutdown                         - Undefined Weak Reference
    _get_lc_collate                           - Undefined Weak Reference
    _get_lc_monetary                          - Undefined Weak Reference
    _get_lc_numeric                           - Undefined Weak Reference
    _get_lc_time                              - Undefined Weak Reference
    _getenv_init                              - Undefined Weak Reference
    _handle_redirection                       - Undefined Weak Reference
    _initio                                   - Undefined Weak Reference
    _mutex_acquire                            - Undefined Weak Reference
    _mutex_free                               - Undefined Weak Reference
    _mutex_release                            - Undefined Weak Reference
    _printf_mbtowc                            - Undefined Weak Reference
    _printf_post_padding                      - Undefined Weak Reference
    _printf_pre_padding                       - Undefined Weak Reference
    _rand_init                                - Undefined Weak Reference
    _signal_finish                            - Undefined Weak Reference
    _signal_init                              - Undefined Weak Reference
    _terminateio                              - Undefined Weak Reference
    __Vectors_Size                           0x000000ec   Number         0  startup_stm32f103xb.o ABSOLUTE
    __Vectors                                0x08000000   Data           4  startup_stm32f103xb.o(RESET)
    __Vectors_End                            0x080000ec   Data           0  startup_stm32f103xb.o(RESET)
    __main                                   0x080000ed   Thumb Code     8  __main.o(!!!main)
    __scatterload                            0x080000f5   Thumb Code     0  __scatter.o(!!!scatter)
    __scatterload_rt2                        0x080000f5   Thumb Code    44  __scatter.o(!!!scatter)
    __scatterload_rt2_thumb_only             0x080000f5   Thumb Code     0  __scatter.o(!!!scatter)
    __scatterload_null                       0x08000103   Thumb Code     0  __scatter.o(!!!scatter)
    __scatterload_copy                       0x08000129   Thumb Code    26  __scatter_copy.o(!!handler_copy)
    __scatterload_zeroinit                   0x08000145   Thumb Code    28  __scatter_zi.o(!!handler_zi)
    _printf_percent                          0x08000161   Thumb Code     0  _printf_percent.o(.ARM.Collect$$_printf_percent$$00000000)
    _printf_s                                0x08000161   Thumb Code     0  _printf_s.o(.ARM.Collect$$_printf_percent$$00000014)
    _printf_percent_end                      0x08000167   Thumb Code     0  _printf_percent_end.o(.ARM.Collect$$_printf_percent$$00000017)
    __rt_lib_init                            0x0800016b   Thumb Code     0  libinit.o(.ARM.Collect$$libinit$$00000000)
    __rt_lib_init_fp_1                       0x0800016d   Thumb Code     0  libinit2.o(.ARM.Collect$$libinit$$00000002)
    __rt_lib_init_heap_2                     0x0800016d   Thumb Code     0  libinit2.o(.ARM.Collect$$libinit$$00000007)
    __rt_lib_init_preinit_1                  0x0800016d   Thumb Code     0  libinit2.o(.ARM.Collect$$libinit$$00000006)
    __rt_lib_init_relocate_pie_1             0x0800016d   Thumb Code     0  libinit2.o(.ARM.Collect$$libinit$$00000004)
    __rt_lib_init_heap_1                     0x08000175   Thumb Code     0  libinit2.o(.ARM.Collect$$libinit$$0000000C)
    __rt_lib_init_lc_common                  0x08000175   Thumb Code     0  libinit2.o(.ARM.Collect$$libinit$$00000011)
    __rt_lib_init_rand_1                     0x08000175   Thumb Code     0  libinit2.o(.ARM.Collect$$libinit$$00000010)
    __rt_lib_init_user_alloc_1               0x08000175   Thumb Code     0  libinit2.o(.ARM.Collect$$libinit$$0000000E)
    __rt_lib_init_lc_collate_1               0x0800017b   Thumb Code     0  libinit2.o(.ARM.Collect$$libinit$$00000013)
    __rt_lib_init_lc_ctype_2                 0x0800017b   Thumb Code     0  libinit2.o(.ARM.Collect$$libinit$$00000014)
    __rt_lib_init_alloca_1                   0x08000187   Thumb Code     0  libinit2.o(.ARM.Collect$$libinit$$00000030)
    __rt_lib_init_argv_1                     0x08000187   Thumb Code     0  libinit2.o(.ARM.Collect$$libinit$$0000002E)
    __rt_lib_init_atexit_1                   0x08000187   Thumb Code     0  libinit2.o(.ARM.Collect$$libinit$$0000001D)
    __rt_lib_init_clock_1                    0x08000187   Thumb Code     0  libinit2.o(.ARM.Collect$$libinit$$00000023)
    __rt_lib_init_cpp_1                      0x08000187   Thumb Code     0  libinit2.o(.ARM.Collect$$libinit$$00000034)
    __rt_lib_init_exceptions_1               0x08000187   Thumb Code     0  libinit2.o(.ARM.Collect$$libinit$$00000032)
    __rt_lib_init_fp_trap_1                  0x08000187   Thumb Code     0  libinit2.o(.ARM.Collect$$libinit$$00000021)
    __rt_lib_init_getenv_1                   0x08000187   Thumb Code     0  libinit2.o(.ARM.Collect$$libinit$$00000025)
    __rt_lib_init_lc_ctype_1                 0x08000187   Thumb Code     0  libinit2.o(.ARM.Collect$$libinit$$00000015)
    __rt_lib_init_lc_monetary_1              0x08000187   Thumb Code     0  libinit2.o(.ARM.Collect$$libinit$$00000017)
    __rt_lib_init_lc_numeric_1               0x08000187   Thumb Code     0  libinit2.o(.ARM.Collect$$libinit$$00000019)
    __rt_lib_init_lc_time_1                  0x08000187   Thumb Code     0  libinit2.o(.ARM.Collect$$libinit$$0000001B)
    __rt_lib_init_return                     0x08000187   Thumb Code     0  libinit2.o(.ARM.Collect$$libinit$$00000035)
    __rt_lib_init_signal_1                   0x08000187   Thumb Code     0  libinit2.o(.ARM.Collect$$libinit$$0000001F)
    __rt_lib_init_stdio_1                    0x08000187   Thumb Code     0  libinit2.o(.ARM.Collect$$libinit$$00000027)
    __rt_lib_shutdown                        0x08000189   Thumb Code     0  libshutdown.o(.ARM.Collect$$libshutdown$$00000000)
    __rt_lib_shutdown_cpp_1                  0x0800018b   Thumb Code     0  libshutdown2.o(.ARM.Collect$$libshutdown$$00000002)
    __rt_lib_shutdown_fp_trap_1              0x0800018b   Thumb Code     0  libshutdown2.o(.ARM.Collect$$libshutdown$$00000007)
    __rt_lib_shutdown_heap_1                 0x0800018b   Thumb Code     0  libshutdown2.o(.ARM.Collect$$libshutdown$$0000000F)
    __rt_lib_shutdown_return                 0x0800018b   Thumb Code     0  libshutdown2.o(.ARM.Collect$$libshutdown$$00000010)
    __rt_lib_shutdown_signal_1               0x0800018b   Thumb Code     0  libshutdown2.o(.ARM.Collect$$libshutdown$$0000000A)
    __rt_lib_shutdown_stdio_1                0x0800018b   Thumb Code     0  libshutdown2.o(.ARM.Collect$$libshutdown$$00000004)
    __rt_lib_shutdown_user_alloc_1           0x0800018b   Thumb Code     0  libshutdown2.o(.ARM.Collect$$libshutdown$$0000000C)
    __rt_entry                               0x0800018d   Thumb Code     0  __rtentry.o(.ARM.Collect$$rtentry$$00000000)
    __rt_entry_presh_1                       0x0800018d   Thumb Code     0  __rtentry2.o(.ARM.Collect$$rtentry$$00000002)
    __rt_entry_sh                            0x0800018d   Thumb Code     0  __rtentry4.o(.ARM.Collect$$rtentry$$00000004)
    __rt_entry_li                            0x08000193   Thumb Code     0  __rtentry2.o(.ARM.Collect$$rtentry$$0000000A)
    __rt_entry_postsh_1                      0x08000193   Thumb Code     0  __rtentry2.o(.ARM.Collect$$rtentry$$00000009)
    __rt_entry_main                          0x08000197   Thumb Code     0  __rtentry2.o(.ARM.Collect$$rtentry$$0000000D)
    __rt_entry_postli_1                      0x08000197   Thumb Code     0  __rtentry2.o(.ARM.Collect$$rtentry$$0000000C)
    __rt_exit                                0x0800019f   Thumb Code     0  rtexit.o(.ARM.Collect$$rtexit$$00000000)
    __rt_exit_ls                             0x080001a1   Thumb Code     0  rtexit2.o(.ARM.Collect$$rtexit$$00000003)
    __rt_exit_prels_1                        0x080001a1   Thumb Code     0  rtexit2.o(.ARM.Collect$$rtexit$$00000002)
    __rt_exit_exit                           0x080001a5   Thumb Code     0  rtexit2.o(.ARM.Collect$$rtexit$$00000004)
    Reset_Handler                            0x080001ad   Thumb Code     8  startup_stm32f103xb.o(.text)
    SVC_Handler                              0x080001bf   Thumb Code     2  startup_stm32f103xb.o(.text)
    ADC1_2_IRQHandler                        0x080001c7   Thumb Code     0  startup_stm32f103xb.o(.text)
    CAN1_RX1_IRQHandler                      0x080001c7   Thumb Code     0  startup_stm32f103xb.o(.text)
    CAN1_SCE_IRQHandler                      0x080001c7   Thumb Code     0  startup_stm32f103xb.o(.text)
    DMA1_Channel1_IRQHandler                 0x080001c7   Thumb Code     0  startup_stm32f103xb.o(.text)
    DMA1_Channel2_IRQHandler                 0x080001c7   Thumb Code     0  startup_stm32f103xb.o(.text)
    DMA1_Channel3_IRQHandler                 0x080001c7   Thumb Code     0  startup_stm32f103xb.o(.text)
    DMA1_Channel4_IRQHandler                 0x080001c7   Thumb Code     0  startup_stm32f103xb.o(.text)
    DMA1_Channel5_IRQHandler                 0x080001c7   Thumb Code     0  startup_stm32f103xb.o(.text)
    DMA1_Channel6_IRQHandler                 0x080001c7   Thumb Code     0  startup_stm32f103xb.o(.text)
    DMA1_Channel7_IRQHandler                 0x080001c7   Thumb Code     0  startup_stm32f103xb.o(.text)
    EXTI0_IRQHandler                         0x080001c7   Thumb Code     0  startup_stm32f103xb.o(.text)
    EXTI15_10_IRQHandler                     0x080001c7   Thumb Code     0  startup_stm32f103xb.o(.text)
    EXTI1_IRQHandler                         0x080001c7   Thumb Code     0  startup_stm32f103xb.o(.text)
    EXTI2_IRQHandler                         0x080001c7   Thumb Code     0  startup_stm32f103xb.o(.text)
    EXTI3_IRQHandler                         0x080001c7   Thumb Code     0  startup_stm32f103xb.o(.text)
    EXTI4_IRQHandler                         0x080001c7   Thumb Code     0  startup_stm32f103xb.o(.text)
    EXTI9_5_IRQHandler                       0x080001c7   Thumb Code     0  startup_stm32f103xb.o(.text)
    FLASH_IRQHandler                         0x080001c7   Thumb Code     0  startup_stm32f103xb.o(.text)
    I2C1_ER_IRQHandler                       0x080001c7   Thumb Code     0  startup_stm32f103xb.o(.text)
    I2C1_EV_IRQHandler                       0x080001c7   Thumb Code     0  startup_stm32f103xb.o(.text)
    I2C2_ER_IRQHandler                       0x080001c7   Thumb Code     0  startup_stm32f103xb.o(.text)
    I2C2_EV_IRQHandler                       0x080001c7   Thumb Code     0  startup_stm32f103xb.o(.text)
    PVD_IRQHandler                           0x080001c7   Thumb Code     0  startup_stm32f103xb.o(.text)
    RCC_IRQHandler                           0x080001c7   Thumb Code     0  startup_stm32f103xb.o(.text)
    RTC_Alarm_IRQHandler                     0x080001c7   Thumb Code     0  startup_stm32f103xb.o(.text)
    RTC_IRQHandler                           0x080001c7   Thumb Code     0  startup_stm32f103xb.o(.text)
    SPI1_IRQHandler                          0x080001c7   Thumb Code     0  startup_stm32f103xb.o(.text)
    SPI2_IRQHandler                          0x080001c7   Thumb Code     0  startup_stm32f103xb.o(.text)
    TAMPER_IRQHandler                        0x080001c7   Thumb Code     0  startup_stm32f103xb.o(.text)
    TIM1_BRK_IRQHandler                      0x080001c7   Thumb Code     0  startup_stm32f103xb.o(.text)
    TIM1_CC_IRQHandler                       0x080001c7   Thumb Code     0  startup_stm32f103xb.o(.text)
    TIM1_TRG_COM_IRQHandler                  0x080001c7   Thumb Code     0  startup_stm32f103xb.o(.text)
    TIM1_UP_IRQHandler                       0x080001c7   Thumb Code     0  startup_stm32f103xb.o(.text)
    TIM2_IRQHandler                          0x080001c7   Thumb Code     0  startup_stm32f103xb.o(.text)
    TIM3_IRQHandler                          0x080001c7   Thumb Code     0  startup_stm32f103xb.o(.text)
    TIM4_IRQHandler                          0x080001c7   Thumb Code     0  startup_stm32f103xb.o(.text)
    USART2_IRQHandler                        0x080001c7   Thumb Code     0  startup_stm32f103xb.o(.text)
    USART3_IRQHandler                        0x080001c7   Thumb Code     0  startup_stm32f103xb.o(.text)
    USBWakeUp_IRQHandler                     0x080001c7   Thumb Code     0  startup_stm32f103xb.o(.text)
    USB_HP_CAN1_TX_IRQHandler                0x080001c7   Thumb Code     0  startup_stm32f103xb.o(.text)
    USB_LP_CAN1_RX0_IRQHandler               0x080001c7   Thumb Code     0  startup_stm32f103xb.o(.text)
    WWDG_IRQHandler                          0x080001c7   Thumb Code     0  startup_stm32f103xb.o(.text)
    __user_initial_stackheap                 0x080001c9   Thumb Code     0  startup_stm32f103xb.o(.text)
    rt_hw_interrupt_disable                  0x080001ed   Thumb Code     8  context_rvds.o(.text)
    rt_hw_interrupt_enable                   0x080001f5   Thumb Code     6  context_rvds.o(.text)
    rt_hw_context_switch                     0x080001fb   Thumb Code    32  context_rvds.o(.text)
    rt_hw_context_switch_interrupt           0x080001fb   Thumb Code     0  context_rvds.o(.text)
    PendSV_Handler                           0x0800021b   Thumb Code    60  context_rvds.o(.text)
    rt_hw_context_switch_to                  0x08000257   Thumb Code    56  context_rvds.o(.text)
    rt_hw_interrupt_thread_switch            0x0800028f   Thumb Code     2  context_rvds.o(.text)
    HardFault_Handler                        0x08000291   Thumb Code    52  context_rvds.o(.text)
    malloc                                   0x080002e1   Thumb Code    94  h1_alloc.o(.text)
    __2sprintf                               0x08000341   Thumb Code    34  noretval__2sprintf.o(.text)
    __printf                                 0x08000369   Thumb Code   104  __printf.o(.text)
    _printf_str                              0x080003d1   Thumb Code    82  _printf_str.o(.text)
    atoi                                     0x08000423   Thumb Code    26  atoi.o(.text)
    strchr                                   0x0800043d   Thumb Code    20  strchr.o(.text)
    strstr                                   0x08000451   Thumb Code    36  strstr.o(.text)
    strlen                                   0x08000475   Thumb Code    62  strlen.o(.text)
    strncmp                                  0x080004b3   Thumb Code   150  strncmp.o(.text)
    __aeabi_memset                           0x08000549   Thumb Code    16  aeabi_memset.o(.text)
    __aeabi_memclr                           0x08000559   Thumb Code     0  rt_memclr.o(.text)
    __rt_memclr                              0x08000559   Thumb Code     0  rt_memclr.o(.text)
    _memset                                  0x0800055d   Thumb Code    64  rt_memclr.o(.text)
    __aeabi_memclr4                          0x0800059d   Thumb Code     0  rt_memclr_w.o(.text)
    __aeabi_memclr8                          0x0800059d   Thumb Code     0  rt_memclr_w.o(.text)
    __rt_memclr_w                            0x0800059d   Thumb Code     0  rt_memclr_w.o(.text)
    _memset_w                                0x080005a1   Thumb Code    74  rt_memclr_w.o(.text)
    strncpy                                  0x080005eb   Thumb Code    86  strncpy.o(.text)
    __use_two_region_memory                  0x08000641   Thumb Code     2  heapauxi.o(.text)
    __rt_heap_escrow                         0x08000643   Thumb Code     2  heapauxi.o(.text)
    __rt_heap_expand                         0x08000645   Thumb Code     2  heapauxi.o(.text)
    __rt_heap_descriptor                     0x08000649   Thumb Code     8  rt_heap_descriptor_intlibspace.o(.text)
    __aeabi_errno_addr                       0x08000651   Thumb Code     8  rt_errno_addr_intlibspace.o(.text)
    __errno$intlibspace                      0x08000651   Thumb Code     0  rt_errno_addr_intlibspace.o(.text)
    __rt_errno_addr$intlibspace              0x08000651   Thumb Code     0  rt_errno_addr_intlibspace.o(.text)
    __use_no_heap                            0x08000659   Thumb Code     2  hguard.o(.text)
    __heap$guard                             0x0800065b   Thumb Code     2  hguard.o(.text)
    _terminate_user_alloc                    0x0800065d   Thumb Code     2  init_alloc.o(.text)
    _init_user_alloc                         0x0800065f   Thumb Code     2  init_alloc.o(.text)
    __Heap_Full                              0x08000661   Thumb Code    34  init_alloc.o(.text)
    __Heap_Broken                            0x08000683   Thumb Code     6  init_alloc.o(.text)
    _init_alloc                              0x08000689   Thumb Code    94  init_alloc.o(.text)
    __Heap_Initialize                        0x080006e7   Thumb Code    10  h1_init.o(.text)
    __Heap_DescSize                          0x080006f1   Thumb Code     4  h1_init.o(.text)
    free                                     0x080006f5   Thumb Code    78  h1_free.o(.text)
    _printf_char_common                      0x0800074f   Thumb Code    32  _printf_char_common.o(.text)
    _sputc                                   0x08000775   Thumb Code    10  _sputc.o(.text)
    _printf_cs_common                        0x0800077f   Thumb Code    20  _printf_char.o(.text)
    _printf_char                             0x08000793   Thumb Code    16  _printf_char.o(.text)
    _printf_string                           0x080007a3   Thumb Code     8  _printf_char.o(.text)
    strtol                                   0x080007ab   Thumb Code   112  strtol.o(.text)
    __user_libspace                          0x0800081d   Thumb Code     8  libspace.o(.text)
    __user_perproc_libspace                  0x0800081d   Thumb Code     0  libspace.o(.text)
    __user_perthread_libspace                0x0800081d   Thumb Code     0  libspace.o(.text)
    __rt_ctype_table                         0x08000825   Thumb Code    16  rt_ctype_table.o(.text)
    __Heap_ProvideMemory                     0x08000835   Thumb Code    52  h1_extend.o(.text)
    _maybe_terminate_alloc                   0x08000835   Thumb Code     0  maybetermalloc1.o(.text)
    _strtoul                                 0x08000869   Thumb Code   158  _strtoul.o(.text)
    __rt_SIGRTMEM                            0x08000907   Thumb Code    14  defsig_rtmem_outer.o(.text)
    __I$use$semihosting                      0x08000915   Thumb Code     0  use_no_semi.o(.text)
    __use_no_semihosting_swi                 0x08000915   Thumb Code     2  use_no_semi.o(.text)
    __semihosting_library_function           0x08000917   Thumb Code     0  indicate_semi.o(.text)
    __user_setup_stackheap                   0x08000917   Thumb Code    74  sys_stackheap_outer.o(.text)
    __rt_locale                              0x08000961   Thumb Code     8  rt_locale_intlibspace.o(.text)
    _chval                                   0x08000969   Thumb Code    28  _chval.o(.text)
    exit                                     0x08000985   Thumb Code    18  exit.o(.text)
    __sig_exit                               0x08000997   Thumb Code    10  defsig_exit.o(.text)
    __rt_SIGRTMEM_inner                      0x080009a1   Thumb Code    22  defsig_rtmem_inner.o(.text)
    _sys_exit                                0x080009f1   Thumb Code     8  sys_exit.o(.text)
    __default_signal_display                 0x080009fd   Thumb Code    50  defsig_general.o(.text)
    strcmp                                   0x08000a31   Thumb Code   128  strcmpv7m.o(.text)
    _ttywrch                                 0x08000ab1   Thumb Code    14  sys_wrch.o(.text)
    main                                     0x08000ac1   Thumb Code    84  components.o(.text.$Sub$$main)
    BusFault_Handler                         0x08000b15   Thumb Code     2  stm32f1xx_it.o(.text.BusFault_Handler)
    DebugMon_Handler                         0x08000b19   Thumb Code     2  stm32f1xx_it.o(.text.DebugMon_Handler)
    Error_Handler                            0x08000b1d   Thumb Code    10  main.o(.text.Error_Handler)
    Esp01s_Init                              0x08000b29   Thumb Code   892  esp01s.o(.text.Esp01s_Init)
    HAL_DMA_Abort                            0x08000f01   Thumb Code    70  stm32f1xx_hal_dma.o(.text.HAL_DMA_Abort)
    HAL_DMA_Abort_IT                         0x08000f49   Thumb Code   178  stm32f1xx_hal_dma.o(.text.HAL_DMA_Abort_IT)
    HAL_GPIO_Init                            0x08000ffd   Thumb Code   538  stm32f1xx_hal_gpio.o(.text.HAL_GPIO_Init)
    HAL_GPIO_TogglePin                       0x08001219   Thumb Code    16  stm32f1xx_hal_gpio.o(.text.HAL_GPIO_TogglePin)
    HAL_GPIO_WritePin                        0x08001229   Thumb Code    10  stm32f1xx_hal_gpio.o(.text.HAL_GPIO_WritePin)
    HAL_GetTick                              0x08001235   Thumb Code    12  stm32f1xx_hal.o(.text.HAL_GetTick)
    HAL_I2C_Init                             0x08001241   Thumb Code   374  stm32f1xx_hal_i2c.o(.text.HAL_I2C_Init)
    HAL_I2C_MspInit                          0x080013b9   Thumb Code    98  i2c.o(.text.HAL_I2C_MspInit)
    HAL_Init                                 0x0800141d   Thumb Code    38  stm32f1xx_hal.o(.text.HAL_Init)
    HAL_InitTick                             0x08001445   Thumb Code    72  stm32f1xx_hal.o(.text.HAL_InitTick)
    HAL_MspInit                              0x0800148d   Thumb Code    66  stm32f1xx_hal_msp.o(.text.HAL_MspInit)
    HAL_NVIC_EnableIRQ                       0x080014d1   Thumb Code    38  stm32f1xx_hal_cortex.o(.text.HAL_NVIC_EnableIRQ)
    HAL_NVIC_SetPriority                     0x080014f9   Thumb Code    86  stm32f1xx_hal_cortex.o(.text.HAL_NVIC_SetPriority)
    HAL_NVIC_SetPriorityGrouping             0x08001551   Thumb Code    32  stm32f1xx_hal_cortex.o(.text.HAL_NVIC_SetPriorityGrouping)
    HAL_RCC_ClockConfig                      0x08001571   Thumb Code   446  stm32f1xx_hal_rcc.o(.text.HAL_RCC_ClockConfig)
    HAL_RCC_GetHCLKFreq                      0x08001731   Thumb Code    12  stm32f1xx_hal_rcc.o(.text.HAL_RCC_GetHCLKFreq)
    HAL_RCC_GetPCLK1Freq                     0x0800173d   Thumb Code    38  stm32f1xx_hal_rcc.o(.text.HAL_RCC_GetPCLK1Freq)
    HAL_RCC_GetPCLK2Freq                     0x08001765   Thumb Code    38  stm32f1xx_hal_rcc.o(.text.HAL_RCC_GetPCLK2Freq)
    HAL_RCC_OscConfig                        0x0800178d   Thumb Code   948  stm32f1xx_hal_rcc.o(.text.HAL_RCC_OscConfig)
    HAL_SYSTICK_Config                       0x08001b41   Thumb Code    44  stm32f1xx_hal_cortex.o(.text.HAL_SYSTICK_Config)
    HAL_UARTEx_RxEventCallback               0x08001b6d   Thumb Code     2  stm32f1xx_hal_uart.o(.text.HAL_UARTEx_RxEventCallback)
    HAL_UART_ErrorCallback                   0x08001b71   Thumb Code     2  stm32f1xx_hal_uart.o(.text.HAL_UART_ErrorCallback)
    HAL_UART_IRQHandler                      0x08001b75   Thumb Code  1376  stm32f1xx_hal_uart.o(.text.HAL_UART_IRQHandler)
    HAL_UART_Init                            0x080020d5   Thumb Code   226  stm32f1xx_hal_uart.o(.text.HAL_UART_Init)
    HAL_UART_MspInit                         0x080021b9   Thumb Code   250  usart.o(.text.HAL_UART_MspInit)
    HAL_UART_Receive_IT                      0x080022b5   Thumb Code    82  stm32f1xx_hal_uart.o(.text.HAL_UART_Receive_IT)
    HAL_UART_RxCpltCallback                  0x08002309   Thumb Code   180  main.o(.text.HAL_UART_RxCpltCallback)
    HAL_UART_Transmit                        0x080023c5   Thumb Code   632  stm32f1xx_hal_uart.o(.text.HAL_UART_Transmit)
    HAL_UART_TxCpltCallback                  0x0800263d   Thumb Code     2  stm32f1xx_hal_uart.o(.text.HAL_UART_TxCpltCallback)
    MX_GPIO_Init                             0x08002641   Thumb Code   156  gpio.o(.text.MX_GPIO_Init)
    MX_I2C1_Init                             0x080026dd   Thumb Code    66  i2c.o(.text.MX_I2C1_Init)
    MX_USART1_UART_Init                      0x08002721   Thumb Code    60  usart.o(.text.MX_USART1_UART_Init)
    MX_USART2_UART_Init                      0x0800275d   Thumb Code    60  usart.o(.text.MX_USART2_UART_Init)
    MemManage_Handler                        0x08002799   Thumb Code     2  stm32f1xx_it.o(.text.MemManage_Handler)
    NMI_Handler                              0x0800279d   Thumb Code     2  stm32f1xx_it.o(.text.NMI_Handler)
    SysTick_Handler                          0x080027a1   Thumb Code    18  board.o(.text.SysTick_Handler)
    SystemClock_Config                       0x080027b5   Thumb Code    84  main.o(.text.SystemClock_Config)
    SystemCoreClockUpdate                    0x08002809   Thumb Code   112  system_stm32f1xx.o(.text.SystemCoreClockUpdate)
    SystemInit                               0x08002879   Thumb Code     2  system_stm32f1xx.o(.text.SystemInit)
    USART1_IRQHandler                        0x08002989   Thumb Code    12  stm32f1xx_it.o(.text.USART1_IRQHandler)
    UsageFault_Handler                       0x08002995   Thumb Code     2  stm32f1xx_it.o(.text.UsageFault_Handler)
    __rt_ffs                                 0x08002999   Thumb Code    56  kservice.o(.text.__rt_ffs)
    cmd_free                                 0x080029d1   Thumb Code    10  msh.o(.text.cmd_free)
    cmd_ps                                   0x080029dd   Thumb Code    10  msh.o(.text.cmd_ps)
    extractData                              0x080029e9   Thumb Code    48  esp01s.o(.text.extractData)
    finsh_system_init                        0x08002a19   Thumb Code   136  shell.o(.text.finsh_system_init)
    finsh_thread_entry                       0x08002ac9   Thumb Code  1164  shell.o(.text.finsh_thread_entry)
    hello                                    0x08002f6d   Thumb Code    12  cmd.o(.text.hello)
    list                                     0x08002f8d   Thumb Code    96  cmd.o(.text.list)
    list_mem                                 0x08003015   Thumb Code    40  mem.o(.text.list_mem)
    list_sem                                 0x08003085   Thumb Code   512  cmd.o(.text.list_sem)
    list_thread                              0x080032f1   Thumb Code   476  cmd.o(.text.list_thread)
    list_timer                               0x0800355d   Thumb Code  1212  cmd.o(.text.list_timer)
    $Super$$main                             0x08003a85   Thumb Code   140  main.o(.text.main)
    main_thread_entry                        0x08003b31   Thumb Code    50  components.o(.text.main_thread_entry)
    msh_auto_complete                        0x08003b65   Thumb Code   384  msh.o(.text.msh_auto_complete)
    msh_exec                                 0x08003ce9   Thumb Code   988  msh.o(.text.msh_exec)
    msh_help                                 0x08004101   Thumb Code   124  msh.o(.text.msh_help)
    msh_is_used                              0x0800417d   Thumb Code     4  msh.o(.text.msh_is_used)
    rt_calloc                                0x08004689   Thumb Code    30  mem.o(.text.rt_calloc)
    rt_components_board_init                 0x080046a9   Thumb Code    44  components.o(.text.rt_components_board_init)
    rt_enter_critical                        0x080046d5   Thumb Code    28  scheduler.o(.text.rt_enter_critical)
    rt_exit_critical                         0x080046f1   Thumb Code   150  scheduler.o(.text.rt_exit_critical)
    rt_free                                  0x08004789   Thumb Code   216  mem.o(.text.rt_free)
    rt_heap_begin_get                        0x080048ad   Thumb Code    10  board.o(.text.rt_heap_begin_get)
    rt_heap_end_get                          0x080048b9   Thumb Code    14  board.o(.text.rt_heap_end_get)
    rt_hw_board_init                         0x080048c9   Thumb Code    62  board.o(.text.rt_hw_board_init)
    rt_hw_console_getchar                    0x08004909   Thumb Code    38  board.o(.text.rt_hw_console_getchar)
    rt_hw_console_output                     0x08004931   Thumb Code    96  board.o(.text.rt_hw_console_output)
    rt_hw_hard_fault_exception               0x08004991   Thumb Code   900  cpuport.o(.text.rt_hw_hard_fault_exception)
    rt_hw_stack_init                         0x08004dbd   Thumb Code    60  cpuport.o(.text.rt_hw_stack_init)
    rt_interrupt_enter                       0x08004df9   Thumb Code    28  irq.o(.text.rt_interrupt_enter)
    rt_interrupt_leave                       0x08004e15   Thumb Code    28  irq.o(.text.rt_interrupt_leave)
    rt_kprintf                               0x08004e31   Thumb Code    50  kservice.o(.text.rt_kprintf)
    rt_malloc                                0x08004e65   Thumb Code   394  mem.o(.text.rt_malloc)
    rt_memmove                               0x08004ff1   Thumb Code   236  kservice.o(.text.rt_memmove)
    rt_memset                                0x080050dd   Thumb Code   246  kservice.o(.text.rt_memset)
    rt_object_allocate                       0x080051d5   Thumb Code   112  object.o(.text.rt_object_allocate)
    rt_object_delete                         0x08005245   Thumb Code    44  object.o(.text.rt_object_delete)
    rt_object_detach                         0x08005271   Thumb Code    36  object.o(.text.rt_object_detach)
    rt_object_get_information                0x08005295   Thumb Code    42  object.o(.text.rt_object_get_information)
    rt_object_init                           0x080052c1   Thumb Code   126  object.o(.text.rt_object_init)
    rt_object_is_systemobject                0x08005341   Thumb Code     6  object.o(.text.rt_object_is_systemobject)
    rt_schedule                              0x08005349   Thumb Code   114  scheduler.o(.text.rt_schedule)
    rt_schedule_insert_thread                0x080053bd   Thumb Code    82  scheduler.o(.text.rt_schedule_insert_thread)
    rt_schedule_remove_thread                0x08005411   Thumb Code    86  scheduler.o(.text.rt_schedule_remove_thread)
    rt_sem_init                              0x08005469   Thumb Code    32  ipc.o(.text.rt_sem_init)
    rt_sem_release                           0x08005489   Thumb Code    82  ipc.o(.text.rt_sem_release)
    rt_sem_take                              0x080054dd   Thumb Code   240  ipc.o(.text.rt_sem_take)
    rt_show_version                          0x080055cd   Thumb Code    48  kservice.o(.text.rt_show_version)
    rt_strlen                                0x08005685   Thumb Code    46  kservice.o(.text.rt_strlen)
    rt_strncpy                               0x080056b5   Thumb Code   134  kservice.o(.text.rt_strncpy)
    rt_system_heap_init                      0x0800573d   Thumb Code   120  mem.o(.text.rt_system_heap_init)
    rt_system_scheduler_init                 0x080057f9   Thumb Code   298  scheduler.o(.text.rt_system_scheduler_init)
    rt_system_scheduler_start                0x08005925   Thumb Code    48  scheduler.o(.text.rt_system_scheduler_start)
    rt_system_timer_init                     0x08005955   Thumb Code    16  timer_1.o(.text.rt_system_timer_init)
    rt_system_timer_thread_init              0x08005965   Thumb Code     2  timer_1.o(.text.rt_system_timer_thread_init)
    rt_thread_create                         0x08005969   Thumb Code   176  thread.o(.text.rt_thread_create)
    rt_thread_exit                           0x08005a19   Thumb Code   122  thread.o(.text.rt_thread_exit)
    rt_thread_idle_init                      0x08005ad5   Thumb Code    72  idle.o(.text.rt_thread_idle_init)
    rt_thread_init                           0x08005b25   Thumb Code   142  thread.o(.text.rt_thread_init)
    rt_thread_mdelay                         0x08005bb5   Thumb Code    14  thread.o(.text.rt_thread_mdelay)
    rt_thread_resume                         0x08005bc5   Thumb Code    70  thread.o(.text.rt_thread_resume)
    rt_thread_self                           0x08005c0d   Thumb Code    12  thread.o(.text.rt_thread_self)
    rt_thread_sleep                          0x08005c19   Thumb Code   120  thread.o(.text.rt_thread_sleep)
    rt_thread_startup                        0x08005c91   Thumb Code    92  thread.o(.text.rt_thread_startup)
    rt_thread_suspend                        0x08005ced   Thumb Code    66  thread.o(.text.rt_thread_suspend)
    rt_thread_timeout                        0x08005d31   Thumb Code    40  thread.o(.text.rt_thread_timeout)
    rt_thread_yield                          0x08005d59   Thumb Code   100  thread.o(.text.rt_thread_yield)
    rt_tick_from_millisecond                 0x08005dbd   Thumb Code    52  clock.o(.text.rt_tick_from_millisecond)
    rt_tick_get                              0x08005df1   Thumb Code    12  clock.o(.text.rt_tick_get)
    rt_tick_increase                         0x08005dfd   Thumb Code    52  clock.o(.text.rt_tick_increase)
    rt_timer_check                           0x08005e31   Thumb Code   392  timer_1.o(.text.rt_timer_check)
    rt_timer_control                         0x08005fb9   Thumb Code   104  timer_1.o(.text.rt_timer_control)
    rt_timer_detach                          0x08006021   Thumb Code    48  timer_1.o(.text.rt_timer_detach)
    rt_timer_init                            0x08006051   Thumb Code    50  timer_1.o(.text.rt_timer_init)
    rt_timer_start                           0x08006085   Thumb Code   210  timer_1.o(.text.rt_timer_start)
    rt_timer_stop                            0x08006159   Thumb Code    56  timer_1.o(.text.rt_timer_stop)
    rt_vsnprintf                             0x08006191   Thumb Code  2028  kservice.o(.text.rt_vsnprintf)
    sendData                                 0x08006995   Thumb Code    30  usart.o(.text.sendData)
    version                                  0x080069ed   Thumb Code    10  cmd.o(.text.version)
    _get_lc_ctype                            0x080069f9   Thumb Code    44  lc_ctype_c.o(locale$$code)
    AHBPrescTable                            0x08006a24   Data          16  system_stm32f1xx.o(.rodata.AHBPrescTable)
    APBPrescTable                            0x08006a34   Data           8  system_stm32f1xx.o(.rodata.APBPrescTable)
    __lowest_bit_bitmap                      0x08006a3e   Data         256  kservice.o(.rodata.__lowest_bit_bitmap)
    __fsym_list_mem_name                     0x08006b4e   Data           9  mem.o(.rodata.name)
    __fsym_list_mem_desc                     0x08006b57   Data          30  mem.o(.rodata.name)
    __fsym_hello_name                        0x08006b75   Data           6  cmd.o(.rodata.name)
    __fsym_hello_desc                        0x08006b7b   Data          16  cmd.o(.rodata.name)
    __fsym_version_name                      0x08006b8b   Data           8  cmd.o(.rodata.name)
    __fsym_version_desc                      0x08006b93   Data          35  cmd.o(.rodata.name)
    __fsym___cmd_version_name                0x08006bb6   Data          14  cmd.o(.rodata.name)
    __fsym___cmd_version_desc                0x08006bc4   Data          35  cmd.o(.rodata.name)
    __fsym_list_thread_name                  0x08006be7   Data          12  cmd.o(.rodata.name)
    __fsym_list_thread_desc                  0x08006bf3   Data          12  cmd.o(.rodata.name)
    __fsym___cmd_list_thread_name            0x08006bff   Data          18  cmd.o(.rodata.name)
    __fsym___cmd_list_thread_desc            0x08006c11   Data          12  cmd.o(.rodata.name)
    __fsym_list_sem_name                     0x08006c1d   Data           9  cmd.o(.rodata.name)
    __fsym_list_sem_desc                     0x08006c26   Data          25  cmd.o(.rodata.name)
    __fsym___cmd_list_sem_name               0x08006c3f   Data          15  cmd.o(.rodata.name)
    __fsym___cmd_list_sem_desc               0x08006c4e   Data          25  cmd.o(.rodata.name)
    __fsym_list_timer_name                   0x08006c67   Data          11  cmd.o(.rodata.name)
    __fsym_list_timer_desc                   0x08006c72   Data          21  cmd.o(.rodata.name)
    __fsym___cmd_list_timer_name             0x08006c87   Data          17  cmd.o(.rodata.name)
    __fsym___cmd_list_timer_desc             0x08006c98   Data          21  cmd.o(.rodata.name)
    __fsym_list_name                         0x08006cad   Data           5  cmd.o(.rodata.name)
    __fsym_list_desc                         0x08006cb2   Data          26  cmd.o(.rodata.name)
    __fsym___cmd_help_name                   0x08006ccc   Data          11  msh.o(.rodata.name)
    __fsym___cmd_help_desc                   0x08006cd7   Data          22  msh.o(.rodata.name)
    __fsym___cmd_ps_name                     0x08006ced   Data           9  msh.o(.rodata.name)
    __fsym___cmd_ps_desc                     0x08006cf6   Data          28  msh.o(.rodata.name)
    __fsym___cmd_free_name                   0x08006d12   Data          11  msh.o(.rodata.name)
    __fsym___cmd_free_desc                   0x08006d1d   Data          37  msh.o(.rodata.name)
    __rt_init_rti_start                      0x08006fe4   Data           4  components.o(.rti_fn.0)
    __rt_init_rti_board_start                0x08006fe8   Data           4  components.o(.rti_fn.0.end)
    __rt_init_uart_init                      0x08006fec   Data           4  board.o(.rti_fn.1)
    __rt_init_rti_board_end                  0x08006ff0   Data           4  components.o(.rti_fn.1.end)
    __rt_init_finsh_system_init              0x08006ff4   Data           4  shell.o(.rti_fn.6)
    __rt_init_rti_end                        0x08006ff8   Data           4  components.o(.rti_fn.6.end)
    FSymTab$$Base                            0x08006ffc   Number         0  mem.o(FSymTab)
    __fsym_list_mem                          0x08006ffc   Data          12  mem.o(FSymTab)
    __fsym_hello                             0x08007008   Data          12  cmd.o(FSymTab)
    __fsym_version                           0x08007014   Data          12  cmd.o(FSymTab)
    __fsym___cmd_version                     0x08007020   Data          12  cmd.o(FSymTab)
    __fsym_list_thread                       0x0800702c   Data          12  cmd.o(FSymTab)
    __fsym___cmd_list_thread                 0x08007038   Data          12  cmd.o(FSymTab)
    __fsym_list_sem                          0x08007044   Data          12  cmd.o(FSymTab)
    __fsym___cmd_list_sem                    0x08007050   Data          12  cmd.o(FSymTab)
    __fsym_list_timer                        0x0800705c   Data          12  cmd.o(FSymTab)
    __fsym___cmd_list_timer                  0x08007068   Data          12  cmd.o(FSymTab)
    __fsym_list                              0x08007074   Data          12  cmd.o(FSymTab)
    __fsym___cmd_help                        0x08007080   Data          12  msh.o(FSymTab)
    __fsym___cmd_ps                          0x0800708c   Data          12  msh.o(FSymTab)
    __fsym___cmd_free                        0x08007098   Data          12  msh.o(FSymTab)
    FSymTab$$Limit                           0x080070a4   Number         0  msh.o(FSymTab)
    Region$$Table$$Base                      0x080070a4   Number         0  anon$$obj.o(Region$$Table)
    Region$$Table$$Limit                     0x080070c4   Number         0  anon$$obj.o(Region$$Table)
    __ctype                                  0x080070d1   Data           0  lc_ctype_c.o(locale$$data)
    uwTickFreq                               0x20000000   Data           1  stm32f1xx_hal.o(.data..L_MergedGlobals)
    uwTickPrio                               0x20000004   Data           4  stm32f1xx_hal.o(.data..L_MergedGlobals)
    SystemCoreClock                          0x20000008   Data           4  system_stm32f1xx.o(.data.SystemCoreClock)
    __libspace_start                         0x20000040   Data          96  libspace.o(.bss)
    __temporary_stack_top$libspace           0x200000a0   Data           0  libspace.o(.bss)
    rt_current_priority                      0x200000d8   Data           1  scheduler.o(.bss..L_MergedGlobals)
    rt_current_thread                        0x200000dc   Data           4  scheduler.o(.bss..L_MergedGlobals)
    rt_thread_ready_priority_group           0x200000e0   Data           4  scheduler.o(.bss..L_MergedGlobals)
    rt_thread_defunct                        0x200000e4   Data           8  scheduler.o(.bss..L_MergedGlobals)
    _syscall_table_begin                     0x200000f8   Data           4  shell.o(.bss..L_MergedGlobals)
    _syscall_table_end                       0x200000fc   Data           4  shell.o(.bss..L_MergedGlobals)
    _sysvar_table_begin                      0x20000100   Data           4  shell.o(.bss..L_MergedGlobals)
    _sysvar_table_end                        0x20000104   Data           4  shell.o(.bss..L_MergedGlobals)
    shell                                    0x2000010c   Data           4  shell.o(.bss..L_MergedGlobals)
    esp_flag                                 0x20000158   Data           4  globals.o(.bss.esp_flag)
    hi2c1                                    0x200001e0   Data          84  i2c.o(.bss.hi2c1)
    huart1                                   0x20000234   Data          72  usart.o(.bss.huart1)
    huart2                                   0x2000027c   Data          72  usart.o(.bss.huart2)
    rt_interrupt_from_thread                 0x20003f40   Data           4  cpuport.o(.bss.rt_interrupt_from_thread)
    rt_interrupt_nest                        0x20003f44   Data           1  irq.o(.bss.rt_interrupt_nest)
    rt_interrupt_to_thread                   0x20003f48   Data           4  cpuport.o(.bss.rt_interrupt_to_thread)
    rt_thread_priority_table                 0x20003fcc   Data         256  scheduler.o(.bss.rt_thread_priority_table)
    rt_thread_switch_interrupt_flag          0x200041cc   Data           4  cpuport.o(.bss.rt_thread_switch_interrupt_flag)
    timeout_flag                             0x200041d4   Data           4  globals.o(.bss.timeout_flag)
    usart1_c                                 0x200041d8   Data           1  main.o(.bss.usart1_c)
    usart1_rx_buffer                         0x200041d9   Data         200  globals.o(.bss.usart1_rx_buffer)
    usart1_rx_index                          0x200042a4   Data           4  globals.o(.bss.usart1_rx_index)
    uwTick                                   0x200042a8   Data           4  stm32f1xx_hal.o(.bss.uwTick)



==============================================================================

Memory Map of the image

  Image Entry point : 0x080000ed

  Load Region LR_IROM1 (Base: 0x08000000, Size: 0x00007218, Max: 0x00010000, ABSOLUTE)

    Execution Region ER_IROM1 (Exec base: 0x08000000, Load base: 0x08000000, Size: 0x000071d4, Max: 0x00010000, ABSOLUTE)

    Exec Addr    Load Addr    Size         Type   Attr      Idx    E Section Name        Object

    0x08000000   0x08000000   0x000000ec   Data   RO            3    RESET               startup_stm32f103xb.o
    0x080000ec   0x080000ec   0x00000008   Code   RO         1405  * !!!main             c_w.l(__main.o)
    0x080000f4   0x080000f4   0x00000034   Code   RO         1652    !!!scatter          c_w.l(__scatter.o)
    0x08000128   0x08000128   0x0000001a   Code   RO         1654    !!handler_copy      c_w.l(__scatter_copy.o)
    0x08000142   0x08000142   0x00000002   PAD
    0x08000144   0x08000144   0x0000001c   Code   RO         1656    !!handler_zi        c_w.l(__scatter_zi.o)
    0x08000160   0x08000160   0x00000000   Code   RO         1382    .ARM.Collect$$_printf_percent$$00000000  c_w.l(_printf_percent.o)
    0x08000160   0x08000160   0x00000006   Code   RO         1381    .ARM.Collect$$_printf_percent$$00000014  c_w.l(_printf_s.o)
    0x08000166   0x08000166   0x00000004   Code   RO         1450    .ARM.Collect$$_printf_percent$$00000017  c_w.l(_printf_percent_end.o)
    0x0800016a   0x0800016a   0x00000002   Code   RO         1585    .ARM.Collect$$libinit$$00000000  c_w.l(libinit.o)
    0x0800016c   0x0800016c   0x00000000   Code   RO         1458    .ARM.Collect$$libinit$$00000002  c_w.l(libinit2.o)
    0x0800016c   0x0800016c   0x00000000   Code   RO         1460    .ARM.Collect$$libinit$$00000004  c_w.l(libinit2.o)
    0x0800016c   0x0800016c   0x00000000   Code   RO         1462    .ARM.Collect$$libinit$$00000006  c_w.l(libinit2.o)
    0x0800016c   0x0800016c   0x00000008   Code   RO         1463    .ARM.Collect$$libinit$$00000007  c_w.l(libinit2.o)
    0x08000174   0x08000174   0x00000000   Code   RO         1465    .ARM.Collect$$libinit$$0000000C  c_w.l(libinit2.o)
    0x08000174   0x08000174   0x00000000   Code   RO         1467    .ARM.Collect$$libinit$$0000000E  c_w.l(libinit2.o)
    0x08000174   0x08000174   0x00000000   Code   RO         1469    .ARM.Collect$$libinit$$00000010  c_w.l(libinit2.o)
    0x08000174   0x08000174   0x00000006   Code   RO         1470    .ARM.Collect$$libinit$$00000011  c_w.l(libinit2.o)
    0x0800017a   0x0800017a   0x00000000   Code   RO         1472    .ARM.Collect$$libinit$$00000013  c_w.l(libinit2.o)
    0x0800017a   0x0800017a   0x0000000c   Code   RO         1473    .ARM.Collect$$libinit$$00000014  c_w.l(libinit2.o)
    0x08000186   0x08000186   0x00000000   Code   RO         1474    .ARM.Collect$$libinit$$00000015  c_w.l(libinit2.o)
    0x08000186   0x08000186   0x00000000   Code   RO         1476    .ARM.Collect$$libinit$$00000017  c_w.l(libinit2.o)
    0x08000186   0x08000186   0x00000000   Code   RO         1478    .ARM.Collect$$libinit$$00000019  c_w.l(libinit2.o)
    0x08000186   0x08000186   0x00000000   Code   RO         1480    .ARM.Collect$$libinit$$0000001B  c_w.l(libinit2.o)
    0x08000186   0x08000186   0x00000000   Code   RO         1482    .ARM.Collect$$libinit$$0000001D  c_w.l(libinit2.o)
    0x08000186   0x08000186   0x00000000   Code   RO         1484    .ARM.Collect$$libinit$$0000001F  c_w.l(libinit2.o)
    0x08000186   0x08000186   0x00000000   Code   RO         1486    .ARM.Collect$$libinit$$00000021  c_w.l(libinit2.o)
    0x08000186   0x08000186   0x00000000   Code   RO         1488    .ARM.Collect$$libinit$$00000023  c_w.l(libinit2.o)
    0x08000186   0x08000186   0x00000000   Code   RO         1490    .ARM.Collect$$libinit$$00000025  c_w.l(libinit2.o)
    0x08000186   0x08000186   0x00000000   Code   RO         1492    .ARM.Collect$$libinit$$00000027  c_w.l(libinit2.o)
    0x08000186   0x08000186   0x00000000   Code   RO         1496    .ARM.Collect$$libinit$$0000002E  c_w.l(libinit2.o)
    0x08000186   0x08000186   0x00000000   Code   RO         1498    .ARM.Collect$$libinit$$00000030  c_w.l(libinit2.o)
    0x08000186   0x08000186   0x00000000   Code   RO         1500    .ARM.Collect$$libinit$$00000032  c_w.l(libinit2.o)
    0x08000186   0x08000186   0x00000000   Code   RO         1502    .ARM.Collect$$libinit$$00000034  c_w.l(libinit2.o)
    0x08000186   0x08000186   0x00000002   Code   RO         1503    .ARM.Collect$$libinit$$00000035  c_w.l(libinit2.o)
    0x08000188   0x08000188   0x00000002   Code   RO         1649    .ARM.Collect$$libshutdown$$00000000  c_w.l(libshutdown.o)
    0x0800018a   0x0800018a   0x00000000   Code   RO         1603    .ARM.Collect$$libshutdown$$00000002  c_w.l(libshutdown2.o)
    0x0800018a   0x0800018a   0x00000000   Code   RO         1605    .ARM.Collect$$libshutdown$$00000004  c_w.l(libshutdown2.o)
    0x0800018a   0x0800018a   0x00000000   Code   RO         1608    .ARM.Collect$$libshutdown$$00000007  c_w.l(libshutdown2.o)
    0x0800018a   0x0800018a   0x00000000   Code   RO         1611    .ARM.Collect$$libshutdown$$0000000A  c_w.l(libshutdown2.o)
    0x0800018a   0x0800018a   0x00000000   Code   RO         1613    .ARM.Collect$$libshutdown$$0000000C  c_w.l(libshutdown2.o)
    0x0800018a   0x0800018a   0x00000000   Code   RO         1616    .ARM.Collect$$libshutdown$$0000000F  c_w.l(libshutdown2.o)
    0x0800018a   0x0800018a   0x00000002   Code   RO         1617    .ARM.Collect$$libshutdown$$00000010  c_w.l(libshutdown2.o)
    0x0800018c   0x0800018c   0x00000000   Code   RO         1409    .ARM.Collect$$rtentry$$00000000  c_w.l(__rtentry.o)
    0x0800018c   0x0800018c   0x00000000   Code   RO         1512    .ARM.Collect$$rtentry$$00000002  c_w.l(__rtentry2.o)
    0x0800018c   0x0800018c   0x00000006   Code   RO         1524    .ARM.Collect$$rtentry$$00000004  c_w.l(__rtentry4.o)
    0x08000192   0x08000192   0x00000000   Code   RO         1514    .ARM.Collect$$rtentry$$00000009  c_w.l(__rtentry2.o)
    0x08000192   0x08000192   0x00000004   Code   RO         1515    .ARM.Collect$$rtentry$$0000000A  c_w.l(__rtentry2.o)
    0x08000196   0x08000196   0x00000000   Code   RO         1517    .ARM.Collect$$rtentry$$0000000C  c_w.l(__rtentry2.o)
    0x08000196   0x08000196   0x00000008   Code   RO         1518    .ARM.Collect$$rtentry$$0000000D  c_w.l(__rtentry2.o)
    0x0800019e   0x0800019e   0x00000002   Code   RO         1590    .ARM.Collect$$rtexit$$00000000  c_w.l(rtexit.o)
    0x080001a0   0x080001a0   0x00000000   Code   RO         1623    .ARM.Collect$$rtexit$$00000002  c_w.l(rtexit2.o)
    0x080001a0   0x080001a0   0x00000004   Code   RO         1624    .ARM.Collect$$rtexit$$00000003  c_w.l(rtexit2.o)
    0x080001a4   0x080001a4   0x00000006   Code   RO         1625    .ARM.Collect$$rtexit$$00000004  c_w.l(rtexit2.o)
    0x080001aa   0x080001aa   0x00000002   PAD
    0x080001ac   0x080001ac   0x00000040   Code   RO            4    .text               startup_stm32f103xb.o
    0x080001ec   0x080001ec   0x000000f4   Code   RO          814    .text               context_rvds.o
    0x080002e0   0x080002e0   0x0000005e   Code   RO         1295    .text               c_w.l(h1_alloc.o)
    0x0800033e   0x0800033e   0x00000002   PAD
    0x08000340   0x08000340   0x00000028   Code   RO         1355    .text               c_w.l(noretval__2sprintf.o)
    0x08000368   0x08000368   0x00000068   Code   RO         1357    .text               c_w.l(__printf.o)
    0x080003d0   0x080003d0   0x00000052   Code   RO         1359    .text               c_w.l(_printf_str.o)
    0x08000422   0x08000422   0x0000001a   Code   RO         1383    .text               c_w.l(atoi.o)
    0x0800043c   0x0800043c   0x00000014   Code   RO         1385    .text               c_w.l(strchr.o)
    0x08000450   0x08000450   0x00000024   Code   RO         1387    .text               c_w.l(strstr.o)
    0x08000474   0x08000474   0x0000003e   Code   RO         1391    .text               c_w.l(strlen.o)
    0x080004b2   0x080004b2   0x00000096   Code   RO         1393    .text               c_w.l(strncmp.o)
    0x08000548   0x08000548   0x00000010   Code   RO         1395    .text               c_w.l(aeabi_memset.o)
    0x08000558   0x08000558   0x00000044   Code   RO         1397    .text               c_w.l(rt_memclr.o)
    0x0800059c   0x0800059c   0x0000004e   Code   RO         1399    .text               c_w.l(rt_memclr_w.o)
    0x080005ea   0x080005ea   0x00000056   Code   RO         1401    .text               c_w.l(strncpy.o)
    0x08000640   0x08000640   0x00000006   Code   RO         1403    .text               c_w.l(heapauxi.o)
    0x08000646   0x08000646   0x00000002   PAD
    0x08000648   0x08000648   0x00000008   Code   RO         1413    .text               c_w.l(rt_heap_descriptor_intlibspace.o)
    0x08000650   0x08000650   0x00000008   Code   RO         1418    .text               c_w.l(rt_errno_addr_intlibspace.o)
    0x08000658   0x08000658   0x00000004   Code   RO         1420    .text               c_w.l(hguard.o)
    0x0800065c   0x0800065c   0x0000008a   Code   RO         1422    .text               c_w.l(init_alloc.o)
    0x080006e6   0x080006e6   0x0000000e   Code   RO         1428    .text               c_w.l(h1_init.o)
    0x080006f4   0x080006f4   0x0000004e   Code   RO         1430    .text               c_w.l(h1_free.o)
    0x08000742   0x08000742   0x00000002   PAD
    0x08000744   0x08000744   0x00000030   Code   RO         1444    .text               c_w.l(_printf_char_common.o)
    0x08000774   0x08000774   0x0000000a   Code   RO         1446    .text               c_w.l(_sputc.o)
    0x0800077e   0x0800077e   0x0000002c   Code   RO         1448    .text               c_w.l(_printf_char.o)
    0x080007aa   0x080007aa   0x00000070   Code   RO         1451    .text               c_w.l(strtol.o)
    0x0800081a   0x0800081a   0x00000002   PAD
    0x0800081c   0x0800081c   0x00000008   Code   RO         1508    .text               c_w.l(libspace.o)
    0x08000824   0x08000824   0x00000010   Code   RO         1526    .text               c_w.l(rt_ctype_table.o)
    0x08000834   0x08000834   0x00000000   Code   RO         1530    .text               c_w.l(maybetermalloc1.o)
    0x08000834   0x08000834   0x00000034   Code   RO         1532    .text               c_w.l(h1_extend.o)
    0x08000868   0x08000868   0x0000009e   Code   RO         1538    .text               c_w.l(_strtoul.o)
    0x08000906   0x08000906   0x0000000e   Code   RO         1540    .text               c_w.l(defsig_rtmem_outer.o)
    0x08000914   0x08000914   0x00000002   Code   RO         1551    .text               c_w.l(use_no_semi.o)
    0x08000916   0x08000916   0x00000000   Code   RO         1553    .text               c_w.l(indicate_semi.o)
    0x08000916   0x08000916   0x0000004a   Code   RO         1554    .text               c_w.l(sys_stackheap_outer.o)
    0x08000960   0x08000960   0x00000008   Code   RO         1561    .text               c_w.l(rt_locale_intlibspace.o)
    0x08000968   0x08000968   0x0000001c   Code   RO         1565    .text               c_w.l(_chval.o)
    0x08000984   0x08000984   0x00000012   Code   RO         1570    .text               c_w.l(exit.o)
    0x08000996   0x08000996   0x0000000a   Code   RO         1572    .text               c_w.l(defsig_exit.o)
    0x080009a0   0x080009a0   0x00000050   Code   RO         1574    .text               c_w.l(defsig_rtmem_inner.o)
    0x080009f0   0x080009f0   0x0000000c   Code   RO         1586    .text               c_w.l(sys_exit.o)
    0x080009fc   0x080009fc   0x00000032   Code   RO         1598    .text               c_w.l(defsig_general.o)
    0x08000a2e   0x08000a2e   0x00000002   PAD
    0x08000a30   0x08000a30   0x00000080   Code   RO         1600    .text               c_w.l(strcmpv7m.o)
    0x08000ab0   0x08000ab0   0x0000000e   Code   RO         1618    .text               c_w.l(sys_wrch.o)
    0x08000abe   0x08000abe   0x00000002   PAD
    0x08000ac0   0x08000ac0   0x00000054   Code   RO          850    .text.$Sub$$main    components.o
    0x08000b14   0x08000b14   0x00000002   Code   RO          159    .text.BusFault_Handler  stm32f1xx_it.o
    0x08000b16   0x08000b16   0x00000002   PAD
    0x08000b18   0x08000b18   0x00000002   Code   RO          163    .text.DebugMon_Handler  stm32f1xx_it.o
    0x08000b1a   0x08000b1a   0x00000002   PAD
    0x08000b1c   0x08000b1c   0x0000000a   Code   RO           92    .text.Error_Handler  main.o
    0x08000b26   0x08000b26   0x00000002   PAD
    0x08000b28   0x08000b28   0x000003d8   Code   RO           74    .text.Esp01s_Init   esp01s.o
    0x08000f00   0x08000f00   0x00000046   Code   RO          489    .text.HAL_DMA_Abort  stm32f1xx_hal_dma.o
    0x08000f46   0x08000f46   0x00000002   PAD
    0x08000f48   0x08000f48   0x000000b2   Code   RO          491    .text.HAL_DMA_Abort_IT  stm32f1xx_hal_dma.o
    0x08000ffa   0x08000ffa   0x00000002   PAD
    0x08000ffc   0x08000ffc   0x0000021a   Code   RO          457    .text.HAL_GPIO_Init  stm32f1xx_hal_gpio.o
    0x08001216   0x08001216   0x00000002   PAD
    0x08001218   0x08001218   0x00000010   Code   RO          465    .text.HAL_GPIO_TogglePin  stm32f1xx_hal_gpio.o
    0x08001228   0x08001228   0x0000000a   Code   RO          463    .text.HAL_GPIO_WritePin  stm32f1xx_hal_gpio.o
    0x08001232   0x08001232   0x00000002   PAD
    0x08001234   0x08001234   0x0000000c   Code   RO          357    .text.HAL_GetTick   stm32f1xx_hal.o
    0x08001240   0x08001240   0x00000176   Code   RO          207    .text.HAL_I2C_Init  stm32f1xx_hal_i2c.o
    0x080013b6   0x080013b6   0x00000002   PAD
    0x080013b8   0x080013b8   0x00000062   Code   RO          122    .text.HAL_I2C_MspInit  i2c.o
    0x0800141a   0x0800141a   0x00000002   PAD
    0x0800141c   0x0800141c   0x00000026   Code   RO          345    .text.HAL_Init      stm32f1xx_hal.o
    0x08001442   0x08001442   0x00000002   PAD
    0x08001444   0x08001444   0x00000048   Code   RO          347    .text.HAL_InitTick  stm32f1xx_hal.o
    0x0800148c   0x0800148c   0x00000042   Code   RO          174    .text.HAL_MspInit   stm32f1xx_hal_msp.o
    0x080014ce   0x080014ce   0x00000002   PAD
    0x080014d0   0x080014d0   0x00000026   Code   RO          517    .text.HAL_NVIC_EnableIRQ  stm32f1xx_hal_cortex.o
    0x080014f6   0x080014f6   0x00000002   PAD
    0x080014f8   0x080014f8   0x00000056   Code   RO          515    .text.HAL_NVIC_SetPriority  stm32f1xx_hal_cortex.o
    0x0800154e   0x0800154e   0x00000002   PAD
    0x08001550   0x08001550   0x00000020   Code   RO          513    .text.HAL_NVIC_SetPriorityGrouping  stm32f1xx_hal_cortex.o
    0x08001570   0x08001570   0x000001be   Code   RO          409    .text.HAL_RCC_ClockConfig  stm32f1xx_hal_rcc.o
    0x0800172e   0x0800172e   0x00000002   PAD
    0x08001730   0x08001730   0x0000000c   Code   RO          419    .text.HAL_RCC_GetHCLKFreq  stm32f1xx_hal_rcc.o
    0x0800173c   0x0800173c   0x00000026   Code   RO          421    .text.HAL_RCC_GetPCLK1Freq  stm32f1xx_hal_rcc.o
    0x08001762   0x08001762   0x00000002   PAD
    0x08001764   0x08001764   0x00000026   Code   RO          423    .text.HAL_RCC_GetPCLK2Freq  stm32f1xx_hal_rcc.o
    0x0800178a   0x0800178a   0x00000002   PAD
    0x0800178c   0x0800178c   0x000003b4   Code   RO          407    .text.HAL_RCC_OscConfig  stm32f1xx_hal_rcc.o
    0x08001b40   0x08001b40   0x0000002c   Code   RO          525    .text.HAL_SYSTICK_Config  stm32f1xx_hal_cortex.o
    0x08001b6c   0x08001b6c   0x00000002   Code   RO          764    .text.HAL_UARTEx_RxEventCallback  stm32f1xx_hal_uart.o
    0x08001b6e   0x08001b6e   0x00000002   PAD
    0x08001b70   0x08001b70   0x00000002   Code   RO          762    .text.HAL_UART_ErrorCallback  stm32f1xx_hal_uart.o
    0x08001b72   0x08001b72   0x00000002   PAD
    0x08001b74   0x08001b74   0x00000560   Code   RO          756    .text.HAL_UART_IRQHandler  stm32f1xx_hal_uart.o
    0x080020d4   0x080020d4   0x000000e2   Code   RO          680    .text.HAL_UART_Init  stm32f1xx_hal_uart.o
    0x080021b6   0x080021b6   0x00000002   PAD
    0x080021b8   0x080021b8   0x000000fa   Code   RO          139    .text.HAL_UART_MspInit  usart.o
    0x080022b2   0x080022b2   0x00000002   PAD
    0x080022b4   0x080022b4   0x00000052   Code   RO          700    .text.HAL_UART_Receive_IT  stm32f1xx_hal_uart.o
    0x08002306   0x08002306   0x00000002   PAD
    0x08002308   0x08002308   0x000000bc   Code   RO           98    .text.HAL_UART_RxCpltCallback  main.o
    0x080023c4   0x080023c4   0x00000278   Code   RO          694    .text.HAL_UART_Transmit  stm32f1xx_hal_uart.o
    0x0800263c   0x0800263c   0x00000002   Code   RO          766    .text.HAL_UART_TxCpltCallback  stm32f1xx_hal_uart.o
    0x0800263e   0x0800263e   0x00000002   PAD
    0x08002640   0x08002640   0x0000009c   Code   RO          111    .text.MX_GPIO_Init  gpio.o
    0x080026dc   0x080026dc   0x00000042   Code   RO          120    .text.MX_I2C1_Init  i2c.o
    0x0800271e   0x0800271e   0x00000002   PAD
    0x08002720   0x08002720   0x0000003c   Code   RO          135    .text.MX_USART1_UART_Init  usart.o
    0x0800275c   0x0800275c   0x0000003c   Code   RO          137    .text.MX_USART2_UART_Init  usart.o
    0x08002798   0x08002798   0x00000002   Code   RO          157    .text.MemManage_Handler  stm32f1xx_it.o
    0x0800279a   0x0800279a   0x00000002   PAD
    0x0800279c   0x0800279c   0x00000002   Code   RO          155    .text.NMI_Handler   stm32f1xx_it.o
    0x0800279e   0x0800279e   0x00000002   PAD
    0x080027a0   0x080027a0   0x00000012   Code   RO         1179    .text.SysTick_Handler  board.o
    0x080027b2   0x080027b2   0x00000002   PAD
    0x080027b4   0x080027b4   0x00000054   Code   RO           90    .text.SystemClock_Config  main.o
    0x08002808   0x08002808   0x00000070   Code   RO          802    .text.SystemCoreClockUpdate  system_stm32f1xx.o
    0x08002878   0x08002878   0x00000002   Code   RO          800    .text.SystemInit    system_stm32f1xx.o
    0x0800287a   0x0800287a   0x00000002   PAD
    0x0800287c   0x0800287c   0x0000000c   Code   RO          760    .text.UART_DMAAbortOnError  stm32f1xx_hal_uart.o
    0x08002888   0x08002888   0x000000fe   Code   RO          758    .text.UART_Receive_IT  stm32f1xx_hal_uart.o
    0x08002986   0x08002986   0x00000002   PAD
    0x08002988   0x08002988   0x0000000c   Code   RO          165    .text.USART1_IRQHandler  stm32f1xx_it.o
    0x08002994   0x08002994   0x00000002   Code   RO          161    .text.UsageFault_Handler  stm32f1xx_it.o
    0x08002996   0x08002996   0x00000002   PAD
    0x08002998   0x08002998   0x00000038   Code   RO          981    .text.__rt_ffs      kservice.o
    0x080029d0   0x080029d0   0x0000000a   Code   RO         1239    .text.cmd_free      msh.o
    0x080029da   0x080029da   0x00000002   PAD
    0x080029dc   0x080029dc   0x0000000a   Code   RO         1237    .text.cmd_ps        msh.o
    0x080029e6   0x080029e6   0x00000002   PAD
    0x080029e8   0x080029e8   0x00000030   Code   RO           76    .text.extractData   esp01s.o
    0x08002a18   0x08002a18   0x000000b0   Code   RO         1276    .text.finsh_system_init  shell.o
    0x08002ac8   0x08002ac8   0x000004a4   Code   RO         1270    .text.finsh_thread_entry  shell.o
    0x08002f6c   0x08002f6c   0x00000020   Code   RO         1200    .text.hello         cmd.o
    0x08002f8c   0x08002f8c   0x00000088   Code   RO         1210    .text.list          cmd.o
    0x08003014   0x08003014   0x00000070   Code   RO         1006    .text.list_mem      mem.o
    0x08003084   0x08003084   0x0000026c   Code   RO         1206    .text.list_sem      cmd.o
    0x080032f0   0x080032f0   0x0000026c   Code   RO         1204    .text.list_thread   cmd.o
    0x0800355c   0x0800355c   0x00000528   Code   RO         1208    .text.list_timer    cmd.o
    0x08003a84   0x08003a84   0x000000ac   Code   RO           88    .text.main          main.o
    0x08003b30   0x08003b30   0x00000032   Code   RO          854    .text.main_thread_entry  components.o
    0x08003b62   0x08003b62   0x00000002   PAD
    0x08003b64   0x08003b64   0x00000184   Code   RO         1243    .text.msh_auto_complete  msh.o
    0x08003ce8   0x08003ce8   0x00000418   Code   RO         1241    .text.msh_exec      msh.o
    0x08004100   0x08004100   0x0000007c   Code   RO         1235    .text.msh_help      msh.o
    0x0800417c   0x0800417c   0x00000004   Code   RO         1233    .text.msh_is_used   msh.o
    0x08004180   0x08004180   0x00000508   Code   RO          965    .text.print_number  kservice.o
    0x08004688   0x08004688   0x0000001e   Code   RO         1002    .text.rt_calloc     mem.o
    0x080046a6   0x080046a6   0x00000002   PAD
    0x080046a8   0x080046a8   0x0000002c   Code   RO          846    .text.rt_components_board_init  components.o
    0x080046d4   0x080046d4   0x0000001c   Code   RO         1062    .text.rt_enter_critical  scheduler.o
    0x080046f0   0x080046f0   0x00000096   Code   RO         1064    .text.rt_exit_critical  scheduler.o
    0x08004786   0x08004786   0x00000002   PAD
    0x08004788   0x08004788   0x00000124   Code   RO         1000    .text.rt_free       mem.o
    0x080048ac   0x080048ac   0x0000000a   Code   RO         1175    .text.rt_heap_begin_get  board.o
    0x080048b6   0x080048b6   0x00000002   PAD
    0x080048b8   0x080048b8   0x0000000e   Code   RO         1177    .text.rt_heap_end_get  board.o
    0x080048c6   0x080048c6   0x00000002   PAD
    0x080048c8   0x080048c8   0x0000003e   Code   RO         1181    .text.rt_hw_board_init  board.o
    0x08004906   0x08004906   0x00000002   PAD
    0x08004908   0x08004908   0x00000026   Code   RO         1187    .text.rt_hw_console_getchar  board.o
    0x0800492e   0x0800492e   0x00000002   PAD
    0x08004930   0x08004930   0x00000060   Code   RO         1185    .text.rt_hw_console_output  board.o
    0x08004990   0x08004990   0x0000042c   Code   RO         1156    .text.rt_hw_hard_fault_exception  cpuport.o
    0x08004dbc   0x08004dbc   0x0000003c   Code   RO         1152    .text.rt_hw_stack_init  cpuport.o
    0x08004df8   0x08004df8   0x0000001c   Code   RO          914    .text.rt_interrupt_enter  irq.o
    0x08004e14   0x08004e14   0x0000001c   Code   RO          916    .text.rt_interrupt_leave  irq.o
    0x08004e30   0x08004e30   0x00000032   Code   RO          961    .text.rt_kprintf    kservice.o
    0x08004e62   0x08004e62   0x00000002   PAD
    0x08004e64   0x08004e64   0x0000018a   Code   RO          996    .text.rt_malloc     mem.o
    0x08004fee   0x08004fee   0x00000002   PAD
    0x08004ff0   0x08004ff0   0x000000ec   Code   RO          939    .text.rt_memmove    kservice.o
    0x080050dc   0x080050dc   0x000000f6   Code   RO          935    .text.rt_memset     kservice.o
    0x080051d2   0x080051d2   0x00000002   PAD
    0x080051d4   0x080051d4   0x00000070   Code   RO         1033    .text.rt_object_allocate  object.o
    0x08005244   0x08005244   0x0000002c   Code   RO         1035    .text.rt_object_delete  object.o
    0x08005270   0x08005270   0x00000024   Code   RO         1031    .text.rt_object_detach  object.o
    0x08005294   0x08005294   0x0000002a   Code   RO         1023    .text.rt_object_get_information  object.o
    0x080052be   0x080052be   0x00000002   PAD
    0x080052c0   0x080052c0   0x0000007e   Code   RO         1029    .text.rt_object_init  object.o
    0x0800533e   0x0800533e   0x00000002   PAD
    0x08005340   0x08005340   0x00000006   Code   RO         1037    .text.rt_object_is_systemobject  object.o
    0x08005346   0x08005346   0x00000002   PAD
    0x08005348   0x08005348   0x00000072   Code   RO         1056    .text.rt_schedule   scheduler.o
    0x080053ba   0x080053ba   0x00000002   PAD
    0x080053bc   0x080053bc   0x00000052   Code   RO         1058    .text.rt_schedule_insert_thread  scheduler.o
    0x0800540e   0x0800540e   0x00000002   PAD
    0x08005410   0x08005410   0x00000056   Code   RO         1060    .text.rt_schedule_remove_thread  scheduler.o
    0x08005466   0x08005466   0x00000002   PAD
    0x08005468   0x08005468   0x00000020   Code   RO          890    .text.rt_sem_init   ipc.o
    0x08005488   0x08005488   0x00000052   Code   RO          902    .text.rt_sem_release  ipc.o
    0x080054da   0x080054da   0x00000002   PAD
    0x080054dc   0x080054dc   0x000000f0   Code   RO          898    .text.rt_sem_take   ipc.o
    0x080055cc   0x080055cc   0x000000b8   Code   RO          959    .text.rt_show_version  kservice.o
    0x08005684   0x08005684   0x0000002e   Code   RO          945    .text.rt_strlen     kservice.o
    0x080056b2   0x080056b2   0x00000002   PAD
    0x080056b4   0x080056b4   0x00000086   Code   RO          949    .text.rt_strncpy    kservice.o
    0x0800573a   0x0800573a   0x00000002   PAD
    0x0800573c   0x0800573c   0x000000bc   Code   RO          994    .text.rt_system_heap_init  mem.o
    0x080057f8   0x080057f8   0x0000012a   Code   RO         1052    .text.rt_system_scheduler_init  scheduler.o
    0x08005922   0x08005922   0x00000002   PAD
    0x08005924   0x08005924   0x00000030   Code   RO         1054    .text.rt_system_scheduler_start  scheduler.o
    0x08005954   0x08005954   0x00000010   Code   RO         1139    .text.rt_system_timer_init  timer_1.o
    0x08005964   0x08005964   0x00000002   Code   RO         1141    .text.rt_system_timer_thread_init  timer_1.o
    0x08005966   0x08005966   0x00000002   PAD
    0x08005968   0x08005968   0x000000b0   Code   RO         1091    .text.rt_thread_create  thread.o
    0x08005a18   0x08005a18   0x0000007a   Code   RO         1079    .text.rt_thread_exit  thread.o
    0x08005a92   0x08005a92   0x00000002   PAD
    0x08005a94   0x08005a94   0x0000003e   Code   RO          876    .text.rt_thread_idle_entry  idle.o
    0x08005ad2   0x08005ad2   0x00000002   PAD
    0x08005ad4   0x08005ad4   0x00000050   Code   RO          874    .text.rt_thread_idle_init  idle.o
    0x08005b24   0x08005b24   0x0000008e   Code   RO         1081    .text.rt_thread_init  thread.o
    0x08005bb2   0x08005bb2   0x00000002   PAD
    0x08005bb4   0x08005bb4   0x0000000e   Code   RO         1105    .text.rt_thread_mdelay  thread.o
    0x08005bc2   0x08005bc2   0x00000002   PAD
    0x08005bc4   0x08005bc4   0x00000046   Code   RO         1087    .text.rt_thread_resume  thread.o
    0x08005c0a   0x08005c0a   0x00000002   PAD
    0x08005c0c   0x08005c0c   0x0000000c   Code   RO         1083    .text.rt_thread_self  thread.o
    0x08005c18   0x08005c18   0x00000078   Code   RO         1097    .text.rt_thread_sleep  thread.o
    0x08005c90   0x08005c90   0x0000005c   Code   RO         1085    .text.rt_thread_startup  thread.o
    0x08005cec   0x08005cec   0x00000042   Code   RO         1099    .text.rt_thread_suspend  thread.o
    0x08005d2e   0x08005d2e   0x00000002   PAD
    0x08005d30   0x08005d30   0x00000028   Code   RO         1109    .text.rt_thread_timeout  thread.o
    0x08005d58   0x08005d58   0x00000064   Code   RO         1095    .text.rt_thread_yield  thread.o
    0x08005dbc   0x08005dbc   0x00000034   Code   RO          827    .text.rt_tick_from_millisecond  clock.o
    0x08005df0   0x08005df0   0x0000000c   Code   RO          821    .text.rt_tick_get   clock.o
    0x08005dfc   0x08005dfc   0x00000034   Code   RO          825    .text.rt_tick_increase  clock.o
    0x08005e30   0x08005e30   0x00000188   Code   RO         1135    .text.rt_timer_check  timer_1.o
    0x08005fb8   0x08005fb8   0x00000068   Code   RO         1133    .text.rt_timer_control  timer_1.o
    0x08006020   0x08006020   0x00000030   Code   RO         1123    .text.rt_timer_detach  timer_1.o
    0x08006050   0x08006050   0x00000032   Code   RO         1121    .text.rt_timer_init  timer_1.o
    0x08006082   0x08006082   0x00000002   PAD
    0x08006084   0x08006084   0x000000d2   Code   RO         1129    .text.rt_timer_start  timer_1.o
    0x08006156   0x08006156   0x00000002   PAD
    0x08006158   0x08006158   0x00000038   Code   RO         1131    .text.rt_timer_stop  timer_1.o
    0x08006190   0x08006190   0x000007f4   Code   RO          963    .text.rt_vsnprintf  kservice.o
    0x08006984   0x08006984   0x00000004   Code   RO          842    .text.rti_board_end  components.o
    0x08006988   0x08006988   0x00000004   Code   RO          840    .text.rti_board_start  components.o
    0x0800698c   0x0800698c   0x00000004   Code   RO          844    .text.rti_end       components.o
    0x08006990   0x08006990   0x00000004   Code   RO          838    .text.rti_start     components.o
    0x08006994   0x08006994   0x0000001e   Code   RO          143    .text.sendData      usart.o
    0x080069b2   0x080069b2   0x00000002   PAD
    0x080069b4   0x080069b4   0x00000038   Code   RO         1183    .text.uart_init     board.o
    0x080069ec   0x080069ec   0x0000000a   Code   RO         1202    .text.version       cmd.o
    0x080069f6   0x080069f6   0x00000002   PAD
    0x080069f8   0x080069f8   0x0000002c   Code   RO         1568    locale$$code        c_w.l(lc_ctype_c.o)
    0x08006a24   0x08006a24   0x00000010   Data   RO          805    .rodata.AHBPrescTable  system_stm32f1xx.o
    0x08006a34   0x08006a34   0x00000008   Data   RO          806    .rodata.APBPrescTable  system_stm32f1xx.o
    0x08006a3c   0x08006a3c   0x00000002   Data   RO          434    .rodata.HAL_RCC_GetSysClockFreq.aPredivFactorTable  stm32f1xx_hal_rcc.o
    0x08006a3e   0x08006a3e   0x00000100   Data   RO          985    .rodata.__lowest_bit_bitmap  kservice.o
    0x08006b3e   0x08006b3e   0x00000010   Data   RO          433    .rodata.cst16       stm32f1xx_hal_rcc.o
    0x08006b4e   0x08006b4e   0x00000027   Data   RO         1008    .rodata.name        mem.o
    0x08006b75   0x08006b75   0x00000157   Data   RO         1212    .rodata.name        cmd.o
    0x08006ccc   0x08006ccc   0x00000076   Data   RO         1246    .rodata.name        msh.o
    0x08006d42   0x08006d42   0x00000025   Data   RO           78    .rodata.str1.1      esp01s.o
    0x08006d67   0x08006d67   0x00000005   Data   RO          862    .rodata.str1.1      components.o
    0x08006d6c   0x08006d6c   0x000001ad   Data   RO         1163    .rodata.str1.1      cpuport.o
    0x08006f19   0x08006f19   0x00000096   Data   RO         1216    .rodata.str1.1      cmd.o
    0x08006faf   0x08006faf   0x0000002e   Data   RO         1245    .rodata.str1.1      msh.o
    0x08006fdd   0x08006fdd   0x00000005   Data   RO         1279    .rodata.str1.1      shell.o
    0x08006fe2   0x08006fe2   0x00000002   PAD
    0x08006fe4   0x08006fe4   0x00000004   Data   RO          858    .rti_fn.0           components.o
    0x08006fe8   0x08006fe8   0x00000004   Data   RO          859    .rti_fn.0.end       components.o
    0x08006fec   0x08006fec   0x00000004   Data   RO         1190    .rti_fn.1           board.o
    0x08006ff0   0x08006ff0   0x00000004   Data   RO          860    .rti_fn.1.end       components.o
    0x08006ff4   0x08006ff4   0x00000004   Data   RO         1280    .rti_fn.6           shell.o
    0x08006ff8   0x08006ff8   0x00000004   Data   RO          861    .rti_fn.6.end       components.o
    0x08006ffc   0x08006ffc   0x0000000c   Data   RO         1009    FSymTab             mem.o
    0x08007008   0x08007008   0x0000000c   Data   RO         1213    FSymTab             cmd.o
    0x08007014   0x08007014   0x0000000c   Data   RO         1214    FSymTab             cmd.o
    0x08007020   0x08007020   0x0000000c   Data   RO         1215    FSymTab             cmd.o
    0x0800702c   0x0800702c   0x0000000c   Data   RO         1217    FSymTab             cmd.o
    0x08007038   0x08007038   0x0000000c   Data   RO         1218    FSymTab             cmd.o
    0x08007044   0x08007044   0x0000000c   Data   RO         1219    FSymTab             cmd.o
    0x08007050   0x08007050   0x0000000c   Data   RO         1220    FSymTab             cmd.o
    0x0800705c   0x0800705c   0x0000000c   Data   RO         1221    FSymTab             cmd.o
    0x08007068   0x08007068   0x0000000c   Data   RO         1222    FSymTab             cmd.o
    0x08007074   0x08007074   0x0000000c   Data   RO         1223    FSymTab             cmd.o
    0x08007080   0x08007080   0x0000000c   Data   RO         1247    FSymTab             msh.o
    0x0800708c   0x0800708c   0x0000000c   Data   RO         1248    FSymTab             msh.o
    0x08007098   0x08007098   0x0000000c   Data   RO         1249    FSymTab             msh.o
    0x080070a4   0x080070a4   0x00000020   Data   RO         1651    Region$$Table       anon$$obj.o
    0x080070c4   0x080070c4   0x00000110   Data   RO         1567    locale$$data        c_w.l(lc_ctype_c.o)


    Execution Region RW_IRAM1 (Exec base: 0x20000000, Load base: 0x080071d8, Size: 0x000048b0, Max: 0x00005000, ABSOLUTE)

    Exec Addr    Load Addr    Size         Type   Attr      Idx    E Section Name        Object

    0x20000000   0x080071d8   0x00000008   Data   RW          396    .data..L_MergedGlobals  stm32f1xx_hal.o
    0x20000008   0x080071e0   0x00000004   Data   RW          804    .data.SystemCoreClock  system_stm32f1xx.o
    0x2000000c   0x080071e4   0x00000030   Data   RW         1043    .data.rt_object_container  object.o
    0x2000003c   0x08007214   0x00000004   PAD
    0x20000040        -       0x00000060   Zero   RW         1509    .bss                c_w.l(libspace.o)
    0x200000a0        -       0x00000038   Zero   RW         1010    .bss..L_MergedGlobals  mem.o
    0x200000d8        -       0x00000014   Zero   RW         1069    .bss..L_MergedGlobals  scheduler.o
    0x200000ec        -       0x0000000c   Zero   RW         1143    .bss..L_MergedGlobals  timer_1.o
    0x200000f8        -       0x00000018   Zero   RW         1281    .bss..L_MergedGlobals  shell.o
    0x20000110        -       0x00000048   Zero   RW         1191    .bss.UartHandle     board.o
    0x20000158        -       0x00000004   Zero   RW          185    .bss.esp_flag       globals.o
    0x2000015c        -       0x00000081   Zero   RW         1278    .bss.finsh_get_prompt.finsh_prompt  shell.o
    0x200001dd   0x08007214   0x00000003   PAD
    0x200001e0        -       0x00000054   Zero   RW          126    .bss.hi2c1          i2c.o
    0x20000234        -       0x00000048   Zero   RW          145    .bss.huart1         usart.o
    0x2000027c        -       0x00000048   Zero   RW          146    .bss.huart2         usart.o
    0x200002c4        -       0x00000078   Zero   RW          880    .bss.idle           idle.o
    0x2000033c        -       0x00000004   Zero   RW         1162    .bss.rt_exception_hook  cpuport.o
    0x20000340        -       0x00003c00   Zero   RW         1189    .bss.rt_heap        board.o
    0x20003f40        -       0x00000004   Zero   RW         1164    .bss.rt_interrupt_from_thread  cpuport.o
    0x20003f44        -       0x00000001   Zero   RW          920    .bss.rt_interrupt_nest  irq.o
    0x20003f45   0x08007214   0x00000003   PAD
    0x20003f48        -       0x00000004   Zero   RW         1165    .bss.rt_interrupt_to_thread  cpuport.o
    0x20003f4c        -       0x00000080   Zero   RW          984    .bss.rt_kprintf.rt_log_buf  kservice.o
    0x20003fcc        -       0x00000100   Zero   RW         1068    .bss.rt_thread_priority_table  scheduler.o
    0x200040cc        -       0x00000100   Zero   RW          881    .bss.rt_thread_stack  idle.o
    0x200041cc        -       0x00000004   Zero   RW         1166    .bss.rt_thread_switch_interrupt_flag  cpuport.o
    0x200041d0        -       0x00000004   Zero   RW          829    .bss.rt_tick        clock.o
    0x200041d4        -       0x00000004   Zero   RW          186    .bss.timeout_flag   globals.o
    0x200041d8        -       0x00000001   Zero   RW          100    .bss.usart1_c       main.o
    0x200041d9        -       0x000000c8   Zero   RW          187    .bss.usart1_rx_buffer  globals.o
    0x200042a1   0x08007214   0x00000003   PAD
    0x200042a4        -       0x00000004   Zero   RW          183    .bss.usart1_rx_index  globals.o
    0x200042a8        -       0x00000004   Zero   RW          395    .bss.uwTick         stm32f1xx_hal.o
    0x200042ac   0x08007214   0x00000004   PAD
    0x200042b0        -       0x00000200   Zero   RW            2    HEAP                startup_stm32f103xb.o
    0x200044b0        -       0x00000400   Zero   RW            1    STACK               startup_stm32f103xb.o


==============================================================================

Image component sizes


      Code (inc. data)   RO Data    RW Data    ZI Data      Debug   Object Name

       294          0          4          0      15432       4847   board.o
       116          0          0          0          4       2734   clock.o
      2738        420        613          0          0      14220   cmd.o
       194          0         21          0          0       3722   components.o
       244         28          0          0          0        840   context_rvds.o
      1128        168        429          0         16       4486   cpuport.o
      1032         92         37          0          0       3823   esp01s.o
         0          0          0          0        212        525   globals.o
       156          0          0          0          0       1551   gpio.o
       164          0          0          0         84       4452   i2c.o
       142          8          0          0        376       3389   idle.o
       354          0          0          0          0       7129   ipc.o
        56          0          0          0          1       1209   irq.o
      4276        432        256          0        128      26481   kservice.o
       454         40          0          0          1       5624   main.o
      1016        216         51          0         56       6213   mem.o
      1584         64        200          0          0       7321   msh.o
       366          0          0         48          0       7671   object.o
       806          0          0          0        276       6161   scheduler.o
      1364        218          9          0        153       6795   shell.o
        64         26        236          0       1536        808   startup_stm32f103xb.o
       122          0          0          8          4       5767   stm32f1xx_hal.o
       200          0          0          0          0       8525   stm32f1xx_hal_cortex.o
       248          0          0          0          0       8464   stm32f1xx_hal_dma.o
       564         22          0          0          0       4595   stm32f1xx_hal_gpio.o
       374          0          0          0          0      42577   stm32f1xx_hal_i2c.o
        66          0          0          0          0       1222   stm32f1xx_hal_msp.o
      1482          0         18          0          0       7697   stm32f1xx_hal_rcc.o
      2588          0          0          0          0      32356   stm32f1xx_hal_uart.o
        22          0          0          0          0       3489   stm32f1xx_it.o
       114          0         24          4          0       1647   system_stm32f1xx.o
       954          0          0          0          0      10434   thread.o
       878          8          0          0         12       9148   timer_1.o
       400          0          0          0        144       6179   usart.o

    ----------------------------------------------------------------------
     24684       1742       1932         60      18452     262101   Object Totals
         0          0         32          0          0          0   (incl. Generated)
       124          0          2          0         17          0   (incl. Padding)

    ----------------------------------------------------------------------

      Code (inc. data)   RO Data    RW Data    ZI Data      Debug   Library Member Name

         8          0          0          0          0         68   __main.o
       104          0          0          0          0         84   __printf.o
         0          0          0          0          0          0   __rtentry.o
        12          0          0          0          0          0   __rtentry2.o
         6          0          0          0          0          0   __rtentry4.o
        52          8          0          0          0          0   __scatter.o
        26          0          0          0          0          0   __scatter_copy.o
        28          0          0          0          0          0   __scatter_zi.o
        28          0          0          0          0         68   _chval.o
        44          0          0          0          0        108   _printf_char.o
        48          6          0          0          0         96   _printf_char_common.o
         0          0          0          0          0          0   _printf_percent.o
         4          0          0          0          0          0   _printf_percent_end.o
         6          0          0          0          0          0   _printf_s.o
        82          0          0          0          0         80   _printf_str.o
        10          0          0          0          0         68   _sputc.o
       158          0          0          0          0         92   _strtoul.o
        16          0          0          0          0         68   aeabi_memset.o
        26          0          0          0          0         80   atoi.o
        10          0          0          0          0         68   defsig_exit.o
        50          0          0          0          0         88   defsig_general.o
        80         58          0          0          0         76   defsig_rtmem_inner.o
        14          0          0          0          0         80   defsig_rtmem_outer.o
        18          0          0          0          0         80   exit.o
        94          0          0          0          0         80   h1_alloc.o
        52          0          0          0          0         68   h1_extend.o
        78          0          0          0          0         80   h1_free.o
        14          0          0          0          0         84   h1_init.o
         6          0          0          0          0        152   heapauxi.o
         4          0          0          0          0        136   hguard.o
         0          0          0          0          0          0   indicate_semi.o
       138          0          0          0          0        168   init_alloc.o
        44         10        272          0          0         76   lc_ctype_c.o
         2          0          0          0          0          0   libinit.o
        28          0          0          0          0          0   libinit2.o
         2          0          0          0          0          0   libshutdown.o
         2          0          0          0          0          0   libshutdown2.o
         8          4          0          0         96         68   libspace.o
         0          0          0          0          0          0   maybetermalloc1.o
        40          6          0          0          0         84   noretval__2sprintf.o
        16          4          0          0          0         76   rt_ctype_table.o
         8          4          0          0          0         68   rt_errno_addr_intlibspace.o
         8          4          0          0          0         68   rt_heap_descriptor_intlibspace.o
         8          4          0          0          0         68   rt_locale_intlibspace.o
        68          0          0          0          0         68   rt_memclr.o
        78          0          0          0          0         80   rt_memclr_w.o
         2          0          0          0          0          0   rtexit.o
        10          0          0          0          0          0   rtexit2.o
        20          0          0          0          0         68   strchr.o
       128          0          0          0          0         68   strcmpv7m.o
        62          0          0          0          0         76   strlen.o
       150          0          0          0          0         80   strncmp.o
        86          0          0          0          0         76   strncpy.o
        36          0          0          0          0         80   strstr.o
       112          0          0          0          0         88   strtol.o
        12          4          0          0          0         68   sys_exit.o
        74          0          0          0          0         80   sys_stackheap_outer.o
        14          0          0          0          0         76   sys_wrch.o
         2          0          0          0          0         68   use_no_semi.o

    ----------------------------------------------------------------------
      2252        112        272          0         96       3456   Library Totals
        16          0          0          0          0          0   (incl. Padding)

    ----------------------------------------------------------------------

      Code (inc. data)   RO Data    RW Data    ZI Data      Debug   Library Name

      2236        112        272          0         96       3456   c_w.l

    ----------------------------------------------------------------------
      2252        112        272          0         96       3456   Library Totals

    ----------------------------------------------------------------------

==============================================================================


      Code (inc. data)   RO Data    RW Data    ZI Data      Debug   

     26936       1854       2204         60      18548     262925   Grand Totals
     26936       1854       2204         60      18548     262925   ELF Image Totals
     26936       1854       2204         60          0          0   ROM Totals

==============================================================================

    Total RO  Size (Code + RO Data)                29140 (  28.46kB)
    Total RW  Size (RW Data + ZI Data)             18608 (  18.17kB)
    Total ROM Size (Code + RO Data + RW Data)      29200 (  28.52kB)

==============================================================================

