Component: Arm Compiler for Embedded 6.19 Tool: armlink [5e73cb00]

==============================================================================

Section Cross References

    startup_stm32f103xb.o(STACK) refers (Special) to heapauxi.o(.text) for __use_two_region_memory
    startup_stm32f103xb.o(HEAP) refers (Special) to heapauxi.o(.text) for __use_two_region_memory
    startup_stm32f103xb.o(RESET) refers (Special) to heapauxi.o(.text) for __use_two_region_memory
    startup_stm32f103xb.o(RESET) refers to startup_stm32f103xb.o(STACK) for __initial_sp
    startup_stm32f103xb.o(RESET) refers to startup_stm32f103xb.o(.text) for Reset_Handler
    startup_stm32f103xb.o(RESET) refers to stm32f1xx_it.o(.text.NMI_Handler) for NMI_Handler
    startup_stm32f103xb.o(RESET) refers to context_rvds.o(.text) for HardFault_Handler
    startup_stm32f103xb.o(RESET) refers to stm32f1xx_it.o(.text.MemManage_Handler) for MemManage_Handler
    startup_stm32f103xb.o(RESET) refers to stm32f1xx_it.o(.text.BusFault_Handler) for BusFault_Handler
    startup_stm32f103xb.o(RESET) refers to stm32f1xx_it.o(.text.UsageFault_Handler) for UsageFault_Handler
    startup_stm32f103xb.o(RESET) refers to stm32f1xx_it.o(.text.DebugMon_Handler) for DebugMon_Handler
    startup_stm32f103xb.o(RESET) refers to board.o(.text.SysTick_Handler) for SysTick_Handler
    startup_stm32f103xb.o(RESET) refers to stm32f1xx_it.o(.text.USART1_IRQHandler) for USART1_IRQHandler
    startup_stm32f103xb.o(.text) refers (Special) to heapauxi.o(.text) for __use_two_region_memory
    startup_stm32f103xb.o(.text) refers to system_stm32f1xx.o(.text.SystemInit) for SystemInit
    startup_stm32f103xb.o(.text) refers to __main.o(!!!main) for __main
    startup_stm32f103xb.o(.text) refers to startup_stm32f103xb.o(HEAP) for Heap_Mem
    startup_stm32f103xb.o(.text) refers to startup_stm32f103xb.o(STACK) for Stack_Mem
    data_structure.o(.text) refers (Special) to _printf_percent.o(.ARM.Collect$$_printf_percent$$00000000) for _printf_percent
    data_structure.o(.text) refers (Special) to _printf_s.o(.ARM.Collect$$_printf_percent$$00000014) for _printf_s
    data_structure.o(.text) refers (Special) to _printf_d.o(.ARM.Collect$$_printf_percent$$00000009) for _printf_d
    data_structure.o(.text) refers (Special) to _printf_dec.o(.text) for _printf_int_dec
    data_structure.o(.text) refers (Special) to _printf_str.o(.text) for _printf_str
    data_structure.o(.text.setDate) refers (Special) to _printf_percent.o(.ARM.Collect$$_printf_percent$$00000000) for _printf_percent
    data_structure.o(.text.setDate) refers (Special) to _printf_s.o(.ARM.Collect$$_printf_percent$$00000014) for _printf_s
    data_structure.o(.text.setDate) refers (Special) to _printf_d.o(.ARM.Collect$$_printf_percent$$00000009) for _printf_d
    data_structure.o(.text.setDate) refers (Special) to _printf_dec.o(.text) for _printf_int_dec
    data_structure.o(.text.setDate) refers (Special) to _printf_str.o(.text) for _printf_str
    data_structure.o(.ARM.exidx.text.setDate) refers (Special) to _printf_percent.o(.ARM.Collect$$_printf_percent$$00000000) for _printf_percent
    data_structure.o(.ARM.exidx.text.setDate) refers (Special) to _printf_s.o(.ARM.Collect$$_printf_percent$$00000014) for _printf_s
    data_structure.o(.ARM.exidx.text.setDate) refers (Special) to _printf_d.o(.ARM.Collect$$_printf_percent$$00000009) for _printf_d
    data_structure.o(.ARM.exidx.text.setDate) refers (Special) to _printf_dec.o(.text) for _printf_int_dec
    data_structure.o(.ARM.exidx.text.setDate) refers (Special) to _printf_str.o(.text) for _printf_str
    data_structure.o(.ARM.exidx.text.setDate) refers to data_structure.o(.text.setDate) for [Anonymous Symbol]
    data_structure.o(.text.setTime) refers (Special) to _printf_percent.o(.ARM.Collect$$_printf_percent$$00000000) for _printf_percent
    data_structure.o(.text.setTime) refers (Special) to _printf_s.o(.ARM.Collect$$_printf_percent$$00000014) for _printf_s
    data_structure.o(.text.setTime) refers (Special) to _printf_d.o(.ARM.Collect$$_printf_percent$$00000009) for _printf_d
    data_structure.o(.text.setTime) refers (Special) to _printf_dec.o(.text) for _printf_int_dec
    data_structure.o(.text.setTime) refers (Special) to _printf_str.o(.text) for _printf_str
    data_structure.o(.ARM.exidx.text.setTime) refers (Special) to _printf_percent.o(.ARM.Collect$$_printf_percent$$00000000) for _printf_percent
    data_structure.o(.ARM.exidx.text.setTime) refers (Special) to _printf_s.o(.ARM.Collect$$_printf_percent$$00000014) for _printf_s
    data_structure.o(.ARM.exidx.text.setTime) refers (Special) to _printf_d.o(.ARM.Collect$$_printf_percent$$00000009) for _printf_d
    data_structure.o(.ARM.exidx.text.setTime) refers (Special) to _printf_dec.o(.text) for _printf_int_dec
    data_structure.o(.ARM.exidx.text.setTime) refers (Special) to _printf_str.o(.text) for _printf_str
[...]
    __rt_lib_init_lc_common                  0x0800017b   Thumb Code     0  libinit2.o(.ARM.Collect$$libinit$$00000011)
    __rt_lib_init_rand_1                     0x0800017b   Thumb Code     0  libinit2.o(.ARM.Collect$$libinit$$00000010)
    __rt_lib_init_user_alloc_1               0x0800017b   Thumb Code     0  libinit2.o(.ARM.Collect$$libinit$$0000000E)
    __rt_lib_init_lc_collate_1               0x08000181   Thumb Code     0  libinit2.o(.ARM.Collect$$libinit$$00000013)
    __rt_lib_init_lc_ctype_2                 0x08000181   Thumb Code     0  libinit2.o(.ARM.Collect$$libinit$$00000014)
    __rt_lib_init_alloca_1                   0x0800018d   Thumb Code     0  libinit2.o(.ARM.Collect$$libinit$$00000030)
    __rt_lib_init_argv_1                     0x0800018d   Thumb Code     0  libinit2.o(.ARM.Collect$$libinit$$0000002E)
    __rt_lib_init_atexit_1                   0x0800018d   Thumb Code     0  libinit2.o(.ARM.Collect$$libinit$$0000001D)
    __rt_lib_init_clock_1                    0x0800018d   Thumb Code     0  libinit2.o(.ARM.Collect$$libinit$$00000023)
    __rt_lib_init_cpp_1                      0x0800018d   Thumb Code     0  libinit2.o(.ARM.Collect$$libinit$$00000034)
    __rt_lib_init_exceptions_1               0x0800018d   Thumb Code     0  libinit2.o(.ARM.Collect$$libinit$$00000032)
    __rt_lib_init_fp_trap_1                  0x0800018d   Thumb Code     0  libinit2.o(.ARM.Collect$$libinit$$00000021)
    __rt_lib_init_getenv_1                   0x0800018d   Thumb Code     0  libinit2.o(.ARM.Collect$$libinit$$00000025)
    __rt_lib_init_lc_ctype_1                 0x0800018d   Thumb Code     0  libinit2.o(.ARM.Collect$$libinit$$00000015)
    __rt_lib_init_lc_monetary_1              0x0800018d   Thumb Code     0  libinit2.o(.ARM.Collect$$libinit$$00000017)
    __rt_lib_init_lc_numeric_1               0x0800018d   Thumb Code     0  libinit2.o(.ARM.Collect$$libinit$$00000019)
    __rt_lib_init_lc_time_1                  0x0800018d   Thumb Code     0  libinit2.o(.ARM.Collect$$libinit$$0000001B)
    __rt_lib_init_return                     0x0800018d   Thumb Code     0  libinit2.o(.ARM.Collect$$libinit$$00000035)
    __rt_lib_init_signal_1                   0x0800018d   Thumb Code     0  libinit2.o(.ARM.Collect$$libinit$$0000001F)
    __rt_lib_init_stdio_1                    0x0800018d   Thumb Code     0  libinit2.o(.ARM.Collect$$libinit$$00000027)
    __rt_lib_shutdown                        0x0800018f   Thumb Code     0  libshutdown.o(.ARM.Collect$$libshutdown$$00000000)
    __rt_lib_shutdown_cpp_1                  0x08000191   Thumb Code     0  libshutdown2.o(.ARM.Collect$$libshutdown$$00000002)
    __rt_lib_shutdown_fp_trap_1              0x08000191   Thumb Code     0  libshutdown2.o(.ARM.Collect$$libshutdown$$00000007)
    __rt_lib_shutdown_heap_1                 0x08000191   Thumb Code     0  libshutdown2.o(.ARM.Collect$$libshutdown$$0000000F)
    __rt_lib_shutdown_return                 0x08000191   Thumb Code     0  libshutdown2.o(.ARM.Collect$$libshutdown$$00000010)
    __rt_lib_shutdown_signal_1               0x08000191   Thumb Code     0  libshutdown2.o(.ARM.Collect$$libshutdown$$0000000A)
    __rt_lib_shutdown_stdio_1                0x08000191   Thumb Code     0  libshutdown2.o(.ARM.Collect$$libshutdown$$00000004)
    __rt_lib_shutdown_user_alloc_1           0x08000191   Thumb Code     0  libshutdown2.o(.ARM.Collect$$libshutdown$$0000000C)
    __rt_entry                               0x08000193   Thumb Code     0  __rtentry.o(.ARM.Collect$$rtentry$$00000000)
    __rt_entry_presh_1                       0x08000193   Thumb Code     0  __rtentry2.o(.ARM.Collect$$rtentry$$00000002)
    __rt_entry_sh                            0x08000193   Thumb Code     0  __rtentry4.o(.ARM.Collect$$rtentry$$00000004)
    __rt_entry_li                            0x08000199   Thumb Code     0  __rtentry2.o(.ARM.Collect$$rtentry$$0000000A)
    __rt_entry_postsh_1                      0x08000199   Thumb Code     0  __rtentry2.o(.ARM.Collect$$rtentry$$00000009)
    __rt_entry_main                          0x0800019d   Thumb Code     0  __rtentry2.o(.ARM.Collect$$rtentry$$0000000D)
    __rt_entry_postli_1                      0x0800019d   Thumb Code     0  __rtentry2.o(.ARM.Collect$$rtentry$$0000000C)
    __rt_exit                                0x080001a5   Thumb Code     0  rtexit.o(.ARM.Collect$$rtexit$$00000000)
    __rt_exit_ls                             0x080001a7   Thumb Code     0  rtexit2.o(.ARM.Collect$$rtexit$$00000003)
    __rt_exit_prels_1                        0x080001a7   Thumb Code     0  rtexit2.o(.ARM.Collect$$rtexit$$00000002)
    __rt_exit_exit                           0x080001ab   Thumb Code     0  rtexit2.o(.ARM.Collect$$rtexit$$00000004)
    Reset_Handler                            0x080001b1   Thumb Code     8  startup_stm32f103xb.o(.text)
    SVC_Handler                              0x080001c3   Thumb Code     2  startup_stm32f103xb.o(.text)
    ADC1_2_IRQHandler                        0x080001cb   Thumb Code     0  startup_stm32f103xb.o(.text)
    CAN1_RX1_IRQHandler                      0x080001cb   Thumb Code     0  startup_stm32f103xb.o(.text)
    CAN1_SCE_IRQHandler                      0x080001cb   Thumb Code     0  startup_stm32f103xb.o(.text)
    DMA1_Channel1_IRQHandler                 0x080001cb   Thumb Code     0  startup_stm32f103xb.o(.text)
    DMA1_Channel2_IRQHandler                 0x080001cb   Thumb Code     0  startup_stm32f103xb.o(.text)
    DMA1_Channel3_IRQHandler                 0x080001cb   Thumb Code     0  startup_stm32f103xb.o(.text)
    DMA1_Channel4_IRQHandler                 0x080001cb   Thumb Code     0  startup_stm32f103xb.o(.text)
    DMA1_Channel5_IRQHandler                 0x080001cb   Thumb Code     0  startup_stm32f103xb.o(.text)
    DMA1_Channel6_IRQHandler                 0x080001cb   Thumb Code     0  startup_stm32f103xb.o(.text)
    DMA1_Channel7_IRQHandler                 0x080001cb   Thumb Code     0  startup_stm32f103xb.o(.text)
    EXTI0_IRQHandler                         0x080001cb   Thumb Code     0  startup_stm32f103xb.o(.text)
    EXTI15_10_IRQHandler                     0x080001cb   Thumb Code     0  startup_stm32f103xb.o(.text)
    EXTI1_IRQHandler                         0x080001cb   Thumb Code     0  startup_stm32f103xb.o(.text)
    EXTI2_IRQHandler                         0x080001cb   Thumb Code     0  startup_stm32f103xb.o(.text)
    EXTI3_IRQHandler                         0x080001cb   Thumb Code     0  startup_stm32f103xb.o(.text)
    EXTI4_IRQHandler                         0x080001cb   Thumb Code     0  startup_stm32f103xb.o(.text)
    EXTI9_5_IRQHandler                       0x080001cb   Thumb Code     0  startup_stm32f103xb.o(.text)
    FLASH_IRQHandler                         0x080001cb   Thumb Code     0  startup_stm32f103xb.o(.text)
    I2C1_ER_IRQHandler                       0x080001cb   Thumb Code     0  startup_stm32f103xb.o(.text)
    I2C1_EV_IRQHandler                       0x080001cb   Thumb Code     0  startup_stm32f103xb.o(.text)
    I2C2_ER_IRQHandler                       0x080001cb   Thumb Code     0  startup_stm32f103xb.o(.text)
    I2C2_EV_IRQHandler                       0x080001cb   Thumb Code     0  startup_stm32f103xb.o(.text)
    PVD_IRQHandler                           0x080001cb   Thumb Code     0  startup_stm32f103xb.o(.text)
    RCC_IRQHandler                           0x080001cb   Thumb Code     0  startup_stm32f103xb.o(.text)
    RTC_Alarm_IRQHandler                     0x080001cb   Thumb Code     0  startup_stm32f103xb.o(.text)
    RTC_IRQHandler                           0x080001cb   Thumb Code     0  startup_stm32f103xb.o(.text)
    SPI1_IRQHandler                          0x080001cb   Thumb Code     0  startup_stm32f103xb.o(.text)
    SPI2_IRQHandler                          0x080001cb   Thumb Code     0  startup_stm32f103xb.o(.text)
    TAMPER_IRQHandler                        0x080001cb   Thumb Code     0  startup_stm32f103xb.o(.text)
    TIM1_BRK_IRQHandler                      0x080001cb   Thumb Code     0  startup_stm32f103xb.o(.text)
    TIM1_CC_IRQHandler                       0x080001cb   Thumb Code     0  startup_stm32f103xb.o(.text)
    TIM1_TRG_COM_IRQHandler                  0x080001cb   Thumb Code     0  startup_stm32f103xb.o(.text)
    TIM1_UP_IRQHandler                       0x080001cb   Thumb Code     0  startup_stm32f103xb.o(.text)
    TIM2_IRQHandler                          0x080001cb   Thumb Code     0  startup_stm32f103xb.o(.text)
    TIM3_IRQHandler                          0x080001cb   Thumb Code     0  startup_stm32f103xb.o(.text)
    TIM4_IRQHandler                          0x080001cb   Thumb Code     0  startup_stm32f103xb.o(.text)
    USART2_IRQHandler                        0x080001cb   Thumb Code     0  startup_stm32f103xb.o(.text)
    USART3_IRQHandler                        0x080001cb   Thumb Code     0  startup_stm32f103xb.o(.text)
    USBWakeUp_IRQHandler                     0x080001cb   Thumb Code     0  startup_stm32f103xb.o(.text)
    USB_HP_CAN1_TX_IRQHandler                0x080001cb   Thumb Code     0  startup_stm32f103xb.o(.text)
    USB_LP_CAN1_RX0_IRQHandler               0x080001cb   Thumb Code     0  startup_stm32f103xb.o(.text)
    WWDG_IRQHandler                          0x080001cb   Thumb Code     0  startup_stm32f103xb.o(.text)
    __user_initial_stackheap                 0x080001cd   Thumb Code     0  startup_stm32f103xb.o(.text)
    rt_hw_interrupt_disable                  0x080001f1   Thumb Code     8  context_rvds.o(.text)
    rt_hw_interrupt_enable                   0x080001f9   Thumb Code     6  context_rvds.o(.text)
    rt_hw_context_switch                     0x080001ff   Thumb Code    32  context_rvds.o(.text)
    rt_hw_context_switch_interrupt           0x080001ff   Thumb Code     0  context_rvds.o(.text)
    PendSV_Handler                           0x0800021f   Thumb Code    60  context_rvds.o(.text)
    rt_hw_context_switch_to                  0x0800025b   Thumb Code    56  context_rvds.o(.text)
    rt_hw_interrupt_thread_switch            0x08000293   Thumb Code     2  context_rvds.o(.text)
    HardFault_Handler                        0x08000295   Thumb Code    52  context_rvds.o(.text)
    malloc                                   0x080002e5   Thumb Code    94  h1_alloc.o(.text)
    free                                     0x08000343   Thumb Code    78  h1_free.o(.text)
    realloc                                  0x08000391   Thumb Code   196  h1_realloc.o(.text)
    __2sprintf                               0x08000455   Thumb Code    38  __2sprintf.o(.text)
    __2snprintf                              0x08000481   Thumb Code    58  __2snprintf.o(.text)
    __printf                                 0x080004c1   Thumb Code   104  __printf.o(.text)
    _printf_str                              0x08000529   Thumb Code    82  _printf_str.o(.text)
    _printf_int_dec                          0x0800057d   Thumb Code   104  _printf_dec.o(.text)
    __0sscanf                                0x080005f5   Thumb Code    52  __0sscanf.o(.text)
    _scanf_int                               0x08000631   Thumb Code   332  _scanf_int.o(.text)
    _scanf_string                            0x0800077d   Thumb Code   224  _scanf_str.o(.text)
    atoi                                     0x0800085d   Thumb Code    26  atoi.o(.text)
    strstr                                   0x08000877   Thumb Code    36  strstr.o(.text)
    strcpy                                   0x0800089b   Thumb Code    72  strcpy.o(.text)
    strlen                                   0x080008e3   Thumb Code    62  strlen.o(.text)
    strncmp                                  0x08000921   Thumb Code   150  strncmp.o(.text)
    __aeabi_memset                           0x080009b7   Thumb Code    16  aeabi_memset.o(.text)
    __aeabi_memclr                           0x080009c7   Thumb Code     0  rt_memclr.o(.text)
    __rt_memclr                              0x080009c7   Thumb Code     0  rt_memclr.o(.text)
    _memset                                  0x080009cb   Thumb Code    64  rt_memclr.o(.text)
    __aeabi_memclr4                          0x08000a0b   Thumb Code     0  rt_memclr_w.o(.text)
    __aeabi_memclr8                          0x08000a0b   Thumb Code     0  rt_memclr_w.o(.text)
    __rt_memclr_w                            0x08000a0b   Thumb Code     0  rt_memclr_w.o(.text)
    _memset_w                                0x08000a0f   Thumb Code    74  rt_memclr_w.o(.text)
    strncpy                                  0x08000a59   Thumb Code    86  strncpy.o(.text)
    __use_two_region_memory                  0x08000aaf   Thumb Code     2  heapauxi.o(.text)
    __rt_heap_escrow                         0x08000ab1   Thumb Code     2  heapauxi.o(.text)
    __rt_heap_expand                         0x08000ab3   Thumb Code     2  heapauxi.o(.text)
    __rt_heap_descriptor                     0x08000ab5   Thumb Code     8  rt_heap_descriptor_intlibspace.o(.text)
    __aeabi_errno_addr                       0x08000abd   Thumb Code     8  rt_errno_addr_intlibspace.o(.text)
    __errno$intlibspace                      0x08000abd   Thumb Code     0  rt_errno_addr_intlibspace.o(.text)
    __rt_errno_addr$intlibspace              0x08000abd   Thumb Code     0  rt_errno_addr_intlibspace.o(.text)
    __use_no_heap                            0x08000ac5   Thumb Code     2  hguard.o(.text)
    __heap$guard                             0x08000ac7   Thumb Code     2  hguard.o(.text)
    _terminate_user_alloc                    0x08000ac9   Thumb Code     2  init_alloc.o(.text)
    _init_user_alloc                         0x08000acb   Thumb Code     2  init_alloc.o(.text)
    __Heap_Full                              0x08000acd   Thumb Code    34  init_alloc.o(.text)
    __Heap_Broken                            0x08000aef   Thumb Code     6  init_alloc.o(.text)
    _init_alloc                              0x08000af5   Thumb Code    94  init_alloc.o(.text)
    __Heap_Initialize                        0x08000b53   Thumb Code    10  h1_init.o(.text)
    __Heap_DescSize                          0x08000b5d   Thumb Code     4  h1_init.o(.text)
    _printf_int_common                       0x08000b61   Thumb Code   178  _printf_intcommon.o(.text)
    _printf_char_common                      0x08000c1f   Thumb Code    32  _printf_char_common.o(.text)
    _sputc                                   0x08000c45   Thumb Code    10  _sputc.o(.text)
    _snputc                                  0x08000c4f   Thumb Code    16  _snputc.o(.text)
    _printf_cs_common                        0x08000c5f   Thumb Code    20  _printf_char.o(.text)
    _printf_char                             0x08000c73   Thumb Code    16  _printf_char.o(.text)
    _printf_string                           0x08000c83   Thumb Code     8  _printf_char.o(.text)
    _chval                                   0x08000c8b   Thumb Code    28  _chval.o(.text)
    __vfscanf_char                           0x08000cb5   Thumb Code    24  scanf_char.o(.text)
    _sgetc                                   0x08000cd5   Thumb Code    30  _sgetc.o(.text)
    _sbackspace                              0x08000cf3   Thumb Code    34  _sgetc.o(.text)
    strtol                                   0x08000d15   Thumb Code   112  strtol.o(.text)
    __aeabi_memcpy4                          0x08000d85   Thumb Code     0  rt_memcpy_w.o(.text)
    __aeabi_memcpy8                          0x08000d85   Thumb Code     0  rt_memcpy_w.o(.text)
    __rt_memcpy_w                            0x08000d85   Thumb Code   100  rt_memcpy_w.o(.text)
    _memcpy_lastbytes_aligned                0x08000dcd   Thumb Code     0  rt_memcpy_w.o(.text)
    __user_libspace                          0x08000de9   Thumb Code     8  libspace.o(.text)
    __user_perproc_libspace                  0x08000de9   Thumb Code     0  libspace.o(.text)
    __user_perthread_libspace                0x08000de9   Thumb Code     0  libspace.o(.text)
    __rt_ctype_table                         0x08000df1   Thumb Code    16  rt_ctype_table.o(.text)
    __Heap_ProvideMemory                     0x08000e01   Thumb Code    52  h1_extend.o(.text)
    _maybe_terminate_alloc                   0x08000e01   Thumb Code     0  maybetermalloc1.o(.text)
    isspace                                  0x08000e35   Thumb Code    18  isspace.o(.text)
    __vfscanf                                0x08000e49   Thumb Code   878  _scanf.o(.text)
    _strtoul                                 0x080011bd   Thumb Code   158  _strtoul.o(.text)
    __rt_SIGRTMEM                            0x0800125b   Thumb Code    14  defsig_rtmem_outer.o(.text)
    __I$use$semihosting                      0x08001269   Thumb Code     0  use_no_semi.o(.text)
    __use_no_semihosting_swi                 0x08001269   Thumb Code     2  use_no_semi.o(.text)
    __semihosting_library_function           0x0800126b   Thumb Code     0  indicate_semi.o(.text)
    __user_setup_stackheap                   0x0800126b   Thumb Code    74  sys_stackheap_outer.o(.text)
    __rt_locale                              0x080012b5   Thumb Code     8  rt_locale_intlibspace.o(.text)
    exit                                     0x080012bd   Thumb Code    18  exit.o(.text)
    __sig_exit                               0x080012cf   Thumb Code    10  defsig_exit.o(.text)
    __rt_SIGRTMEM_inner                      0x080012d9   Thumb Code    22  defsig_rtmem_inner.o(.text)
    _sys_exit                                0x08001329   Thumb Code     8  sys_exit.o(.text)
    __default_signal_display                 0x08001335   Thumb Code    50  defsig_general.o(.text)
    strcmp                                   0x08001369   Thumb Code   128  strcmpv7m.o(.text)
    _ttywrch                                 0x080013e9   Thumb Code    14  sys_wrch.o(.text)
    main                                     0x080013f9   Thumb Code    84  components.o(.text.$Sub$$main)
    BusFault_Handler                         0x0800144d   Thumb Code     2  stm32f1xx_it.o(.text.BusFault_Handler)
    DebugMon_Handler                         0x08001451   Thumb Code     2  stm32f1xx_it.o(.text.DebugMon_Handler)
    Error_Handler                            0x08001455   Thumb Code    10  main.o(.text.Error_Handler)
    Esp01s_Init                              0x08001461   Thumb Code   320  esp01s.o(.text.Esp01s_Init)
    HAL_DMA_Abort                            0x080015fd   Thumb Code    70  stm32f1xx_hal_dma.o(.text.HAL_DMA_Abort)
    HAL_DMA_Abort_IT                         0x08001645   Thumb Code   178  stm32f1xx_hal_dma.o(.text.HAL_DMA_Abort_IT)
    HAL_GPIO_Init                            0x080016f9   Thumb Code   538  stm32f1xx_hal_gpio.o(.text.HAL_GPIO_Init)
    HAL_GPIO_TogglePin                       0x08001915   Thumb Code    16  stm32f1xx_hal_gpio.o(.text.HAL_GPIO_TogglePin)
    HAL_GPIO_WritePin                        0x08001925   Thumb Code    10  stm32f1xx_hal_gpio.o(.text.HAL_GPIO_WritePin)
    HAL_GetTick                              0x08001931   Thumb Code    12  stm32f1xx_hal.o(.text.HAL_GetTick)
    HAL_I2C_Init                             0x0800193d   Thumb Code   374  stm32f1xx_hal_i2c.o(.text.HAL_I2C_Init)
    HAL_I2C_MspInit                          0x08001ab5   Thumb Code    98  i2c.o(.text.HAL_I2C_MspInit)
    HAL_Init                                 0x08001b19   Thumb Code    38  stm32f1xx_hal.o(.text.HAL_Init)
    HAL_InitTick                             0x08001b41   Thumb Code    72  stm32f1xx_hal.o(.text.HAL_InitTick)
    HAL_MspInit                              0x08001b89   Thumb Code    66  stm32f1xx_hal_msp.o(.text.HAL_MspInit)
    HAL_NVIC_EnableIRQ                       0x08001bcd   Thumb Code    38  stm32f1xx_hal_cortex.o(.text.HAL_NVIC_EnableIRQ)
    HAL_NVIC_SetPriority                     0x08001bf5   Thumb Code    86  stm32f1xx_hal_cortex.o(.text.HAL_NVIC_SetPriority)
    HAL_NVIC_SetPriorityGrouping             0x08001c4d   Thumb Code    32  stm32f1xx_hal_cortex.o(.text.HAL_NVIC_SetPriorityGrouping)
    HAL_RCC_ClockConfig                      0x08001c6d   Thumb Code   446  stm32f1xx_hal_rcc.o(.text.HAL_RCC_ClockConfig)
    HAL_RCC_GetHCLKFreq                      0x08001e2d   Thumb Code    12  stm32f1xx_hal_rcc.o(.text.HAL_RCC_GetHCLKFreq)
    HAL_RCC_GetPCLK1Freq                     0x08001e39   Thumb Code    38  stm32f1xx_hal_rcc.o(.text.HAL_RCC_GetPCLK1Freq)
    HAL_RCC_GetPCLK2Freq                     0x08001e61   Thumb Code    38  stm32f1xx_hal_rcc.o(.text.HAL_RCC_GetPCLK2Freq)
    HAL_RCC_OscConfig                        0x08001e89   Thumb Code   948  stm32f1xx_hal_rcc.o(.text.HAL_RCC_OscConfig)
    HAL_SYSTICK_Config                       0x0800223d   Thumb Code    44  stm32f1xx_hal_cortex.o(.text.HAL_SYSTICK_Config)
    HAL_UARTEx_RxEventCallback               0x08002269   Thumb Code     2  stm32f1xx_hal_uart.o(.text.HAL_UARTEx_RxEventCallback)
    HAL_UART_ErrorCallback                   0x0800226d   Thumb Code     2  stm32f1xx_hal_uart.o(.text.HAL_UART_ErrorCallback)
    HAL_UART_IRQHandler                      0x08002271   Thumb Code  1376  stm32f1xx_hal_uart.o(.text.HAL_UART_IRQHandler)
    HAL_UART_Init                            0x080027d1   Thumb Code   226  stm32f1xx_hal_uart.o(.text.HAL_UART_Init)
    HAL_UART_MspInit                         0x080028b5   Thumb Code   250  usart.o(.text.HAL_UART_MspInit)
    HAL_UART_Receive_IT                      0x080029b1   Thumb Code    82  stm32f1xx_hal_uart.o(.text.HAL_UART_Receive_IT)
    HAL_UART_RxCpltCallback                  0x08002a05   Thumb Code   440  main.o(.text.HAL_UART_RxCpltCallback)
    HAL_UART_Transmit                        0x08002bc5   Thumb Code   632  stm32f1xx_hal_uart.o(.text.HAL_UART_Transmit)
    HAL_UART_TxCpltCallback                  0x08002e3d   Thumb Code     2  stm32f1xx_hal_uart.o(.text.HAL_UART_TxCpltCallback)
    MX_GPIO_Init                             0x08002e41   Thumb Code   156  gpio.o(.text.MX_GPIO_Init)
    MX_I2C1_Init                             0x08002edd   Thumb Code    66  i2c.o(.text.MX_I2C1_Init)
    MX_USART1_UART_Init                      0x08002f21   Thumb Code    60  usart.o(.text.MX_USART1_UART_Init)
    MX_USART2_UART_Init                      0x08002f5d   Thumb Code    60  usart.o(.text.MX_USART2_UART_Init)
    MemManage_Handler                        0x08002f99   Thumb Code     2  stm32f1xx_it.o(.text.MemManage_Handler)
    NMI_Handler                              0x08002f9d   Thumb Code     2  stm32f1xx_it.o(.text.NMI_Handler)
    SysTick_Handler                          0x08002fa1   Thumb Code    18  board.o(.text.SysTick_Handler)
    SystemClock_Config                       0x08002fb5   Thumb Code    84  main.o(.text.SystemClock_Config)
    SystemCoreClockUpdate                    0x08003009   Thumb Code   112  system_stm32f1xx.o(.text.SystemCoreClockUpdate)
    SystemInit                               0x08003079   Thumb Code     2  system_stm32f1xx.o(.text.SystemInit)
    USART1_IRQHandler                        0x08003189   Thumb Code    12  stm32f1xx_it.o(.text.USART1_IRQHandler)
    UsageFault_Handler                       0x08003195   Thumb Code     2  stm32f1xx_it.o(.text.UsageFault_Handler)
    __rt_ffs                                 0x08003199   Thumb Code    56  kservice.o(.text.__rt_ffs)
    cmd_free                                 0x080031d1   Thumb Code    10  msh.o(.text.cmd_free)
    cmd_ps                                   0x080031dd   Thumb Code    10  msh.o(.text.cmd_ps)
    deviceToString                           0x080031e9   Thumb Code   268  data_structure.o(.text.deviceToString)
    espSend                                  0x0800330d   Thumb Code   128  esp01s.o(.text.espSend)
    feeding                                  0x080033e5   Thumb Code    92  feeding.o(.text.feeding)
    finsh_system_init                        0x08003441   Thumb Code   136  shell.o(.text.finsh_system_init)
    finsh_thread_entry                       0x080034f1   Thumb Code  1164  shell.o(.text.finsh_thread_entry)
    hello                                    0x08003995   Thumb Code    12  cmd.o(.text.hello)
    insertDevice                             0x080039b5   Thumb Code    54  data_structure.o(.text.insertDevice)
    insertPlan                               0x080039ed   Thumb Code   104  data_structure.o(.text.insertPlan)
    list                                     0x08003a55   Thumb Code    96  cmd.o(.text.list)
    list_mem                                 0x08003add   Thumb Code    40  mem.o(.text.list_mem)
    list_sem                                 0x08003b4d   Thumb Code   512  cmd.o(.text.list_sem)
    list_thread                              0x08003db9   Thumb Code   476  cmd.o(.text.list_thread)
    list_timer                               0x08004025   Thumb Code  1212  cmd.o(.text.list_timer)
    $Super$$main                             0x0800454d   Thumb Code   260  main.o(.text.main)
    main_thread_entry                        0x08004689   Thumb Code    50  components.o(.text.main_thread_entry)
    msh_auto_complete                        0x080046bd   Thumb Code   384  msh.o(.text.msh_auto_complete)
    msh_exec                                 0x08004841   Thumb Code   988  msh.o(.text.msh_exec)
    msh_help                                 0x08004c59   Thumb Code   124  msh.o(.text.msh_help)
    msh_is_used                              0x08004cd5   Thumb Code     4  msh.o(.text.msh_is_used)
    newDate                                  0x08004cd9   Thumb Code    26  data_structure.o(.text.newDate)
    newTime                                  0x08004cf5   Thumb Code    26  data_structure.o(.text.newTime)
    parseAndProcessCommand                   0x08004d11   Thumb Code   104  main.o(.text.parseAndProcessCommand)
    planToString                             0x08004d99   Thumb Code   376  data_structure.o(.text.planToString)
    processJson                              0x0800542d   Thumb Code   632  main.o(.text.processJson)
    reciveData                               0x08005735   Thumb Code   160  main.o(.text.reciveData)
    rt_calloc                                0x080057d5   Thumb Code    30  mem.o(.text.rt_calloc)
    rt_components_board_init                 0x080057f5   Thumb Code    44  components.o(.text.rt_components_board_init)
    rt_enter_critical                        0x08005821   Thumb Code    28  scheduler.o(.text.rt_enter_critical)
    rt_exit_critical                         0x0800583d   Thumb Code   150  scheduler.o(.text.rt_exit_critical)
    rt_free                                  0x080058d5   Thumb Code   216  mem.o(.text.rt_free)
    rt_heap_begin_get                        0x080059f9   Thumb Code    10  board.o(.text.rt_heap_begin_get)
    rt_heap_end_get                          0x08005a05   Thumb Code    14  board.o(.text.rt_heap_end_get)
    rt_hw_board_init                         0x08005a15   Thumb Code    62  board.o(.text.rt_hw_board_init)
    rt_hw_console_getchar                    0x08005a55   Thumb Code    38  board.o(.text.rt_hw_console_getchar)
    rt_hw_console_output                     0x08005a7d   Thumb Code    96  board.o(.text.rt_hw_console_output)
    rt_hw_hard_fault_exception               0x08005add   Thumb Code   900  cpuport.o(.text.rt_hw_hard_fault_exception)
    rt_hw_stack_init                         0x08005f09   Thumb Code    60  cpuport.o(.text.rt_hw_stack_init)
    rt_interrupt_enter                       0x08005f45   Thumb Code    28  irq.o(.text.rt_interrupt_enter)
    rt_interrupt_leave                       0x08005f61   Thumb Code    28  irq.o(.text.rt_interrupt_leave)
    rt_kprintf                               0x08005f7d   Thumb Code    50  kservice.o(.text.rt_kprintf)
    rt_malloc                                0x08005fb1   Thumb Code   394  mem.o(.text.rt_malloc)
    rt_memmove                               0x0800613d   Thumb Code   236  kservice.o(.text.rt_memmove)
    rt_memset                                0x08006229   Thumb Code   246  kservice.o(.text.rt_memset)
    rt_object_allocate                       0x08006321   Thumb Code   112  object.o(.text.rt_object_allocate)
    rt_object_delete                         0x08006391   Thumb Code    44  object.o(.text.rt_object_delete)
    rt_object_detach                         0x080063bd   Thumb Code    36  object.o(.text.rt_object_detach)
    rt_object_get_information                0x080063e1   Thumb Code    42  object.o(.text.rt_object_get_information)
    rt_object_init                           0x0800640d   Thumb Code   126  object.o(.text.rt_object_init)
    rt_object_is_systemobject                0x0800648d   Thumb Code     6  object.o(.text.rt_object_is_systemobject)
    rt_schedule                              0x08006495   Thumb Code   114  scheduler.o(.text.rt_schedule)
    rt_schedule_insert_thread                0x08006509   Thumb Code    82  scheduler.o(.text.rt_schedule_insert_thread)
    rt_schedule_remove_thread                0x0800655d   Thumb Code    86  scheduler.o(.text.rt_schedule_remove_thread)
    rt_sem_init                              0x080065b5   Thumb Code    32  ipc.o(.text.rt_sem_init)
    rt_sem_release                           0x080065d5   Thumb Code    82  ipc.o(.text.rt_sem_release)
    rt_sem_take                              0x08006629   Thumb Code   240  ipc.o(.text.rt_sem_take)
    rt_show_version                          0x08006719   Thumb Code    48  kservice.o(.text.rt_show_version)
    rt_sprintf                               0x080067d1   Thumb Code    36  kservice.o(.text.rt_sprintf)
    rt_strdup                                0x080067f5   Thumb Code   376  kservice.o(.text.rt_strdup)
    strdup                                   0x080067f5   Thumb Code   376  kservice.o(.text.rt_strdup)
    rt_strlen                                0x0800696d   Thumb Code    46  kservice.o(.text.rt_strlen)
    rt_strncpy                               0x0800699d   Thumb Code   134  kservice.o(.text.rt_strncpy)
    rt_system_heap_init                      0x08006a25   Thumb Code   120  mem.o(.text.rt_system_heap_init)
    rt_system_scheduler_init                 0x08006ae1   Thumb Code   298  scheduler.o(.text.rt_system_scheduler_init)
    rt_system_scheduler_start                0x08006c0d   Thumb Code    48  scheduler.o(.text.rt_system_scheduler_start)
    rt_system_timer_init                     0x08006c3d   Thumb Code    16  timer_1.o(.text.rt_system_timer_init)
    rt_system_timer_thread_init              0x08006c4d   Thumb Code     2  timer_1.o(.text.rt_system_timer_thread_init)
    rt_thread_create                         0x08006c51   Thumb Code   176  thread.o(.text.rt_thread_create)
    rt_thread_delete                         0x08006d01   Thumb Code    96  thread.o(.text.rt_thread_delete)
    rt_thread_exit                           0x08006d61   Thumb Code   122  thread.o(.text.rt_thread_exit)
    rt_thread_idle_init                      0x08006e1d   Thumb Code    72  idle.o(.text.rt_thread_idle_init)
    rt_thread_init                           0x08006e6d   Thumb Code   142  thread.o(.text.rt_thread_init)
    rt_thread_mdelay                         0x08006efd   Thumb Code    14  thread.o(.text.rt_thread_mdelay)
    rt_thread_resume                         0x08006f0d   Thumb Code    70  thread.o(.text.rt_thread_resume)
    rt_thread_self                           0x08006f55   Thumb Code    12  thread.o(.text.rt_thread_self)
    rt_thread_sleep                          0x08006f61   Thumb Code   120  thread.o(.text.rt_thread_sleep)
    rt_thread_startup                        0x08006fd9   Thumb Code    92  thread.o(.text.rt_thread_startup)
    rt_thread_suspend                        0x08007035   Thumb Code    66  thread.o(.text.rt_thread_suspend)
    rt_thread_timeout                        0x08007079   Thumb Code    40  thread.o(.text.rt_thread_timeout)
    rt_thread_yield                          0x080070a1   Thumb Code   100  thread.o(.text.rt_thread_yield)
    rt_tick_from_millisecond                 0x08007105   Thumb Code    52  clock.o(.text.rt_tick_from_millisecond)
    rt_tick_get                              0x08007139   Thumb Code    12  clock.o(.text.rt_tick_get)
    rt_tick_increase                         0x08007145   Thumb Code    52  clock.o(.text.rt_tick_increase)
    rt_timer_check                           0x08007179   Thumb Code   392  timer_1.o(.text.rt_timer_check)
    rt_timer_control                         0x08007301   Thumb Code   104  timer_1.o(.text.rt_timer_control)
    rt_timer_detach                          0x08007369   Thumb Code    48  timer_1.o(.text.rt_timer_detach)
    rt_timer_init                            0x08007399   Thumb Code    50  timer_1.o(.text.rt_timer_init)
    rt_timer_start                           0x080073cd   Thumb Code   210  timer_1.o(.text.rt_timer_start)
    rt_timer_stop                            0x080074a1   Thumb Code    56  timer_1.o(.text.rt_timer_stop)
    rt_vsnprintf                             0x080074d9   Thumb Code  2028  kservice.o(.text.rt_vsnprintf)
    sendData                                 0x08007cdd   Thumb Code    30  usart.o(.text.sendData)
    toggle_feed                              0x08007cfd   Thumb Code   152  feeding.o(.text.toggle_feed)
    version                                  0x08007e05   Thumb Code    10  cmd.o(.text.version)
    wait_for_esp                             0x08007e11   Thumb Code   136  esp01s.o(.text.wait_for_esp)
    _get_lc_ctype                            0x08007ec5   Thumb Code    44  lc_ctype_c.o(locale$$code)
    AHBPrescTable                            0x08007ef0   Data          16  system_stm32f1xx.o(.rodata.AHBPrescTable)
    APBPrescTable                            0x08007f00   Data           8  system_stm32f1xx.o(.rodata.APBPrescTable)
    __lowest_bit_bitmap                      0x08007f0a   Data         256  kservice.o(.rodata.__lowest_bit_bitmap)
    __fsym_list_mem_name                     0x0800801a   Data           9  mem.o(.rodata.name)
    __fsym_list_mem_desc                     0x08008023   Data          30  mem.o(.rodata.name)
    __fsym_hello_name                        0x08008041   Data           6  cmd.o(.rodata.name)
    __fsym_hello_desc                        0x08008047   Data          16  cmd.o(.rodata.name)
    __fsym_version_name                      0x08008057   Data           8  cmd.o(.rodata.name)
    __fsym_version_desc                      0x0800805f   Data          35  cmd.o(.rodata.name)
    __fsym___cmd_version_name                0x08008082   Data          14  cmd.o(.rodata.name)
    __fsym___cmd_version_desc                0x08008090   Data          35  cmd.o(.rodata.name)
    __fsym_list_thread_name                  0x080080b3   Data          12  cmd.o(.rodata.name)
    __fsym_list_thread_desc                  0x080080bf   Data          12  cmd.o(.rodata.name)
    __fsym___cmd_list_thread_name            0x080080cb   Data          18  cmd.o(.rodata.name)
    __fsym___cmd_list_thread_desc            0x080080dd   Data          12  cmd.o(.rodata.name)
    __fsym_list_sem_name                     0x080080e9   Data           9  cmd.o(.rodata.name)
    __fsym_list_sem_desc                     0x080080f2   Data          25  cmd.o(.rodata.name)
    __fsym___cmd_list_sem_name               0x0800810b   Data          15  cmd.o(.rodata.name)
    __fsym___cmd_list_sem_desc               0x0800811a   Data          25  cmd.o(.rodata.name)
    __fsym_list_timer_name                   0x08008133   Data          11  cmd.o(.rodata.name)
    __fsym_list_timer_desc                   0x0800813e   Data          21  cmd.o(.rodata.name)
    __fsym___cmd_list_timer_name             0x08008153   Data          17  cmd.o(.rodata.name)
    __fsym___cmd_list_timer_desc             0x08008164   Data          21  cmd.o(.rodata.name)
    __fsym_list_name                         0x08008179   Data           5  cmd.o(.rodata.name)
    __fsym_list_desc                         0x0800817e   Data          26  cmd.o(.rodata.name)
    __fsym___cmd_help_name                   0x08008198   Data          11  msh.o(.rodata.name)
    __fsym___cmd_help_desc                   0x080081a3   Data          22  msh.o(.rodata.name)
    __fsym___cmd_ps_name                     0x080081b9   Data           9  msh.o(.rodata.name)
    __fsym___cmd_ps_desc                     0x080081c2   Data          28  msh.o(.rodata.name)
    __fsym___cmd_free_name                   0x080081de   Data          11  msh.o(.rodata.name)
    __fsym___cmd_free_desc                   0x080081e9   Data          37  msh.o(.rodata.name)
    __rt_init_rti_start                      0x08008704   Data           4  components.o(.rti_fn.0)
    __rt_init_rti_board_start                0x08008708   Data           4  components.o(.rti_fn.0.end)
    __rt_init_uart_init                      0x0800870c   Data           4  board.o(.rti_fn.1)
    __rt_init_rti_board_end                  0x08008710   Data           4  components.o(.rti_fn.1.end)
    __rt_init_finsh_system_init              0x08008714   Data           4  shell.o(.rti_fn.6)
    __rt_init_rti_end                        0x08008718   Data           4  components.o(.rti_fn.6.end)
    FSymTab$$Base                            0x0800871c   Number         0  mem.o(FSymTab)
    __fsym_list_mem                          0x0800871c   Data          12  mem.o(FSymTab)
    __fsym_hello                             0x08008728   Data          12  cmd.o(FSymTab)
    __fsym_version                           0x08008734   Data          12  cmd.o(FSymTab)
    __fsym___cmd_version                     0x08008740   Data          12  cmd.o(FSymTab)
    __fsym_list_thread                       0x0800874c   Data          12  cmd.o(FSymTab)
    __fsym___cmd_list_thread                 0x08008758   Data          12  cmd.o(FSymTab)
    __fsym_list_sem                          0x08008764   Data          12  cmd.o(FSymTab)
    __fsym___cmd_list_sem                    0x08008770   Data          12  cmd.o(FSymTab)
    __fsym_list_timer                        0x0800877c   Data          12  cmd.o(FSymTab)
    __fsym___cmd_list_timer                  0x08008788   Data          12  cmd.o(FSymTab)
    __fsym_list                              0x08008794   Data          12  cmd.o(FSymTab)
    __fsym___cmd_help                        0x080087a0   Data          12  msh.o(FSymTab)
    __fsym___cmd_ps                          0x080087ac   Data          12  msh.o(FSymTab)
    __fsym___cmd_free                        0x080087b8   Data          12  msh.o(FSymTab)
    FSymTab$$Limit                           0x080087c4   Number         0  msh.o(FSymTab)
    Region$$Table$$Base                      0x080087c4   Number         0  anon$$obj.o(Region$$Table)
    Region$$Table$$Limit                     0x080087e4   Number         0  anon$$obj.o(Region$$Table)
    __ctype                                  0x080087f1   Data           0  lc_ctype_c.o(locale$$data)
    uwTickFreq                               0x20000000   Data           1  stm32f1xx_hal.o(.data..L_MergedGlobals)
    uwTickPrio                               0x20000004   Data           4  stm32f1xx_hal.o(.data..L_MergedGlobals)
    SystemCoreClock                          0x20000008   Data           4  system_stm32f1xx.o(.data.SystemCoreClock)
    feed_pins                                0x2000000c   Data           6  feeding.o(.data.feed_pins)
    __libspace_start                         0x20000048   Data          96  libspace.o(.bss)
    __temporary_stack_top$libspace           0x200000a8   Data           0  libspace.o(.bss)
    timerData                                0x200000a8   Data           4  timer.o(.bss..L_MergedGlobals)
    planCount                                0x200000ac   Data           4  timer.o(.bss..L_MergedGlobals)
    feed_flags                               0x200000b0   Data          12  feeding.o(.bss..L_MergedGlobals)
    feeding_thread                           0x200000bc   Data          12  feeding.o(.bss..L_MergedGlobals)
    usart1_c                                 0x200000c8   Data           1  main.o(.bss..L_MergedGlobals)
    plans                                    0x200000cc   Data           4  main.o(.bss..L_MergedGlobals)
    devices                                  0x200000d0   Data           4  main.o(.bss..L_MergedGlobals)
    jsonMessage                              0x200000d4   Data           4  main.o(.bss..L_MergedGlobals)
    dataLenStr                               0x200000d8   Data           4  main.o(.bss..L_MergedGlobals)
    dataLen                                  0x200000dc   Data           4  main.o(.bss..L_MergedGlobals)
    realCommand                              0x200000e0   Data           4  main.o(.bss..L_MergedGlobals)
    rt_current_priority                      0x2000011c   Data           1  scheduler.o(.bss..L_MergedGlobals)
    rt_current_thread                        0x20000120   Data           4  scheduler.o(.bss..L_MergedGlobals)
    rt_thread_ready_priority_group           0x20000124   Data           4  scheduler.o(.bss..L_MergedGlobals)
    rt_thread_defunct                        0x20000128   Data           8  scheduler.o(.bss..L_MergedGlobals)
    _syscall_table_begin                     0x2000013c   Data           4  shell.o(.bss..L_MergedGlobals)
    _syscall_table_end                       0x20000140   Data           4  shell.o(.bss..L_MergedGlobals)
    _sysvar_table_begin                      0x20000144   Data           4  shell.o(.bss..L_MergedGlobals)
    _sysvar_table_end                        0x20000148   Data           4  shell.o(.bss..L_MergedGlobals)
    shell                                    0x20000150   Data           4  shell.o(.bss..L_MergedGlobals)
    deviceCount                              0x2000019c   Data           4  timer.o(.bss.deviceCount)
    esp_command_flag                         0x200001a0   Data           4  globals.o(.bss.esp_command_flag)
    esp_flag                                 0x200001a4   Data           4  globals.o(.bss.esp_flag)
    hi2c1                                    0x2000022c   Data          84  i2c.o(.bss.hi2c1)
    huart1                                   0x20000280   Data          72  usart.o(.bss.huart1)
    huart2                                   0x200002c8   Data          72  usart.o(.bss.huart2)
    rt_interrupt_from_thread                 0x20003f8c   Data           4  cpuport.o(.bss.rt_interrupt_from_thread)
    rt_interrupt_nest                        0x20003f90   Data           1  irq.o(.bss.rt_interrupt_nest)
    rt_interrupt_to_thread                   0x20003f94   Data           4  cpuport.o(.bss.rt_interrupt_to_thread)
    rt_thread_priority_table                 0x20004018   Data         256  scheduler.o(.bss.rt_thread_priority_table)
    rt_thread_switch_interrupt_flag          0x20004218   Data           4  cpuport.o(.bss.rt_thread_switch_interrupt_flag)
    timeout_flag                             0x20004220   Data           4  globals.o(.bss.timeout_flag)
    usart1_rx_buffer                         0x20004224   Data         200  globals.o(.bss.usart1_rx_buffer)
    usart1_rx_index                          0x200042ec   Data           4  globals.o(.bss.usart1_rx_index)
    uwTick                                   0x200042f0   Data           4  stm32f1xx_hal.o(.bss.uwTick)



==============================================================================

Memory Map of the image

  Image Entry point : 0x080000ed

  Load Region LR_IROM1 (Base: 0x08000000, Size: 0x00008940, Max: 0x00010000, ABSOLUTE)

    Execution Region ER_IROM1 (Exec base: 0x08000000, Load base: 0x08000000, Size: 0x000088f4, Max: 0x00010000, ABSOLUTE)

    Exec Addr    Load Addr    Size         Type   Attr      Idx    E Section Name        Object

    0x08000000   0x08000000   0x000000ec   Data   RO            3    RESET               startup_stm32f103xb.o
    0x080000ec   0x080000ec   0x00000008   Code   RO         1436  * !!!main             c_w.l(__main.o)
    0x080000f4   0x080000f4   0x00000034   Code   RO         1689    !!!scatter          c_w.l(__scatter.o)
    0x08000128   0x08000128   0x0000001a   Code   RO         1691    !!handler_copy      c_w.l(__scatter_copy.o)
    0x08000142   0x08000142   0x00000002   PAD
    0x08000144   0x08000144   0x0000001c   Code   RO         1693    !!handler_zi        c_w.l(__scatter_zi.o)
    0x08000160   0x08000160   0x00000000   Code   RO         1409    .ARM.Collect$$_printf_percent$$00000000  c_w.l(_printf_percent.o)
    0x08000160   0x08000160   0x00000006   Code   RO         1408    .ARM.Collect$$_printf_percent$$00000009  c_w.l(_printf_d.o)
    0x08000166   0x08000166   0x00000006   Code   RO         1407    .ARM.Collect$$_printf_percent$$00000014  c_w.l(_printf_s.o)
    0x0800016c   0x0800016c   0x00000004   Code   RO         1479    .ARM.Collect$$_printf_percent$$00000017  c_w.l(_printf_percent_end.o)
    0x08000170   0x08000170   0x00000002   Code   RO         1622    .ARM.Collect$$libinit$$00000000  c_w.l(libinit.o)
    0x08000172   0x08000172   0x00000000   Code   RO         1493    .ARM.Collect$$libinit$$00000002  c_w.l(libinit2.o)
    0x08000172   0x08000172   0x00000000   Code   RO         1495    .ARM.Collect$$libinit$$00000004  c_w.l(libinit2.o)
    0x08000172   0x08000172   0x00000000   Code   RO         1497    .ARM.Collect$$libinit$$00000006  c_w.l(libinit2.o)
    0x08000172   0x08000172   0x00000008   Code   RO         1498    .ARM.Collect$$libinit$$00000007  c_w.l(libinit2.o)
    0x0800017a   0x0800017a   0x00000000   Code   RO         1500    .ARM.Collect$$libinit$$0000000C  c_w.l(libinit2.o)
    0x0800017a   0x0800017a   0x00000000   Code   RO         1502    .ARM.Collect$$libinit$$0000000E  c_w.l(libinit2.o)
    0x0800017a   0x0800017a   0x00000000   Code   RO         1504    .ARM.Collect$$libinit$$00000010  c_w.l(libinit2.o)
    0x0800017a   0x0800017a   0x00000006   Code   RO         1505    .ARM.Collect$$libinit$$00000011  c_w.l(libinit2.o)
    0x08000180   0x08000180   0x00000000   Code   RO         1507    .ARM.Collect$$libinit$$00000013  c_w.l(libinit2.o)
    0x08000180   0x08000180   0x0000000c   Code   RO         1508    .ARM.Collect$$libinit$$00000014  c_w.l(libinit2.o)
    0x0800018c   0x0800018c   0x00000000   Code   RO         1509    .ARM.Collect$$libinit$$00000015  c_w.l(libinit2.o)
    0x0800018c   0x0800018c   0x00000000   Code   RO         1511    .ARM.Collect$$libinit$$00000017  c_w.l(libinit2.o)
    0x0800018c   0x0800018c   0x00000000   Code   RO         1513    .ARM.Collect$$libinit$$00000019  c_w.l(libinit2.o)
    0x0800018c   0x0800018c   0x00000000   Code   RO         1515    .ARM.Collect$$libinit$$0000001B  c_w.l(libinit2.o)
    0x0800018c   0x0800018c   0x00000000   Code   RO         1517    .ARM.Collect$$libinit$$0000001D  c_w.l(libinit2.o)
    0x0800018c   0x0800018c   0x00000000   Code   RO         1519    .ARM.Collect$$libinit$$0000001F  c_w.l(libinit2.o)
    0x0800018c   0x0800018c   0x00000000   Code   RO         1521    .ARM.Collect$$libinit$$00000021  c_w.l(libinit2.o)
    0x0800018c   0x0800018c   0x00000000   Code   RO         1523    .ARM.Collect$$libinit$$00000023  c_w.l(libinit2.o)
    0x0800018c   0x0800018c   0x00000000   Code   RO         1525    .ARM.Collect$$libinit$$00000025  c_w.l(libinit2.o)
    0x0800018c   0x0800018c   0x00000000   Code   RO         1527    .ARM.Collect$$libinit$$00000027  c_w.l(libinit2.o)
    0x0800018c   0x0800018c   0x00000000   Code   RO         1531    .ARM.Collect$$libinit$$0000002E  c_w.l(libinit2.o)
    0x0800018c   0x0800018c   0x00000000   Code   RO         1533    .ARM.Collect$$libinit$$00000030  c_w.l(libinit2.o)
    0x0800018c   0x0800018c   0x00000000   Code   RO         1535    .ARM.Collect$$libinit$$00000032  c_w.l(libinit2.o)
    0x0800018c   0x0800018c   0x00000000   Code   RO         1537    .ARM.Collect$$libinit$$00000034  c_w.l(libinit2.o)
    0x0800018c   0x0800018c   0x00000002   Code   RO         1538    .ARM.Collect$$libinit$$00000035  c_w.l(libinit2.o)
    0x0800018e   0x0800018e   0x00000002   Code   RO         1686    .ARM.Collect$$libshutdown$$00000000  c_w.l(libshutdown.o)
    0x08000190   0x08000190   0x00000000   Code   RO         1640    .ARM.Collect$$libshutdown$$00000002  c_w.l(libshutdown2.o)
    0x08000190   0x08000190   0x00000000   Code   RO         1642    .ARM.Collect$$libshutdown$$00000004  c_w.l(libshutdown2.o)
    0x08000190   0x08000190   0x00000000   Code   RO         1645    .ARM.Collect$$libshutdown$$00000007  c_w.l(libshutdown2.o)
    0x08000190   0x08000190   0x00000000   Code   RO         1648    .ARM.Collect$$libshutdown$$0000000A  c_w.l(libshutdown2.o)
    0x08000190   0x08000190   0x00000000   Code   RO         1650    .ARM.Collect$$libshutdown$$0000000C  c_w.l(libshutdown2.o)
    0x08000190   0x08000190   0x00000000   Code   RO         1653    .ARM.Collect$$libshutdown$$0000000F  c_w.l(libshutdown2.o)
    0x08000190   0x08000190   0x00000002   Code   RO         1654    .ARM.Collect$$libshutdown$$00000010  c_w.l(libshutdown2.o)
    0x08000192   0x08000192   0x00000000   Code   RO         1440    .ARM.Collect$$rtentry$$00000000  c_w.l(__rtentry.o)
    0x08000192   0x08000192   0x00000000   Code   RO         1547    .ARM.Collect$$rtentry$$00000002  c_w.l(__rtentry2.o)
    0x08000192   0x08000192   0x00000006   Code   RO         1559    .ARM.Collect$$rtentry$$00000004  c_w.l(__rtentry4.o)
    0x08000198   0x08000198   0x00000000   Code   RO         1549    .ARM.Collect$$rtentry$$00000009  c_w.l(__rtentry2.o)
    0x08000198   0x08000198   0x00000004   Code   RO         1550    .ARM.Collect$$rtentry$$0000000A  c_w.l(__rtentry2.o)
    0x0800019c   0x0800019c   0x00000000   Code   RO         1552    .ARM.Collect$$rtentry$$0000000C  c_w.l(__rtentry2.o)
    0x0800019c   0x0800019c   0x00000008   Code   RO         1553    .ARM.Collect$$rtentry$$0000000D  c_w.l(__rtentry2.o)
    0x080001a4   0x080001a4   0x00000002   Code   RO         1627    .ARM.Collect$$rtexit$$00000000  c_w.l(rtexit.o)
    0x080001a6   0x080001a6   0x00000000   Code   RO         1660    .ARM.Collect$$rtexit$$00000002  c_w.l(rtexit2.o)
    0x080001a6   0x080001a6   0x00000004   Code   RO         1661    .ARM.Collect$$rtexit$$00000003  c_w.l(rtexit2.o)
    0x080001aa   0x080001aa   0x00000006   Code   RO         1662    .ARM.Collect$$rtexit$$00000004  c_w.l(rtexit2.o)
    0x080001b0   0x080001b0   0x00000040   Code   RO            4    .text               startup_stm32f103xb.o
    0x080001f0   0x080001f0   0x000000f4   Code   RO          828    .text               context_rvds.o
    0x080002e4   0x080002e4   0x0000005e   Code   RO         1311    .text               c_w.l(h1_alloc.o)
    0x08000342   0x08000342   0x0000004e   Code   RO         1313    .text               c_w.l(h1_free.o)
    0x08000390   0x08000390   0x000000c4   Code   RO         1315    .text               c_w.l(h1_realloc.o)
    0x08000454   0x08000454   0x0000002c   Code   RO         1373    .text               c_w.l(__2sprintf.o)
    0x08000480   0x08000480   0x00000040   Code   RO         1375    .text               c_w.l(__2snprintf.o)
    0x080004c0   0x080004c0   0x00000068   Code   RO         1381    .text               c_w.l(__printf.o)
    0x08000528   0x08000528   0x00000052   Code   RO         1383    .text               c_w.l(_printf_str.o)
    0x0800057a   0x0800057a   0x00000002   PAD
    0x0800057c   0x0800057c   0x00000078   Code   RO         1385    .text               c_w.l(_printf_dec.o)
    0x080005f4   0x080005f4   0x0000003c   Code   RO         1410    .text               c_w.l(__0sscanf.o)
    0x08000630   0x08000630   0x0000014c   Code   RO         1412    .text               c_w.l(_scanf_int.o)
    0x0800077c   0x0800077c   0x000000e0   Code   RO         1414    .text               c_w.l(_scanf_str.o)
    0x0800085c   0x0800085c   0x0000001a   Code   RO         1416    .text               c_w.l(atoi.o)
    0x08000876   0x08000876   0x00000024   Code   RO         1418    .text               c_w.l(strstr.o)
    0x0800089a   0x0800089a   0x00000048   Code   RO         1420    .text               c_w.l(strcpy.o)
    0x080008e2   0x080008e2   0x0000003e   Code   RO         1422    .text               c_w.l(strlen.o)
    0x08000920   0x08000920   0x00000096   Code   RO         1424    .text               c_w.l(strncmp.o)
    0x080009b6   0x080009b6   0x00000010   Code   RO         1426    .text               c_w.l(aeabi_memset.o)
    0x080009c6   0x080009c6   0x00000044   Code   RO         1428    .text               c_w.l(rt_memclr.o)
    0x08000a0a   0x08000a0a   0x0000004e   Code   RO         1430    .text               c_w.l(rt_memclr_w.o)
    0x08000a58   0x08000a58   0x00000056   Code   RO         1432    .text               c_w.l(strncpy.o)
    0x08000aae   0x08000aae   0x00000006   Code   RO         1434    .text               c_w.l(heapauxi.o)
    0x08000ab4   0x08000ab4   0x00000008   Code   RO         1444    .text               c_w.l(rt_heap_descriptor_intlibspace.o)
    0x08000abc   0x08000abc   0x00000008   Code   RO         1449    .text               c_w.l(rt_errno_addr_intlibspace.o)
    0x08000ac4   0x08000ac4   0x00000004   Code   RO         1451    .text               c_w.l(hguard.o)
    0x08000ac8   0x08000ac8   0x0000008a   Code   RO         1453    .text               c_w.l(init_alloc.o)
    0x08000b52   0x08000b52   0x0000000e   Code   RO         1457    .text               c_w.l(h1_init.o)
    0x08000b60   0x08000b60   0x000000b2   Code   RO         1469    .text               c_w.l(_printf_intcommon.o)
    0x08000c12   0x08000c12   0x00000002   PAD
    0x08000c14   0x08000c14   0x00000030   Code   RO         1471    .text               c_w.l(_printf_char_common.o)
    0x08000c44   0x08000c44   0x0000000a   Code   RO         1473    .text               c_w.l(_sputc.o)
    0x08000c4e   0x08000c4e   0x00000010   Code   RO         1475    .text               c_w.l(_snputc.o)
    0x08000c5e   0x08000c5e   0x0000002c   Code   RO         1477    .text               c_w.l(_printf_char.o)
    0x08000c8a   0x08000c8a   0x0000001c   Code   RO         1480    .text               c_w.l(_chval.o)
    0x08000ca6   0x08000ca6   0x00000002   PAD
    0x08000ca8   0x08000ca8   0x0000002c   Code   RO         1482    .text               c_w.l(scanf_char.o)
    0x08000cd4   0x08000cd4   0x00000040   Code   RO         1484    .text               c_w.l(_sgetc.o)
    0x08000d14   0x08000d14   0x00000070   Code   RO         1486    .text               c_w.l(strtol.o)
    0x08000d84   0x08000d84   0x00000064   Code   RO         1488    .text               c_w.l(rt_memcpy_w.o)
    0x08000de8   0x08000de8   0x00000008   Code   RO         1543    .text               c_w.l(libspace.o)
    0x08000df0   0x08000df0   0x00000010   Code   RO         1561    .text               c_w.l(rt_ctype_table.o)
    0x08000e00   0x08000e00   0x00000000   Code   RO         1565    .text               c_w.l(maybetermalloc1.o)
    0x08000e00   0x08000e00   0x00000034   Code   RO         1567    .text               c_w.l(h1_extend.o)
    0x08000e34   0x08000e34   0x00000012   Code   RO         1571    .text               c_w.l(isspace.o)
    0x08000e46   0x08000e46   0x00000002   PAD
    0x08000e48   0x08000e48   0x00000374   Code   RO         1575    .text               c_w.l(_scanf.o)
    0x080011bc   0x080011bc   0x0000009e   Code   RO         1577    .text               c_w.l(_strtoul.o)
    0x0800125a   0x0800125a   0x0000000e   Code   RO         1579    .text               c_w.l(defsig_rtmem_outer.o)
    0x08001268   0x08001268   0x00000002   Code   RO         1590    .text               c_w.l(use_no_semi.o)
    0x0800126a   0x0800126a   0x00000000   Code   RO         1592    .text               c_w.l(indicate_semi.o)
    0x0800126a   0x0800126a   0x0000004a   Code   RO         1593    .text               c_w.l(sys_stackheap_outer.o)
    0x080012b4   0x080012b4   0x00000008   Code   RO         1600    .text               c_w.l(rt_locale_intlibspace.o)
    0x080012bc   0x080012bc   0x00000012   Code   RO         1607    .text               c_w.l(exit.o)
    0x080012ce   0x080012ce   0x0000000a   Code   RO         1609    .text               c_w.l(defsig_exit.o)
    0x080012d8   0x080012d8   0x00000050   Code   RO         1611    .text               c_w.l(defsig_rtmem_inner.o)
    0x08001328   0x08001328   0x0000000c   Code   RO         1623    .text               c_w.l(sys_exit.o)
    0x08001334   0x08001334   0x00000032   Code   RO         1635    .text               c_w.l(defsig_general.o)
    0x08001366   0x08001366   0x00000002   PAD
    0x08001368   0x08001368   0x00000080   Code   RO         1637    .text               c_w.l(strcmpv7m.o)
    0x080013e8   0x080013e8   0x0000000e   Code   RO         1655    .text               c_w.l(sys_wrch.o)
    0x080013f6   0x080013f6   0x00000002   PAD
    0x080013f8   0x080013f8   0x00000054   Code   RO          864    .text.$Sub$$main    components.o
    0x0800144c   0x0800144c   0x00000002   Code   RO          172    .text.BusFault_Handler  stm32f1xx_it.o
    0x0800144e   0x0800144e   0x00000002   PAD
    0x08001450   0x08001450   0x00000002   Code   RO          176    .text.DebugMon_Handler  stm32f1xx_it.o
    0x08001452   0x08001452   0x00000002   PAD
    0x08001454   0x08001454   0x0000000a   Code   RO          103    .text.Error_Handler  main.o
    0x0800145e   0x0800145e   0x00000002   PAD
    0x08001460   0x08001460   0x0000019c   Code   RO           81    .text.Esp01s_Init   esp01s.o
    0x080015fc   0x080015fc   0x00000046   Code   RO          503    .text.HAL_DMA_Abort  stm32f1xx_hal_dma.o
    0x08001642   0x08001642   0x00000002   PAD
    0x08001644   0x08001644   0x000000b2   Code   RO          505    .text.HAL_DMA_Abort_IT  stm32f1xx_hal_dma.o
    0x080016f6   0x080016f6   0x00000002   PAD
    0x080016f8   0x080016f8   0x0000021a   Code   RO          471    .text.HAL_GPIO_Init  stm32f1xx_hal_gpio.o
    0x08001912   0x08001912   0x00000002   PAD
    0x08001914   0x08001914   0x00000010   Code   RO          479    .text.HAL_GPIO_TogglePin  stm32f1xx_hal_gpio.o
    0x08001924   0x08001924   0x0000000a   Code   RO          477    .text.HAL_GPIO_WritePin  stm32f1xx_hal_gpio.o
    0x0800192e   0x0800192e   0x00000002   PAD
    0x08001930   0x08001930   0x0000000c   Code   RO          371    .text.HAL_GetTick   stm32f1xx_hal.o
    0x0800193c   0x0800193c   0x00000176   Code   RO          221    .text.HAL_I2C_Init  stm32f1xx_hal_i2c.o
    0x08001ab2   0x08001ab2   0x00000002   PAD
    0x08001ab4   0x08001ab4   0x00000062   Code   RO          135    .text.HAL_I2C_MspInit  i2c.o
    0x08001b16   0x08001b16   0x00000002   PAD
    0x08001b18   0x08001b18   0x00000026   Code   RO          359    .text.HAL_Init      stm32f1xx_hal.o
    0x08001b3e   0x08001b3e   0x00000002   PAD
    0x08001b40   0x08001b40   0x00000048   Code   RO          361    .text.HAL_InitTick  stm32f1xx_hal.o
    0x08001b88   0x08001b88   0x00000042   Code   RO          187    .text.HAL_MspInit   stm32f1xx_hal_msp.o
    0x08001bca   0x08001bca   0x00000002   PAD
    0x08001bcc   0x08001bcc   0x00000026   Code   RO          531    .text.HAL_NVIC_EnableIRQ  stm32f1xx_hal_cortex.o
    0x08001bf2   0x08001bf2   0x00000002   PAD
    0x08001bf4   0x08001bf4   0x00000056   Code   RO          529    .text.HAL_NVIC_SetPriority  stm32f1xx_hal_cortex.o
    0x08001c4a   0x08001c4a   0x00000002   PAD
    0x08001c4c   0x08001c4c   0x00000020   Code   RO          527    .text.HAL_NVIC_SetPriorityGrouping  stm32f1xx_hal_cortex.o
    0x08001c6c   0x08001c6c   0x000001be   Code   RO          423    .text.HAL_RCC_ClockConfig  stm32f1xx_hal_rcc.o
    0x08001e2a   0x08001e2a   0x00000002   PAD
    0x08001e2c   0x08001e2c   0x0000000c   Code   RO          433    .text.HAL_RCC_GetHCLKFreq  stm32f1xx_hal_rcc.o
    0x08001e38   0x08001e38   0x00000026   Code   RO          435    .text.HAL_RCC_GetPCLK1Freq  stm32f1xx_hal_rcc.o
    0x08001e5e   0x08001e5e   0x00000002   PAD
    0x08001e60   0x08001e60   0x00000026   Code   RO          437    .text.HAL_RCC_GetPCLK2Freq  stm32f1xx_hal_rcc.o
    0x08001e86   0x08001e86   0x00000002   PAD
    0x08001e88   0x08001e88   0x000003b4   Code   RO          421    .text.HAL_RCC_OscConfig  stm32f1xx_hal_rcc.o
    0x0800223c   0x0800223c   0x0000002c   Code   RO          539    .text.HAL_SYSTICK_Config  stm32f1xx_hal_cortex.o
    0x08002268   0x08002268   0x00000002   Code   RO          778    .text.HAL_UARTEx_RxEventCallback  stm32f1xx_hal_uart.o
    0x0800226a   0x0800226a   0x00000002   PAD
    0x0800226c   0x0800226c   0x00000002   Code   RO          776    .text.HAL_UART_ErrorCallback  stm32f1xx_hal_uart.o
    0x0800226e   0x0800226e   0x00000002   PAD
    0x08002270   0x08002270   0x00000560   Code   RO          770    .text.HAL_UART_IRQHandler  stm32f1xx_hal_uart.o
    0x080027d0   0x080027d0   0x000000e2   Code   RO          694    .text.HAL_UART_Init  stm32f1xx_hal_uart.o
    0x080028b2   0x080028b2   0x00000002   PAD
    0x080028b4   0x080028b4   0x000000fa   Code   RO          152    .text.HAL_UART_MspInit  usart.o
    0x080029ae   0x080029ae   0x00000002   PAD
    0x080029b0   0x080029b0   0x00000052   Code   RO          714    .text.HAL_UART_Receive_IT  stm32f1xx_hal_uart.o
    0x08002a02   0x08002a02   0x00000002   PAD
    0x08002a04   0x08002a04   0x000001c0   Code   RO          111    .text.HAL_UART_RxCpltCallback  main.o
    0x08002bc4   0x08002bc4   0x00000278   Code   RO          708    .text.HAL_UART_Transmit  stm32f1xx_hal_uart.o
    0x08002e3c   0x08002e3c   0x00000002   Code   RO          780    .text.HAL_UART_TxCpltCallback  stm32f1xx_hal_uart.o
    0x08002e3e   0x08002e3e   0x00000002   PAD
    0x08002e40   0x08002e40   0x0000009c   Code   RO          124    .text.MX_GPIO_Init  gpio.o
    0x08002edc   0x08002edc   0x00000042   Code   RO          133    .text.MX_I2C1_Init  i2c.o
    0x08002f1e   0x08002f1e   0x00000002   PAD
    0x08002f20   0x08002f20   0x0000003c   Code   RO          148    .text.MX_USART1_UART_Init  usart.o
    0x08002f5c   0x08002f5c   0x0000003c   Code   RO          150    .text.MX_USART2_UART_Init  usart.o
    0x08002f98   0x08002f98   0x00000002   Code   RO          170    .text.MemManage_Handler  stm32f1xx_it.o
    0x08002f9a   0x08002f9a   0x00000002   PAD
    0x08002f9c   0x08002f9c   0x00000002   Code   RO          168    .text.NMI_Handler   stm32f1xx_it.o
    0x08002f9e   0x08002f9e   0x00000002   PAD
    0x08002fa0   0x08002fa0   0x00000012   Code   RO         1193    .text.SysTick_Handler  board.o
    0x08002fb2   0x08002fb2   0x00000002   PAD
    0x08002fb4   0x08002fb4   0x00000054   Code   RO          101    .text.SystemClock_Config  main.o
    0x08003008   0x08003008   0x00000070   Code   RO          816    .text.SystemCoreClockUpdate  system_stm32f1xx.o
    0x08003078   0x08003078   0x00000002   Code   RO          814    .text.SystemInit    system_stm32f1xx.o
    0x0800307a   0x0800307a   0x00000002   PAD
    0x0800307c   0x0800307c   0x0000000c   Code   RO          774    .text.UART_DMAAbortOnError  stm32f1xx_hal_uart.o
    0x08003088   0x08003088   0x000000fe   Code   RO          772    .text.UART_Receive_IT  stm32f1xx_hal_uart.o
    0x08003186   0x08003186   0x00000002   PAD
    0x08003188   0x08003188   0x0000000c   Code   RO          178    .text.USART1_IRQHandler  stm32f1xx_it.o
    0x08003194   0x08003194   0x00000002   Code   RO          174    .text.UsageFault_Handler  stm32f1xx_it.o
    0x08003196   0x08003196   0x00000002   PAD
    0x08003198   0x08003198   0x00000038   Code   RO          995    .text.__rt_ffs      kservice.o
    0x080031d0   0x080031d0   0x0000000a   Code   RO         1253    .text.cmd_free      msh.o
    0x080031da   0x080031da   0x00000002   PAD
    0x080031dc   0x080031dc   0x0000000a   Code   RO         1251    .text.cmd_ps        msh.o
    0x080031e6   0x080031e6   0x00000002   PAD
    0x080031e8   0x080031e8   0x00000124   Code   RO           25    .text.deviceToString  data_structure.o
    0x0800330c   0x0800330c   0x000000d8   Code   RO           85    .text.espSend       esp01s.o
    0x080033e4   0x080033e4   0x0000005c   Code   RO           65    .text.feeding       feeding.o
    0x08003440   0x08003440   0x000000b0   Code   RO         1290    .text.finsh_system_init  shell.o
    0x080034f0   0x080034f0   0x000004a4   Code   RO         1284    .text.finsh_thread_entry  shell.o
    0x08003994   0x08003994   0x00000020   Code   RO         1214    .text.hello         cmd.o
    0x080039b4   0x080039b4   0x00000036   Code   RO           21    .text.insertDevice  data_structure.o
    0x080039ea   0x080039ea   0x00000002   PAD
    0x080039ec   0x080039ec   0x00000068   Code   RO           19    .text.insertPlan    data_structure.o
    0x08003a54   0x08003a54   0x00000088   Code   RO         1224    .text.list          cmd.o
    0x08003adc   0x08003adc   0x00000070   Code   RO         1020    .text.list_mem      mem.o
    0x08003b4c   0x08003b4c   0x0000026c   Code   RO         1220    .text.list_sem      cmd.o
    0x08003db8   0x08003db8   0x0000026c   Code   RO         1218    .text.list_thread   cmd.o
    0x08004024   0x08004024   0x00000528   Code   RO         1222    .text.list_timer    cmd.o
    0x0800454c   0x0800454c   0x0000013c   Code   RO           99    .text.main          main.o
    0x08004688   0x08004688   0x00000032   Code   RO          868    .text.main_thread_entry  components.o
    0x080046ba   0x080046ba   0x00000002   PAD
    0x080046bc   0x080046bc   0x00000184   Code   RO         1257    .text.msh_auto_complete  msh.o
    0x08004840   0x08004840   0x00000418   Code   RO         1255    .text.msh_exec      msh.o
    0x08004c58   0x08004c58   0x0000007c   Code   RO         1249    .text.msh_help      msh.o
    0x08004cd4   0x08004cd4   0x00000004   Code   RO         1247    .text.msh_is_used   msh.o
    0x08004cd8   0x08004cd8   0x0000001a   Code   RO           15    .text.newDate       data_structure.o
    0x08004cf2   0x08004cf2   0x00000002   PAD
    0x08004cf4   0x08004cf4   0x0000001a   Code   RO           17    .text.newTime       data_structure.o
    0x08004d0e   0x08004d0e   0x00000002   PAD
    0x08004d10   0x08004d10   0x00000088   Code   RO          105    .text.parseAndProcessCommand  main.o
    0x08004d98   0x08004d98   0x0000018c   Code   RO           23    .text.planToString  data_structure.o
    0x08004f24   0x08004f24   0x00000508   Code   RO          979    .text.print_number  kservice.o
    0x0800542c   0x0800542c   0x00000308   Code   RO          107    .text.processJson   main.o
    0x08005734   0x08005734   0x000000a0   Code   RO          109    .text.reciveData    main.o
    0x080057d4   0x080057d4   0x0000001e   Code   RO         1016    .text.rt_calloc     mem.o
    0x080057f2   0x080057f2   0x00000002   PAD
    0x080057f4   0x080057f4   0x0000002c   Code   RO          860    .text.rt_components_board_init  components.o
    0x08005820   0x08005820   0x0000001c   Code   RO         1076    .text.rt_enter_critical  scheduler.o
    0x0800583c   0x0800583c   0x00000096   Code   RO         1078    .text.rt_exit_critical  scheduler.o
    0x080058d2   0x080058d2   0x00000002   PAD
    0x080058d4   0x080058d4   0x00000124   Code   RO         1014    .text.rt_free       mem.o
    0x080059f8   0x080059f8   0x0000000a   Code   RO         1189    .text.rt_heap_begin_get  board.o
    0x08005a02   0x08005a02   0x00000002   PAD
    0x08005a04   0x08005a04   0x0000000e   Code   RO         1191    .text.rt_heap_end_get  board.o
    0x08005a12   0x08005a12   0x00000002   PAD
    0x08005a14   0x08005a14   0x0000003e   Code   RO         1195    .text.rt_hw_board_init  board.o
    0x08005a52   0x08005a52   0x00000002   PAD
    0x08005a54   0x08005a54   0x00000026   Code   RO         1201    .text.rt_hw_console_getchar  board.o
    0x08005a7a   0x08005a7a   0x00000002   PAD
    0x08005a7c   0x08005a7c   0x00000060   Code   RO         1199    .text.rt_hw_console_output  board.o
    0x08005adc   0x08005adc   0x0000042c   Code   RO         1170    .text.rt_hw_hard_fault_exception  cpuport.o
    0x08005f08   0x08005f08   0x0000003c   Code   RO         1166    .text.rt_hw_stack_init  cpuport.o
    0x08005f44   0x08005f44   0x0000001c   Code   RO          928    .text.rt_interrupt_enter  irq.o
    0x08005f60   0x08005f60   0x0000001c   Code   RO          930    .text.rt_interrupt_leave  irq.o
    0x08005f7c   0x08005f7c   0x00000032   Code   RO          975    .text.rt_kprintf    kservice.o
    0x08005fae   0x08005fae   0x00000002   PAD
    0x08005fb0   0x08005fb0   0x0000018a   Code   RO         1010    .text.rt_malloc     mem.o
    0x0800613a   0x0800613a   0x00000002   PAD
    0x0800613c   0x0800613c   0x000000ec   Code   RO          953    .text.rt_memmove    kservice.o
    0x08006228   0x08006228   0x000000f6   Code   RO          949    .text.rt_memset     kservice.o
    0x0800631e   0x0800631e   0x00000002   PAD
    0x08006320   0x08006320   0x00000070   Code   RO         1047    .text.rt_object_allocate  object.o
    0x08006390   0x08006390   0x0000002c   Code   RO         1049    .text.rt_object_delete  object.o
    0x080063bc   0x080063bc   0x00000024   Code   RO         1045    .text.rt_object_detach  object.o
    0x080063e0   0x080063e0   0x0000002a   Code   RO         1037    .text.rt_object_get_information  object.o
    0x0800640a   0x0800640a   0x00000002   PAD
    0x0800640c   0x0800640c   0x0000007e   Code   RO         1043    .text.rt_object_init  object.o
    0x0800648a   0x0800648a   0x00000002   PAD
    0x0800648c   0x0800648c   0x00000006   Code   RO         1051    .text.rt_object_is_systemobject  object.o
    0x08006492   0x08006492   0x00000002   PAD
    0x08006494   0x08006494   0x00000072   Code   RO         1070    .text.rt_schedule   scheduler.o
    0x08006506   0x08006506   0x00000002   PAD
    0x08006508   0x08006508   0x00000052   Code   RO         1072    .text.rt_schedule_insert_thread  scheduler.o
    0x0800655a   0x0800655a   0x00000002   PAD
    0x0800655c   0x0800655c   0x00000056   Code   RO         1074    .text.rt_schedule_remove_thread  scheduler.o
    0x080065b2   0x080065b2   0x00000002   PAD
    0x080065b4   0x080065b4   0x00000020   Code   RO          904    .text.rt_sem_init   ipc.o
    0x080065d4   0x080065d4   0x00000052   Code   RO          916    .text.rt_sem_release  ipc.o
    0x08006626   0x08006626   0x00000002   PAD
    0x08006628   0x08006628   0x000000f0   Code   RO          912    .text.rt_sem_take   ipc.o
    0x08006718   0x08006718   0x000000b8   Code   RO          973    .text.rt_show_version  kservice.o
    0x080067d0   0x080067d0   0x00000024   Code   RO          985    .text.rt_sprintf    kservice.o
    0x080067f4   0x080067f4   0x00000178   Code   RO          971    .text.rt_strdup     kservice.o
    0x0800696c   0x0800696c   0x0000002e   Code   RO          959    .text.rt_strlen     kservice.o
    0x0800699a   0x0800699a   0x00000002   PAD
    0x0800699c   0x0800699c   0x00000086   Code   RO          963    .text.rt_strncpy    kservice.o
    0x08006a22   0x08006a22   0x00000002   PAD
    0x08006a24   0x08006a24   0x000000bc   Code   RO         1008    .text.rt_system_heap_init  mem.o
    0x08006ae0   0x08006ae0   0x0000012a   Code   RO         1066    .text.rt_system_scheduler_init  scheduler.o
    0x08006c0a   0x08006c0a   0x00000002   PAD
    0x08006c0c   0x08006c0c   0x00000030   Code   RO         1068    .text.rt_system_scheduler_start  scheduler.o
    0x08006c3c   0x08006c3c   0x00000010   Code   RO         1153    .text.rt_system_timer_init  timer_1.o
    0x08006c4c   0x08006c4c   0x00000002   Code   RO         1155    .text.rt_system_timer_thread_init  timer_1.o
    0x08006c4e   0x08006c4e   0x00000002   PAD
    0x08006c50   0x08006c50   0x000000b0   Code   RO         1105    .text.rt_thread_create  thread.o
    0x08006d00   0x08006d00   0x00000060   Code   RO         1107    .text.rt_thread_delete  thread.o
    0x08006d60   0x08006d60   0x0000007a   Code   RO         1093    .text.rt_thread_exit  thread.o
    0x08006dda   0x08006dda   0x00000002   PAD
    0x08006ddc   0x08006ddc   0x0000003e   Code   RO          890    .text.rt_thread_idle_entry  idle.o
    0x08006e1a   0x08006e1a   0x00000002   PAD
    0x08006e1c   0x08006e1c   0x00000050   Code   RO          888    .text.rt_thread_idle_init  idle.o
    0x08006e6c   0x08006e6c   0x0000008e   Code   RO         1095    .text.rt_thread_init  thread.o
    0x08006efa   0x08006efa   0x00000002   PAD
    0x08006efc   0x08006efc   0x0000000e   Code   RO         1119    .text.rt_thread_mdelay  thread.o
    0x08006f0a   0x08006f0a   0x00000002   PAD
    0x08006f0c   0x08006f0c   0x00000046   Code   RO         1101    .text.rt_thread_resume  thread.o
    0x08006f52   0x08006f52   0x00000002   PAD
    0x08006f54   0x08006f54   0x0000000c   Code   RO         1097    .text.rt_thread_self  thread.o
    0x08006f60   0x08006f60   0x00000078   Code   RO         1111    .text.rt_thread_sleep  thread.o
    0x08006fd8   0x08006fd8   0x0000005c   Code   RO         1099    .text.rt_thread_startup  thread.o
    0x08007034   0x08007034   0x00000042   Code   RO         1113    .text.rt_thread_suspend  thread.o
    0x08007076   0x08007076   0x00000002   PAD
    0x08007078   0x08007078   0x00000028   Code   RO         1123    .text.rt_thread_timeout  thread.o
    0x080070a0   0x080070a0   0x00000064   Code   RO         1109    .text.rt_thread_yield  thread.o
    0x08007104   0x08007104   0x00000034   Code   RO          841    .text.rt_tick_from_millisecond  clock.o
    0x08007138   0x08007138   0x0000000c   Code   RO          835    .text.rt_tick_get   clock.o
    0x08007144   0x08007144   0x00000034   Code   RO          839    .text.rt_tick_increase  clock.o
    0x08007178   0x08007178   0x00000188   Code   RO         1149    .text.rt_timer_check  timer_1.o
    0x08007300   0x08007300   0x00000068   Code   RO         1147    .text.rt_timer_control  timer_1.o
    0x08007368   0x08007368   0x00000030   Code   RO         1137    .text.rt_timer_detach  timer_1.o
    0x08007398   0x08007398   0x00000032   Code   RO         1135    .text.rt_timer_init  timer_1.o
    0x080073ca   0x080073ca   0x00000002   PAD
    0x080073cc   0x080073cc   0x000000d2   Code   RO         1143    .text.rt_timer_start  timer_1.o
    0x0800749e   0x0800749e   0x00000002   PAD
    0x080074a0   0x080074a0   0x00000038   Code   RO         1145    .text.rt_timer_stop  timer_1.o
    0x080074d8   0x080074d8   0x000007f4   Code   RO          977    .text.rt_vsnprintf  kservice.o
    0x08007ccc   0x08007ccc   0x00000004   Code   RO          856    .text.rti_board_end  components.o
    0x08007cd0   0x08007cd0   0x00000004   Code   RO          854    .text.rti_board_start  components.o
    0x08007cd4   0x08007cd4   0x00000004   Code   RO          858    .text.rti_end       components.o
    0x08007cd8   0x08007cd8   0x00000004   Code   RO          852    .text.rti_start     components.o
    0x08007cdc   0x08007cdc   0x0000001e   Code   RO          156    .text.sendData      usart.o
    0x08007cfa   0x08007cfa   0x00000002   PAD
    0x08007cfc   0x08007cfc   0x000000d0   Code   RO           67    .text.toggle_feed   feeding.o
    0x08007dcc   0x08007dcc   0x00000038   Code   RO         1197    .text.uart_init     board.o
    0x08007e04   0x08007e04   0x0000000a   Code   RO         1216    .text.version       cmd.o
    0x08007e0e   0x08007e0e   0x00000002   PAD
    0x08007e10   0x08007e10   0x000000b4   Code   RO           83    .text.wait_for_esp  esp01s.o
    0x08007ec4   0x08007ec4   0x0000002c   Code   RO         1605    locale$$code        c_w.l(lc_ctype_c.o)
    0x08007ef0   0x08007ef0   0x00000010   Data   RO          819    .rodata.AHBPrescTable  system_stm32f1xx.o
    0x08007f00   0x08007f00   0x00000008   Data   RO          820    .rodata.APBPrescTable  system_stm32f1xx.o
    0x08007f08   0x08007f08   0x00000002   Data   RO          448    .rodata.HAL_RCC_GetSysClockFreq.aPredivFactorTable  stm32f1xx_hal_rcc.o
    0x08007f0a   0x08007f0a   0x00000100   Data   RO          999    .rodata.__lowest_bit_bitmap  kservice.o
    0x0800800a   0x0800800a   0x00000010   Data   RO          447    .rodata.cst16       stm32f1xx_hal_rcc.o
    0x0800801a   0x0800801a   0x00000027   Data   RO         1022    .rodata.name        mem.o
    0x08008041   0x08008041   0x00000157   Data   RO         1226    .rodata.name        cmd.o
    0x08008198   0x08008198   0x00000076   Data   RO         1260    .rodata.name        msh.o
    0x0800820e   0x0800820e   0x000000d5   Data   RO           27    .rodata.str1.1      data_structure.o
    0x080082e3   0x080082e3   0x00000003   Data   RO           89    .rodata.str1.1      esp01s.o
    0x080082e6   0x080082e6   0x000001a3   Data   RO          113    .rodata.str1.1      main.o
    0x08008489   0x08008489   0x00000005   Data   RO          876    .rodata.str1.1      components.o
    0x0800848e   0x0800848e   0x000001ad   Data   RO         1177    .rodata.str1.1      cpuport.o
    0x0800863b   0x0800863b   0x00000096   Data   RO         1230    .rodata.str1.1      cmd.o
    0x080086d1   0x080086d1   0x0000002e   Data   RO         1259    .rodata.str1.1      msh.o
    0x080086ff   0x080086ff   0x00000005   Data   RO         1293    .rodata.str1.1      shell.o
    0x08008704   0x08008704   0x00000004   Data   RO          872    .rti_fn.0           components.o
    0x08008708   0x08008708   0x00000004   Data   RO          873    .rti_fn.0.end       components.o
    0x0800870c   0x0800870c   0x00000004   Data   RO         1204    .rti_fn.1           board.o
    0x08008710   0x08008710   0x00000004   Data   RO          874    .rti_fn.1.end       components.o
    0x08008714   0x08008714   0x00000004   Data   RO         1294    .rti_fn.6           shell.o
    0x08008718   0x08008718   0x00000004   Data   RO          875    .rti_fn.6.end       components.o
    0x0800871c   0x0800871c   0x0000000c   Data   RO         1023    FSymTab             mem.o
    0x08008728   0x08008728   0x0000000c   Data   RO         1227    FSymTab             cmd.o
    0x08008734   0x08008734   0x0000000c   Data   RO         1228    FSymTab             cmd.o
    0x08008740   0x08008740   0x0000000c   Data   RO         1229    FSymTab             cmd.o
    0x0800874c   0x0800874c   0x0000000c   Data   RO         1231    FSymTab             cmd.o
    0x08008758   0x08008758   0x0000000c   Data   RO         1232    FSymTab             cmd.o
    0x08008764   0x08008764   0x0000000c   Data   RO         1233    FSymTab             cmd.o
    0x08008770   0x08008770   0x0000000c   Data   RO         1234    FSymTab             cmd.o
    0x0800877c   0x0800877c   0x0000000c   Data   RO         1235    FSymTab             cmd.o
    0x08008788   0x08008788   0x0000000c   Data   RO         1236    FSymTab             cmd.o
    0x08008794   0x08008794   0x0000000c   Data   RO         1237    FSymTab             cmd.o
    0x080087a0   0x080087a0   0x0000000c   Data   RO         1261    FSymTab             msh.o
    0x080087ac   0x080087ac   0x0000000c   Data   RO         1262    FSymTab             msh.o
    0x080087b8   0x080087b8   0x0000000c   Data   RO         1263    FSymTab             msh.o
    0x080087c4   0x080087c4   0x00000020   Data   RO         1688    Region$$Table       anon$$obj.o
    0x080087e4   0x080087e4   0x00000110   Data   RO         1604    locale$$data        c_w.l(lc_ctype_c.o)


    Execution Region RW_IRAM1 (Exec base: 0x20000000, Load base: 0x080088f8, Size: 0x000048f8, Max: 0x00005000, ABSOLUTE)

    Exec Addr    Load Addr    Size         Type   Attr      Idx    E Section Name        Object

    0x20000000   0x080088f8   0x00000008   Data   RW          410    .data..L_MergedGlobals  stm32f1xx_hal.o
    0x20000008   0x08008900   0x00000004   Data   RW          818    .data.SystemCoreClock  system_stm32f1xx.o
    0x2000000c   0x08008904   0x00000006   Data   RW           71    .data.feed_pins     feeding.o
    0x20000012   0x0800890a   0x00000002   PAD
    0x20000014   0x0800890c   0x00000030   Data   RW         1057    .data.rt_object_container  object.o
    0x20000044   0x0800893c   0x00000004   PAD
    0x20000048        -       0x00000060   Zero   RW         1544    .bss                c_w.l(libspace.o)
    0x200000a8        -       0x00000008   Zero   RW           56    .bss..L_MergedGlobals  timer.o
    0x200000b0        -       0x00000018   Zero   RW           72    .bss..L_MergedGlobals  feeding.o
    0x200000c8        -       0x0000001c   Zero   RW          115    .bss..L_MergedGlobals  main.o
    0x200000e4        -       0x00000038   Zero   RW         1024    .bss..L_MergedGlobals  mem.o
    0x2000011c        -       0x00000014   Zero   RW         1083    .bss..L_MergedGlobals  scheduler.o
    0x20000130        -       0x0000000c   Zero   RW         1157    .bss..L_MergedGlobals  timer_1.o
    0x2000013c        -       0x00000018   Zero   RW         1295    .bss..L_MergedGlobals  shell.o
    0x20000154        -       0x00000048   Zero   RW         1205    .bss.UartHandle     board.o
    0x2000019c        -       0x00000004   Zero   RW           54    .bss.deviceCount    timer.o
    0x200001a0        -       0x00000004   Zero   RW          200    .bss.esp_command_flag  globals.o
    0x200001a4        -       0x00000004   Zero   RW          198    .bss.esp_flag       globals.o
    0x200001a8        -       0x00000081   Zero   RW         1292    .bss.finsh_get_prompt.finsh_prompt  shell.o
    0x20000229   0x0800893c   0x00000003   PAD
    0x2000022c        -       0x00000054   Zero   RW          139    .bss.hi2c1          i2c.o
    0x20000280        -       0x00000048   Zero   RW          158    .bss.huart1         usart.o
    0x200002c8        -       0x00000048   Zero   RW          159    .bss.huart2         usart.o
    0x20000310        -       0x00000078   Zero   RW          894    .bss.idle           idle.o
    0x20000388        -       0x00000004   Zero   RW         1176    .bss.rt_exception_hook  cpuport.o
    0x2000038c        -       0x00003c00   Zero   RW         1203    .bss.rt_heap        board.o
    0x20003f8c        -       0x00000004   Zero   RW         1178    .bss.rt_interrupt_from_thread  cpuport.o
    0x20003f90        -       0x00000001   Zero   RW          934    .bss.rt_interrupt_nest  irq.o
    0x20003f91   0x0800893c   0x00000003   PAD
    0x20003f94        -       0x00000004   Zero   RW         1179    .bss.rt_interrupt_to_thread  cpuport.o
    0x20003f98        -       0x00000080   Zero   RW          998    .bss.rt_kprintf.rt_log_buf  kservice.o
    0x20004018        -       0x00000100   Zero   RW         1082    .bss.rt_thread_priority_table  scheduler.o
    0x20004118        -       0x00000100   Zero   RW          895    .bss.rt_thread_stack  idle.o
    0x20004218        -       0x00000004   Zero   RW         1180    .bss.rt_thread_switch_interrupt_flag  cpuport.o
    0x2000421c        -       0x00000004   Zero   RW          843    .bss.rt_tick        clock.o
    0x20004220        -       0x00000004   Zero   RW          199    .bss.timeout_flag   globals.o
    0x20004224        -       0x000000c8   Zero   RW          201    .bss.usart1_rx_buffer  globals.o
    0x200042ec        -       0x00000004   Zero   RW          196    .bss.usart1_rx_index  globals.o
    0x200042f0        -       0x00000004   Zero   RW          409    .bss.uwTick         stm32f1xx_hal.o
    0x200042f4   0x0800893c   0x00000004   PAD
    0x200042f8        -       0x00000200   Zero   RW            2    HEAP                startup_stm32f103xb.o
    0x200044f8        -       0x00000400   Zero   RW            1    STACK               startup_stm32f103xb.o


==============================================================================

Image component sizes


      Code (inc. data)   RO Data    RW Data    ZI Data      Debug   Object Name

       294          0          4          0      15432       4847   board.o
       116          0          0          0          4       2734   clock.o
      2738        420        613          0          0      14220   cmd.o
       194          0         21          0          0       3722   components.o
       244         28          0          0          0        840   context_rvds.o
      1128        168        429          0         16       4486   cpuport.o
       898         44        213          0          0       5510   data_structure.o
       808        224          3          0          0       3419   esp01s.o
       300         56          0          6         24       3275   feeding.o
         0          0          0          0        216        559   globals.o
       156          0          0          0          0       1551   gpio.o
       164          0          0          0         84       4452   i2c.o
       142          8          0          0        376       3389   idle.o
       354          0          0          0          0       7129   ipc.o
        56          0          0          0          1       1209   irq.o
      4688        432        256          0        128      26481   kservice.o
      1930        240        419          0         28       9826   main.o
      1016        216         51          0         56       6213   mem.o
      1584         64        200          0          0       7321   msh.o
       366          0          0         48          0       7671   object.o
       806          0          0          0        276       6161   scheduler.o
      1364        218          9          0        153       6795   shell.o
        64         26        236          0       1536        808   startup_stm32f103xb.o
       122          0          0          8          4       5767   stm32f1xx_hal.o
       200          0          0          0          0       8525   stm32f1xx_hal_cortex.o
       248          0          0          0          0       8464   stm32f1xx_hal_dma.o
       564         22          0          0          0       4595   stm32f1xx_hal_gpio.o
       374          0          0          0          0      42577   stm32f1xx_hal_i2c.o
        66          0          0          0          0       1222   stm32f1xx_hal_msp.o
      1482          0         18          0          0       7697   stm32f1xx_hal_rcc.o
      2588          0          0          0          0      32356   stm32f1xx_hal_uart.o
        22          0          0          0          0       3489   stm32f1xx_it.o
       114          0         24          4          0       1647   system_stm32f1xx.o
      1050          0          0          0          0      10434   thread.o
         0          0          0          0         12       3364   timer.o
       878          8          0          0         12       9148   timer_1.o
       400          0          0          0        144       6179   usart.o

    ----------------------------------------------------------------------
     27648       2174       2528         68      18516     278082   Object Totals
         0          0         32          0          0          0   (incl. Generated)
       130          0          0          2         14          0   (incl. Padding)

    ----------------------------------------------------------------------

      Code (inc. data)   RO Data    RW Data    ZI Data      Debug   Library Member Name

        60          8          0          0          0         84   __0sscanf.o
        64          6          0          0          0         84   __2snprintf.o
        44          6          0          0          0         84   __2sprintf.o
         8          0          0          0          0         68   __main.o
       104          0          0          0          0         84   __printf.o
         0          0          0          0          0          0   __rtentry.o
        12          0          0          0          0          0   __rtentry2.o
         6          0          0          0          0          0   __rtentry4.o
        52          8          0          0          0          0   __scatter.o
        26          0          0          0          0          0   __scatter_copy.o
        28          0          0          0          0          0   __scatter_zi.o
        28          0          0          0          0         68   _chval.o
        44          0          0          0          0        108   _printf_char.o
        48          6          0          0          0         96   _printf_char_common.o
         6          0          0          0          0          0   _printf_d.o
       120         16          0          0          0         92   _printf_dec.o
       178          0          0          0          0         88   _printf_intcommon.o
         0          0          0          0          0          0   _printf_percent.o
         4          0          0          0          0          0   _printf_percent_end.o
         6          0          0          0          0          0   _printf_s.o
        82          0          0          0          0         80   _printf_str.o
       884          6          0          0          0        100   _scanf.o
       332          0          0          0          0         96   _scanf_int.o
       224          0          0          0          0         96   _scanf_str.o
        64          0          0          0          0         84   _sgetc.o
        16          0          0          0          0         68   _snputc.o
        10          0          0          0          0         68   _sputc.o
       158          0          0          0          0         92   _strtoul.o
        16          0          0          0          0         68   aeabi_memset.o
        26          0          0          0          0         80   atoi.o
        10          0          0          0          0         68   defsig_exit.o
        50          0          0          0          0         88   defsig_general.o
        80         58          0          0          0         76   defsig_rtmem_inner.o
        14          0          0          0          0         80   defsig_rtmem_outer.o
        18          0          0          0          0         80   exit.o
        94          0          0          0          0         80   h1_alloc.o
        52          0          0          0          0         68   h1_extend.o
        78          0          0          0          0         80   h1_free.o
        14          0          0          0          0         84   h1_init.o
       196          0          0          0          0         92   h1_realloc.o
         6          0          0          0          0        152   heapauxi.o
         4          0          0          0          0        136   hguard.o
         0          0          0          0          0          0   indicate_semi.o
       138          0          0          0          0        168   init_alloc.o
        18          0          0          0          0         76   isspace.o
        44         10        272          0          0         76   lc_ctype_c.o
         2          0          0          0          0          0   libinit.o
        28          0          0          0          0          0   libinit2.o
         2          0          0          0          0          0   libshutdown.o
         2          0          0          0          0          0   libshutdown2.o
         8          4          0          0         96         68   libspace.o
         0          0          0          0          0          0   maybetermalloc1.o
        16          4          0          0          0         76   rt_ctype_table.o
         8          4          0          0          0         68   rt_errno_addr_intlibspace.o
         8          4          0          0          0         68   rt_heap_descriptor_intlibspace.o
         8          4          0          0          0         68   rt_locale_intlibspace.o
        68          0          0          0          0         68   rt_memclr.o
        78          0          0          0          0         80   rt_memclr_w.o
       100          0          0          0          0         80   rt_memcpy_w.o
         2          0          0          0          0          0   rtexit.o
        10          0          0          0          0          0   rtexit2.o
        44          8          0          0          0         84   scanf_char.o
       128          0          0          0          0         68   strcmpv7m.o
        72          0          0          0          0         80   strcpy.o
        62          0          0          0          0         76   strlen.o
       150          0          0          0          0         80   strncmp.o
        86          0          0          0          0         76   strncpy.o
        36          0          0          0          0         80   strstr.o
       112          0          0          0          0         88   strtol.o
        12          4          0          0          0         68   sys_exit.o
        74          0          0          0          0         80   sys_stackheap_outer.o
        14          0          0          0          0         76   sys_wrch.o
         2          0          0          0          0         68   use_no_semi.o

    ----------------------------------------------------------------------
      4612        156        272          0         96       4592   Library Totals
        14          0          0          0          0          0   (incl. Padding)

    ----------------------------------------------------------------------

      Code (inc. data)   RO Data    RW Data    ZI Data      Debug   Library Name

      4598        156        272          0         96       4592   c_w.l

    ----------------------------------------------------------------------
      4612        156        272          0         96       4592   Library Totals

    ----------------------------------------------------------------------

==============================================================================


      Code (inc. data)   RO Data    RW Data    ZI Data      Debug   

     32260       2330       2800         68      18612     279326   Grand Totals
     32260       2330       2800         68      18612     279326   ELF Image Totals
     32260       2330       2800         68          0          0   ROM Totals

==============================================================================

    Total RO  Size (Code + RO Data)                35060 (  34.24kB)
    Total RW  Size (RW Data + ZI Data)             18680 (  18.24kB)
    Total ROM Size (Code + RO Data + RW Data)      35128 (  34.30kB)

==============================================================================

