<html>
<body>
<pre>
<h1>µVision Build Log</h1>
<h2>Tool Versions:</h2>
IDE-Version: ¦ÌVision V5.38.0.0
Copyright (C) 2022 ARM Ltd and ARM Germany GmbH. All rights reserved.
License Information:  ,  , LIC=----
 
Tool Versions:
Toolchain:       MDK-Lite  Version: 5.38.0.0
Toolchain Path:  D:\software\Keil\Core\ARM\ARMCLANG\Bin
C Compiler:      ArmClang.exe V6.19
Assembler:       Armasm.exe V6.19
Linker/Locator:  ArmLink.exe V6.19
Library Manager: ArmAr.exe V6.19
Hex Converter:   FromElf.exe V6.19
CPU DLL:         SARMCM3.DLL V5.38.0.0
Dialog DLL:      DCM.DLL V1.17.5.0
Target DLL:      STLink\ST-LINKIII-KEIL_SWO.dll V3.1.0.0
Dialog DLL:      TCM.DLL V1.56.4.0
 
<h2>Project:</h2>
d:\study\github\Automatic_feeding_system\feed_system_demo_1\MDK-ARM\feeding_system.uvprojx
Project File Date:  12/11/2023

<h2>Output:</h2>
*** Using Compiler 'V6.19', folder: 'D:\software\Keil\Core\ARM\ARMCLANG\Bin'
Rebuild target 'feeding_system'
compiling gpio.c...
assembling startup_stm32f103xb.s...
compiling stm32f1xx_it.c...
compiling i2c.c...
compiling stm32f1xx_hal_gpio_ex.c...
compiling stm32f1xx_hal_msp.c...
compiling usart.c...
../Core/Src/main.c(109): warning: cast to 'uint8_t *' (aka 'unsigned char *') from smaller integer type 'char' [-Wint-to-pointer-cast]
  HAL_UART_Receive_IT(&huart1, (uint8_t*)usart1_c, 1);
                               ^~~~~~~~~~~~~~~~~~
1 warning generated.
compiling main.c...
compiling stm32f1xx_hal_rcc_ex.c...
compiling stm32f1xx_hal_rcc.c...
compiling stm32f1xx_hal_cortex.c...
compiling stm32f1xx_hal_gpio.c...
compiling stm32f1xx_hal.c...
compiling stm32f1xx_hal_dma.c...
compiling stm32f1xx_hal_pwr.c...
compiling stm32f1xx_hal_tim_ex.c...
compiling stm32f1xx_hal_flash.c...
compiling stm32f1xx_hal_tim.c...
compiling system_stm32f1xx.c...
compiling stm32f1xx_hal_flash_ex.c...
compiling stm32f1xx_hal_exti.c...
compiling cpu.c...
compiling clock.c...
compiling idle.c...
compiling irq.c...
compiling components.c...
compiling ipc.c...
assembling context_rvds.S...
compiling mem.c...
compiling memheap.c...
compiling mempool.c...
compiling slab.c...
compiling object.c...
compiling scheduler.c...
compiling finsh_port.c...
compiling stm32f1xx_hal_i2c.c...
compiling timer.c...
compiling cpuport.c...
compiling stm32f1xx_hal_uart.c...
compiling thread.c...
compiling board.c...
compiling cmd.c...
compiling kservice.c...
compiling shell.c...
compiling msh.c...
linking...
Program Size: Code=22634 RO-data=1782 RW-data=60 ZI-data=5196  
FromELF: creating hex file...
"feeding_system\feeding_system.axf" - 0 Error(s), 1 Warning(s).

<h2>Software Packages used:</h2>

Package Vendor: ARM
                http://www.keil.com/pack/ARM.CMSIS.5.9.0.pack
                ARM.CMSIS.5.9.0
                CMSIS (Common Microcontroller Software Interface Standard)
   * Component: CORE Version: 5.6.0

Package Vendor: Keil
                http://www.keil.com/pack/Keil.STM32F1xx_DFP.2.3.0.pack
                Keil.STM32F1xx_DFP.2.3.0
                STMicroelectronics STM32F1 Series Device Support, Drivers and Examples

<h2>Collection of Component include folders:</h2>
  ./RTE/_feeding_system
  D:/software/Keil/Packs/ARM/CMSIS/5.9.0/CMSIS/Core/Include
  D:/software/Keil/Packs/Keil/STM32F1xx_DFP/2.3.0/Device/Include

<h2>Collection of Component Files used:</h2>

   * Component: ARM::CMSIS:CORE:5.6.0
      Include file:  CMSIS/Core/Include/tz_context.h
Build Time Elapsed:  00:00:03
</pre>
</body>
</html>
